#-----------------------------------------------------------
# Vivado v2025.1.1 (64-bit)
# SW Build 6233196 on Thu Sep 11 21:27:30 MDT 2025
# IP Build 6232796 on Fri Sep 12 01:46:16 MDT 2025
# SharedData Build 6233195 on Thu Sep 11 17:56:43 MDT 2025
# Start of session at: Tue Oct  6 20:59:33 2026
# Process ID         : 8144
# Current directory  : C:/Users/yamle/OneDrive/Desktop/Project4_NN_Complete_Pack/Project4_NN
# Command line       : vivado.exe -mode batch -source C:\Users\yamle\OneDrive\Desktop\Project4_NN_Complete_Pack\Project4_NN\Vivado\run_all.tcl -log C:\Users\yamle\OneDrive\Desktop\Project4_NN_Complete_Pack\Project4_NN\Results\vivado_batch.log -journal C:\Users\yamle\OneDrive\Desktop\Project4_NN_Complete_Pack\Project4_NN\Results\vivado_batch.jou
# Log file           : C:/Users/yamle/OneDrive/Desktop/Project4_NN_Complete_Pack/Project4_NN/Results/vivado_batch.log
# Journal file       : C:\Users\yamle\OneDrive\Desktop\Project4_NN_Complete_Pack\Project4_NN\Results\vivado_batch.jou
# Running On         : KARTIK-PC
# Platform           : Windows Server 2016 or Windows 10
# Operating System   : 26200
# Processor Detail   : 13th Gen Intel(R) Core(TM) i7-13650HX
# CPU Frequency      : 2803 MHz
# CPU Physical cores : 14
# CPU Logical cores  : 20
# Host memory        : 16873 MB
# Swap memory        : 25769 MB
# Total Virtual      : 42643 MB
# Available Virtual  : 14499 MB
#-----------------------------------------------------------
source {C:\Users\yamle\OneDrive\Desktop\Project4_NN_Complete_Pack\Project4_NN\Vivado\run_all.tcl}
# set nn_root [file normalize [file join [file dirname [info script]] ..]]
# set nn_results [file join $nn_root Results]
# file mkdir $nn_results
# set nn_pass [file join $nn_results simulation_pass.flag]
# set nn_success [file join $nn_results BUILD_SUCCESS.txt]
# set nn_failure [file join $nn_results BUILD_FAILED.txt]
# foreach nn_old [list $nn_pass $nn_success $nn_failure] {
#     if {[file exists $nn_old]} {file delete $nn_old}
# }
Scanning sources...
Finished scanning sources
WARNING: [Board 49-26] cannot add Board Part xilinx.com:ac701:part0:1.4 available at C:/Xilinx/2025.1.1/data/xhub/boards\XilinxBoardStore\boards\Xilinx\ac701\1.4\board.xml as part xc7a200tfbg676-2 specified in board_part file is either invalid or not available
WARNING: [Board 49-26] cannot add Board Part xilinx.com:emb-plus-vpr-4616:part0:1.0 available at C:/Xilinx/2025.1.1/data/xhub/boards\XilinxBoardStore\boards\Xilinx\emb-plus-vpr-4616\1.0\board.xml as part xcve2302-sfva784-2mp-e-s specified in board_part file is either invalid or not available
WARNING: [Board 49-26] cannot add Board Part xilinx.com:emb-plus-vpr-4616:part0:1.1 available at C:/Xilinx/2025.1.1/data/xhub/boards\XilinxBoardStore\boards\Xilinx\emb-plus-vpr-4616\1.1\board.xml as part xcve2302-sfva784-2mp-e-s specified in board_part file is either invalid or not available
WARNING: [Board 49-26] cannot add Board Part xilinx.com:k24c:part0:1.0 available at C:/Xilinx/2025.1.1/data/xhub/boards\XilinxBoardStore\boards\Xilinx\k24c\1.0\board.xml as part xck24-ubva530-2lv-c specified in board_part file is either invalid or not available
WARNING: [Board 49-26] cannot add Board Part xilinx.com:k24c:part0:1.1 available at C:/Xilinx/2025.1.1/data/xhub/boards\XilinxBoardStore\boards\Xilinx\k24c\1.1\board.xml as part xck24-ubva530-2lv-c specified in board_part file is either invalid or not available
WARNING: [Board 49-26] cannot add Board Part xilinx.com:k24i:part0:1.0 available at C:/Xilinx/2025.1.1/data/xhub/boards\XilinxBoardStore\boards\Xilinx\k24i\1.0\board.xml as part xck24-ubva530-2lvi-i specified in board_part file is either invalid or not available
WARNING: [Board 49-26] cannot add Board Part xilinx.com:k26c:part0:1.2 available at C:/Xilinx/2025.1.1/data/xhub/boards\XilinxBoardStore\boards\Xilinx\k26c\1.2\board.xml as part xck26-sfvc784-2lv-c specified in board_part file is either invalid or not available
WARNING: [Board 49-26] cannot add Board Part xilinx.com:k26c:part0:1.3 available at C:/Xilinx/2025.1.1/data/xhub/boards\XilinxBoardStore\boards\Xilinx\k26c\1.3\board.xml as part xck26-sfvc784-2lv-c specified in board_part file is either invalid or not available
WARNING: [Board 49-26] cannot add Board Part xilinx.com:k26c:part0:1.4 available at C:/Xilinx/2025.1.1/data/xhub/boards\XilinxBoardStore\boards\Xilinx\k26c\1.4\board.xml as part xck26-sfvc784-2lv-c specified in board_part file is either invalid or not available
WARNING: [Board 49-26] cannot add Board Part xilinx.com:k26i:part0:1.2 available at C:/Xilinx/2025.1.1/data/xhub/boards\XilinxBoardStore\boards\Xilinx\k26i\1.2\board.xml as part xck26-sfvc784-2lvi-i specified in board_part file is either invalid or not available
WARNING: [Board 49-26] cannot add Board Part xilinx.com:k26i:part0:1.3 available at C:/Xilinx/2025.1.1/data/xhub/boards\XilinxBoardStore\boards\Xilinx\k26i\1.3\board.xml as part xck26-sfvc784-2lvi-i specified in board_part file is either invalid or not available
WARNING: [Board 49-26] cannot add Board Part xilinx.com:k26i:part0:1.4 available at C:/Xilinx/2025.1.1/data/xhub/boards\XilinxBoardStore\boards\Xilinx\k26i\1.4\board.xml as part xck26-sfvc784-2lvi-i specified in board_part file is either invalid or not available
WARNING: [Board 49-26] cannot add Board Part xilinx.com:kc705:part0:1.6 available at C:/Xilinx/2025.1.1/data/xhub/boards\XilinxBoardStore\boards\Xilinx\kc705\1.6\board.xml as part xc7k325tffg900-2 specified in board_part file is either invalid or not available
WARNING: [Board 49-26] cannot add Board Part xilinx.com:kc705:part0:1.7 available at C:/Xilinx/2025.1.1/data/xhub/boards\XilinxBoardStore\boards\Xilinx\kc705\1.7\board.xml as part xc7k325tffg900-2 specified in board_part file is either invalid or not available
WARNING: [Board 49-26] cannot add Board Part xilinx.com:kcu105:part0:1.6 available at C:/Xilinx/2025.1.1/data/xhub/boards\XilinxBoardStore\boards\Xilinx\kcu105\1.6\board.xml as part xcku040-ffva1156-2-e specified in board_part file is either invalid or not available
WARNING: [Board 49-26] cannot add Board Part xilinx.com:kcu105:part0:1.7 available at C:/Xilinx/2025.1.1/data/xhub/boards\XilinxBoardStore\boards\Xilinx\kcu105\1.7\board.xml as part xcku040-ffva1156-2-e specified in board_part file is either invalid or not available
WARNING: [Board 49-26] cannot add Board Part xilinx.com:kcu116:part0:1.4 available at C:/Xilinx/2025.1.1/data/xhub/boards\XilinxBoardStore\boards\Xilinx\kcu116\1.4\board.xml as part xcku5p-ffvb676-2-e specified in board_part file is either invalid or not available
WARNING: [Board 49-26] cannot add Board Part xilinx.com:kcu116:part0:1.5 available at C:/Xilinx/2025.1.1/data/xhub/boards\XilinxBoardStore\boards\Xilinx\kcu116\1.5\board.xml as part xcku5p-ffvb676-2-e specified in board_part file is either invalid or not available
WARNING: [Board 49-26] cannot add Board Part xilinx.com:kcu1500:part0:1.2 available at C:/Xilinx/2025.1.1/data/xhub/boards\XilinxBoardStore\boards\Xilinx\kcu1500\1.2\board.xml as part xcku115-flvb2104-2-e specified in board_part file is either invalid or not available
WARNING: [Board 49-26] cannot add Board Part xilinx.com:kd240_som:part0:1.0 available at C:/Xilinx/2025.1.1/data/xhub/boards\XilinxBoardStore\boards\Xilinx\kd240_som\1.0\board.xml as part xck24-ubva530-2lv-c specified in board_part file is either invalid or not available
WARNING: [Board 49-26] cannot add Board Part xilinx.com:kd240_som:part0:1.1 available at C:/Xilinx/2025.1.1/data/xhub/boards\XilinxBoardStore\boards\Xilinx\kd240_som\1.1\board.xml as part xck24-ubva530-2lv-c specified in board_part file is either invalid or not available
WARNING: [Board 49-26] cannot add Board Part xilinx.com:kr260_som:part0:1.0 available at C:/Xilinx/2025.1.1/data/xhub/boards\XilinxBoardStore\boards\Xilinx\kr260_som\1.0\board.xml as part xck26-sfvc784-2lv-c specified in board_part file is either invalid or not available
WARNING: [Board 49-26] cannot add Board Part xilinx.com:kr260_som:part0:1.1 available at C:/Xilinx/2025.1.1/data/xhub/boards\XilinxBoardStore\boards\Xilinx\kr260_som\1.1\board.xml as part xck26-sfvc784-2lv-c specified in board_part file is either invalid or not available
WARNING: [Board 49-26] cannot add Board Part xilinx.com:kv260_som:part0:1.2 available at C:/Xilinx/2025.1.1/data/xhub/boards\XilinxBoardStore\boards\Xilinx\kv260_som\1.2\board.xml as part xck26-sfvc784-2lv-c specified in board_part file is either invalid or not available
WARNING: [Board 49-26] cannot add Board Part xilinx.com:kv260_som:part0:1.3 available at C:/Xilinx/2025.1.1/data/xhub/boards\XilinxBoardStore\boards\Xilinx\kv260_som\1.3\board.xml as part xck26-sfvc784-2lv-c specified in board_part file is either invalid or not available
WARNING: [Board 49-26] cannot add Board Part xilinx.com:kv260_som:part0:1.4 available at C:/Xilinx/2025.1.1/data/xhub/boards\XilinxBoardStore\boards\Xilinx\kv260_som\1.4\board.xml as part xck26-sfvc784-2lv-c specified in board_part file is either invalid or not available
WARNING: [Board 49-26] cannot add Board Part xilinx.com:scu35:part0:1.0 available at C:/Xilinx/2025.1.1/data/xhub/boards\XilinxBoardStore\boards\Xilinx\scu35\1.0\board.xml as part xcsu35p-sbvb625-2-e specified in board_part file is either invalid or not available
WARNING: [Board 49-26] cannot add Board Part xilinx.com:sp701:part0:1.0 available at C:/Xilinx/2025.1.1/data/xhub/boards\XilinxBoardStore\boards\Xilinx\sp701\1.0\board.xml as part xc7s100fgga676-2 specified in board_part file is either invalid or not available
WARNING: [Board 49-26] cannot add Board Part xilinx.com:sp701:part0:1.1 available at C:/Xilinx/2025.1.1/data/xhub/boards\XilinxBoardStore\boards\Xilinx\sp701\1.1\board.xml as part xc7s100fgga676-2 specified in board_part file is either invalid or not available
WARNING: [Board 49-26] cannot add Board Part xilinx.com:v80:part0:1.0 available at C:/Xilinx/2025.1.1/data/xhub/boards\XilinxBoardStore\boards\Xilinx\v80\1.0\board.xml as part xcv80-lsva4737-2mhp-e-s specified in board_part file is either invalid or not available
WARNING: [Board 49-26] cannot add Board Part xilinx.com:vc707:part0:1.4 available at C:/Xilinx/2025.1.1/data/xhub/boards\XilinxBoardStore\boards\Xilinx\vc707\1.4\board.xml as part xc7vx485tffg1761-2 specified in board_part file is either invalid or not available
WARNING: [Board 49-26] cannot add Board Part xilinx.com:vc707:part0:1.5 available at C:/Xilinx/2025.1.1/data/xhub/boards\XilinxBoardStore\boards\Xilinx\vc707\1.5\board.xml as part xc7vx485tffg1761-2 specified in board_part file is either invalid or not available
WARNING: [Board 49-26] cannot add Board Part xilinx.com:vc709:part0:1.8 available at C:/Xilinx/2025.1.1/data/xhub/boards\XilinxBoardStore\boards\Xilinx\vc709\1.8\board.xml as part xc7vx690tffg1761-2 specified in board_part file is either invalid or not available
WARNING: [Board 49-26] cannot add Board Part xilinx.com:vck190:part0:2.2 available at C:/Xilinx/2025.1.1/data/xhub/boards\XilinxBoardStore\boards\Xilinx\vck190\production\2.2\board.xml as part xcvc1902-vsva2197-2mp-e-s specified in board_part file is either invalid or not available
WARNING: [Board 49-26] cannot add Board Part xilinx.com:vck190:part0:3.0 available at C:/Xilinx/2025.1.1/data/xhub/boards\XilinxBoardStore\boards\Xilinx\vck190\production\3.0\board.xml as part xcvc1902-vsva2197-2mp-e-s specified in board_part file is either invalid or not available
WARNING: [Board 49-26] cannot add Board Part xilinx.com:vck190:part0:3.1 available at C:/Xilinx/2025.1.1/data/xhub/boards\XilinxBoardStore\boards\Xilinx\vck190\production\3.1\board.xml as part xcvc1902-vsva2197-2mp-e-s specified in board_part file is either invalid or not available
WARNING: [Board 49-26] cannot add Board Part xilinx.com:vck190:part0:3.2 available at C:/Xilinx/2025.1.1/data/xhub/boards\XilinxBoardStore\boards\Xilinx\vck190\production\3.2\board.xml as part xcvc1902-vsva2197-2mp-e-s specified in board_part file is either invalid or not available
WARNING: [Board 49-26] cannot add Board Part xilinx.com:vck190:part0:3.3 available at C:/Xilinx/2025.1.1/data/xhub/boards\XilinxBoardStore\boards\Xilinx\vck190\production\3.3\board.xml as part xcvc1902-vsva2197-2mp-e-s specified in board_part file is either invalid or not available
WARNING: [Board 49-26] cannot add Board Part xilinx.com:vck190:part0:3.4 available at C:/Xilinx/2025.1.1/data/xhub/boards\XilinxBoardStore\boards\Xilinx\vck190\production\3.4\board.xml as part xcvc1902-vsva2197-2mp-e-s specified in board_part file is either invalid or not available
WARNING: [Board 49-26] cannot add Board Part xilinx.com:vck190_newl:part0:1.0 available at C:/Xilinx/2025.1.1/data/xhub/boards\XilinxBoardStore\boards\Xilinx\vck190_newl\production\1.0\board.xml as part xcvc1902-vsva2197-2mp-e-s specified in board_part file is either invalid or not available
WARNING: [Board 49-26] cannot add Board Part xilinx.com:vck190_newl:part0:1.1 available at C:/Xilinx/2025.1.1/data/xhub/boards\XilinxBoardStore\boards\Xilinx\vck190_newl\production\1.1\board.xml as part xcvc1902-vsva2197-2mp-e-s specified in board_part file is either invalid or not available
WARNING: [Board 49-26] cannot add Board Part xilinx.com:vck190_newl:part0:1.2 available at C:/Xilinx/2025.1.1/data/xhub/boards\XilinxBoardStore\boards\Xilinx\vck190_newl\production\1.2\board.xml as part xcvc1902-vsva2197-2mp-e-s specified in board_part file is either invalid or not available
WARNING: [Board 49-26] cannot add Board Part xilinx.com:vck190_newl:part0:1.3 available at C:/Xilinx/2025.1.1/data/xhub/boards\XilinxBoardStore\boards\Xilinx\vck190_newl\production\1.3\board.xml as part xcvc1902-vsva2197-2mp-e-s specified in board_part file is either invalid or not available
WARNING: [Board 49-26] cannot add Board Part xilinx.com:vcu108:part0:1.6 available at C:/Xilinx/2025.1.1/data/xhub/boards\XilinxBoardStore\boards\Xilinx\vcu108\1.6\board.xml as part xcvu095-ffva2104-2-e specified in board_part file is either invalid or not available
WARNING: [Board 49-26] cannot add Board Part xilinx.com:vcu108:part0:1.7 available at C:/Xilinx/2025.1.1/data/xhub/boards\XilinxBoardStore\boards\Xilinx\vcu108\1.7\board.xml as part xcvu095-ffva2104-2-e specified in board_part file is either invalid or not available
WARNING: [Board 49-26] cannot add Board Part xilinx.com:vcu110:part0:1.4 available at C:/Xilinx/2025.1.1/data/xhub/boards\XilinxBoardStore\boards\Xilinx\vcu110\1.4\board.xml as part xcvu190-flgc2104-2-e specified in board_part file is either invalid or not available
WARNING: [Board 49-26] cannot add Board Part xilinx.com:vcu118:part0:2.0 available at C:/Xilinx/2025.1.1/data/xhub/boards\XilinxBoardStore\boards\Xilinx\vcu118\2.0\board.xml as part xcvu9p-flga2104-2l-e specified in board_part file is either invalid or not available
WARNING: [Board 49-26] cannot add Board Part xilinx.com:vcu118:part0:2.3 available at C:/Xilinx/2025.1.1/data/xhub/boards\XilinxBoardStore\boards\Xilinx\vcu118\2.3\board.xml as part xcvu9p-flga2104-2l-e specified in board_part file is either invalid or not available
WARNING: [Board 49-26] cannot add Board Part xilinx.com:vcu118:part0:2.4 available at C:/Xilinx/2025.1.1/data/xhub/boards\XilinxBoardStore\boards\Xilinx\vcu118\2.4\board.xml as part xcvu9p-flga2104-2l-e specified in board_part file is either invalid or not available
WARNING: [Board 49-26] cannot add Board Part xilinx.com:vcu128:part0:1.0 available at C:/Xilinx/2025.1.1/data/xhub/boards\XilinxBoardStore\boards\Xilinx\vcu128\production\1.0\board.xml as part xcvu37p-fsvh2892-2l-e specified in board_part file is either invalid or not available
WARNING: [Board 49-26] cannot add Board Part xilinx.com:vcu129:part0:1.0 available at C:/Xilinx/2025.1.1/data/xhub/boards\XilinxBoardStore\boards\Xilinx\vcu129\production\1.0\board.xml as part xcvu29p-fsga2577-2l-e specified in board_part file is either invalid or not available
WARNING: [Board 49-26] cannot add Board Part xilinx.com:vcu1525:part0:1.3 available at C:/Xilinx/2025.1.1/data/xhub/boards\XilinxBoardStore\boards\Xilinx\vcu1525\1.3\board.xml as part xcvu9p-fsgd2104-2l-e specified in board_part file is either invalid or not available
WARNING: [Board 49-26] cannot add Board Part xilinx.com:vek280:part0:1.0 available at C:/Xilinx/2025.1.1/data/xhub/boards\XilinxBoardStore\boards\Xilinx\vek280\production\1.0\board.xml as part xcve2802-vsvh1760-2mp-e-s specified in board_part file is either invalid or not available
WARNING: [Board 49-26] cannot add Board Part xilinx.com:vek280:part0:1.1 available at C:/Xilinx/2025.1.1/data/xhub/boards\XilinxBoardStore\boards\Xilinx\vek280\production\1.1\board.xml as part xcve2802-vsvh1760-2mp-e-s specified in board_part file is either invalid or not available
WARNING: [Board 49-26] cannot add Board Part xilinx.com:vek280:part0:1.2 available at C:/Xilinx/2025.1.1/data/xhub/boards\XilinxBoardStore\boards\Xilinx\vek280\production\1.2\board.xml as part xcve2802-vsvh1760-2mp-e-s specified in board_part file is either invalid or not available
WARNING: [Board 49-26] cannot add Board Part xilinx.com:vek385:part0:1.0 available at C:/Xilinx/2025.1.1/data/xhub/boards\XilinxBoardStore\boards\Xilinx\vek385\1.0\board.xml as part xc2ve3858-ssva2112-2mp-e-s specified in board_part file is either invalid or not available
WARNING: [Board 49-26] cannot add Board Part xilinx.com:vermeo_t1_mpsoc:part0:1.0 available at C:/Xilinx/2025.1.1/data/xhub/boards\XilinxBoardStore\boards\Xilinx\vermeo_t1_mpsoc\1.0\board.xml as part xczu19eg-ffvd1760-2l-e specified in board_part file is either invalid or not available
WARNING: [Board 49-26] cannot add Board Part xilinx.com:vermeo_t1_rfsoc:part0:1.0 available at C:/Xilinx/2025.1.1/data/xhub/boards\XilinxBoardStore\boards\Xilinx\vermeo_t1_rfsoc\1.0\board.xml as part xczu21dr-ffvd1156-2l-e specified in board_part file is either invalid or not available
WARNING: [Board 49-26] cannot add Board Part xilinx.com:vhk158:part0:1.0 available at C:/Xilinx/2025.1.1/data/xhub/boards\XilinxBoardStore\boards\Xilinx\vhk158\production\1.0\board.xml as part xcvh1582-vsva3697-2mp-e-s specified in board_part file is either invalid or not available
WARNING: [Board 49-26] cannot add Board Part xilinx.com:vhk158:part0:1.1 available at C:/Xilinx/2025.1.1/data/xhub/boards\XilinxBoardStore\boards\Xilinx\vhk158\production\1.1\board.xml as part xcvh1582-vsva3697-2mp-e-s specified in board_part file is either invalid or not available
WARNING: [Board 49-26] cannot add Board Part xilinx.com:vhk158:part0:1.2 available at C:/Xilinx/2025.1.1/data/xhub/boards\XilinxBoardStore\boards\Xilinx\vhk158\production\1.2\board.xml as part xcvh1582-vsva3697-2mp-e-s specified in board_part file is either invalid or not available
WARNING: [Board 49-26] cannot add Board Part xilinx.com:vmk180:part0:2.2 available at C:/Xilinx/2025.1.1/data/xhub/boards\XilinxBoardStore\boards\Xilinx\vmk180\production\2.2\board.xml as part xcvm1802-vsva2197-2mp-e-s specified in board_part file is either invalid or not available
WARNING: [Board 49-26] cannot add Board Part xilinx.com:vmk180:part0:3.0 available at C:/Xilinx/2025.1.1/data/xhub/boards\XilinxBoardStore\boards\Xilinx\vmk180\production\3.0\board.xml as part xcvm1802-vsva2197-2mp-e-s specified in board_part file is either invalid or not available
WARNING: [Board 49-26] cannot add Board Part xilinx.com:vmk180:part0:3.1 available at C:/Xilinx/2025.1.1/data/xhub/boards\XilinxBoardStore\boards\Xilinx\vmk180\production\3.1\board.xml as part xcvm1802-vsva2197-2mp-e-s specified in board_part file is either invalid or not available
WARNING: [Board 49-26] cannot add Board Part xilinx.com:vmk180:part0:3.2 available at C:/Xilinx/2025.1.1/data/xhub/boards\XilinxBoardStore\boards\Xilinx\vmk180\production\3.2\board.xml as part xcvm1802-vsva2197-2mp-e-s specified in board_part file is either invalid or not available
WARNING: [Board 49-26] cannot add Board Part xilinx.com:vmk180:part0:3.3 available at C:/Xilinx/2025.1.1/data/xhub/boards\XilinxBoardStore\boards\Xilinx\vmk180\production\3.3\board.xml as part xcvm1802-vsva2197-2mp-e-s specified in board_part file is either invalid or not available
WARNING: [Board 49-26] cannot add Board Part xilinx.com:vmk180_newl:part0:1.0 available at C:/Xilinx/2025.1.1/data/xhub/boards\XilinxBoardStore\boards\Xilinx\vmk180_newl\production\1.0\board.xml as part xcvm1802-vsva2197-2mp-e-s specified in board_part file is either invalid or not available
WARNING: [Board 49-26] cannot add Board Part xilinx.com:vmk180_newl:part0:1.1 available at C:/Xilinx/2025.1.1/data/xhub/boards\XilinxBoardStore\boards\Xilinx\vmk180_newl\production\1.1\board.xml as part xcvm1802-vsva2197-2mp-e-s specified in board_part file is either invalid or not available
WARNING: [Board 49-26] cannot add Board Part xilinx.com:vpk120:part0:1.0 available at C:/Xilinx/2025.1.1/data/xhub/boards\XilinxBoardStore\boards\Xilinx\vpk120\production\1.0\board.xml as part xcvp1202-vsva2785-2mp-e-s specified in board_part file is either invalid or not available
WARNING: [Board 49-26] cannot add Board Part xilinx.com:vpk120:part0:1.1 available at C:/Xilinx/2025.1.1/data/xhub/boards\XilinxBoardStore\boards\Xilinx\vpk120\production\1.1\board.xml as part xcvp1202-vsva2785-2mp-e-s specified in board_part file is either invalid or not available
WARNING: [Board 49-26] cannot add Board Part xilinx.com:vpk120:part0:1.2 available at C:/Xilinx/2025.1.1/data/xhub/boards\XilinxBoardStore\boards\Xilinx\vpk120\production\1.2\board.xml as part xcvp1202-vsva2785-2mp-e-s specified in board_part file is either invalid or not available
WARNING: [Board 49-26] cannot add Board Part xilinx.com:vpk180:part0:1.0 available at C:/Xilinx/2025.1.1/data/xhub/boards\XilinxBoardStore\boards\Xilinx\vpk180\production\1.0\board.xml as part xcvp1802-lsvc4072-2mp-e-s specified in board_part file is either invalid or not available
WARNING: [Board 49-26] cannot add Board Part xilinx.com:vpk180:part0:1.1 available at C:/Xilinx/2025.1.1/data/xhub/boards\XilinxBoardStore\boards\Xilinx\vpk180\production\1.1\board.xml as part xcvp1802-lsvc4072-2mp-e-s specified in board_part file is either invalid or not available
WARNING: [Board 49-26] cannot add Board Part xilinx.com:vpk180:part0:1.2 available at C:/Xilinx/2025.1.1/data/xhub/boards\XilinxBoardStore\boards\Xilinx\vpk180\production\1.2\board.xml as part xcvp1802-lsvc4072-2mp-e-s specified in board_part file is either invalid or not available
WARNING: [Board 49-26] cannot add Board Part xilinx.com:vrk160:part0:1.0 available at C:/Xilinx/2025.1.1/data/xhub/boards\XilinxBoardStore\boards\Xilinx\vrk160\1.0\board.xml as part xcvr1602-vsva2488-2mp-e-s-es1 specified in board_part file is either invalid or not available
WARNING: [Board 49-26] cannot add Board Part xilinx.com:zcu102:part0:3.3 available at C:/Xilinx/2025.1.1/data/xhub/boards\XilinxBoardStore\boards\Xilinx\zcu102\3.3\board.xml as part xczu9eg-ffvb1156-2-e specified in board_part file is either invalid or not available
WARNING: [Board 49-26] cannot add Board Part xilinx.com:zcu102:part0:3.4 available at C:/Xilinx/2025.1.1/data/xhub/boards\XilinxBoardStore\boards\Xilinx\zcu102\3.4\board.xml as part xczu9eg-ffvb1156-2-e specified in board_part file is either invalid or not available
WARNING: [Board 49-26] cannot add Board Part xilinx.com:zcu104:part0:1.1 available at C:/Xilinx/2025.1.1/data/xhub/boards\XilinxBoardStore\boards\Xilinx\zcu104\1.1\board.xml as part xczu7ev-ffvc1156-2-e specified in board_part file is either invalid or not available
WARNING: [Board 49-26] cannot add Board Part xilinx.com:zcu106:part0:2.4 available at C:/Xilinx/2025.1.1/data/xhub/boards\XilinxBoardStore\boards\Xilinx\zcu106\2.4\board.xml as part xczu7ev-ffvc1156-2-e specified in board_part file is either invalid or not available
WARNING: [Board 49-26] cannot add Board Part xilinx.com:zcu106:part0:2.5 available at C:/Xilinx/2025.1.1/data/xhub/boards\XilinxBoardStore\boards\Xilinx\zcu106\2.5\board.xml as part xczu7ev-ffvc1156-2-e specified in board_part file is either invalid or not available
WARNING: [Board 49-26] cannot add Board Part xilinx.com:zcu106:part0:2.6 available at C:/Xilinx/2025.1.1/data/xhub/boards\XilinxBoardStore\boards\Xilinx\zcu106\2.6\board.xml as part xczu7ev-ffvc1156-2-e specified in board_part file is either invalid or not available
WARNING: [Board 49-26] cannot add Board Part xilinx.com:zcu111:part0:1.2 available at C:/Xilinx/2025.1.1/data/xhub/boards\XilinxBoardStore\boards\Xilinx\zcu111\1.2\board.xml as part xczu28dr-ffvg1517-2-e specified in board_part file is either invalid or not available
WARNING: [Board 49-26] cannot add Board Part xilinx.com:zcu111:part0:1.3 available at C:/Xilinx/2025.1.1/data/xhub/boards\XilinxBoardStore\boards\Xilinx\zcu111\1.3\board.xml as part xczu28dr-ffvg1517-2-e specified in board_part file is either invalid or not available
WARNING: [Board 49-26] cannot add Board Part xilinx.com:zcu111:part0:1.4 available at C:/Xilinx/2025.1.1/data/xhub/boards\XilinxBoardStore\boards\Xilinx\zcu111\1.4\board.xml as part xczu28dr-ffvg1517-2-e specified in board_part file is either invalid or not available
WARNING: [Board 49-26] cannot add Board Part xilinx.com:zcu1275:part0:1.0 available at C:/Xilinx/2025.1.1/data/xhub/boards\XilinxBoardStore\boards\Xilinx\zcu1275\1.0\board.xml as part xczu29dr-ffvf1760-2-e specified in board_part file is either invalid or not available
WARNING: [Board 49-26] cannot add Board Part xilinx.com:zcu1285:part0:1.0 available at C:/Xilinx/2025.1.1/data/xhub/boards\XilinxBoardStore\boards\Xilinx\zcu1285\1.0\board.xml as part xczu39dr-ffvf1760-2-i specified in board_part file is either invalid or not available
WARNING: [Board 49-26] cannot add Board Part xilinx.com:zcu208:part0:2.0 available at C:/Xilinx/2025.1.1/data/xhub/boards\XilinxBoardStore\boards\Xilinx\zcu208\production\2.0\board.xml as part xczu48dr-fsvg1517-2-e specified in board_part file is either invalid or not available
WARNING: [Board 49-26] cannot add Board Part xilinx.com:zcu208ld:part0:2.0 available at C:/Xilinx/2025.1.1/data/xhub/boards\XilinxBoardStore\boards\Xilinx\zcu208ld\production\2.0\board.xml as part xczu58dr-fsvg1517-2-i specified in board_part file is either invalid or not available
WARNING: [Board 49-26] cannot add Board Part xilinx.com:zcu216:part0:2.0 available at C:/Xilinx/2025.1.1/data/xhub/boards\XilinxBoardStore\boards\Xilinx\zcu216\production\2.0\board.xml as part xczu49dr-ffvf1760-2-e specified in board_part file is either invalid or not available
WARNING: [Board 49-26] cannot add Board Part xilinx.com:zcu216ld:part0:2.0 available at C:/Xilinx/2025.1.1/data/xhub/boards\XilinxBoardStore\boards\Xilinx\zcu216ld\production\2.0\board.xml as part xczu59dr-ffvf1760-2-i specified in board_part file is either invalid or not available
WARNING: [Board 49-26] cannot add Board Part xilinx.com:zcu670:part0:2.0 available at C:/Xilinx/2025.1.1/data/xhub/boards\XilinxBoardStore\boards\Xilinx\zcu670\2.0\board.xml as part xczu67dr-fsve1156-2-i specified in board_part file is either invalid or not available
WARNING: [Board 49-26] cannot add Board Part xilinx.com:zcu670ld:part0:1.0 available at C:/Xilinx/2025.1.1/data/xhub/boards\XilinxBoardStore\boards\Xilinx\zcu670ld\1.0\board.xml as part xczu57dr-fsve1156-2-i specified in board_part file is either invalid or not available
WARNING: [Project 1-5713] Board part '' set for the project  is not found. BoardPart property will be unset. Please select board from latest repo build 
INFO: [IP_Flow 19-234] Refreshing IP repositories
INFO: [IP_Flow 19-1704] No user IP repositories specified
INFO: [IP_Flow 19-2313] Loaded Vivado IP repository 'C:/Xilinx/2025.1.1/Vivado/data/ip'.
PROJECT4: Running all HDL checks before synthesis.
Command: launch_simulation  -simset sim_1 -mode behavioral
INFO: [Vivado 12-12493] Simulation top is 'tb_nn'
INFO: [Vivado 12-5698] Checking validity of IPs in the design for the 'XSim' simulator...
INFO: [Vivado 12-5682] Launching behavioral simulation in 'C:/Users/yamle/OneDrive/Desktop/Project4_NN_Complete_Pack/Project4_NN/build/NN_Inference.sim/sim_1/behav/xsim'
INFO: [Vivado 12-4795] Using compiled simulation libraries for IPs
INFO: [SIM-utils-51] Simulation object is 'sim_1'
INFO: [SIM-utils-72] Using boost library from 'C:/Xilinx/2025.1.1/Vivado/tps/boost_1_72_0'
INFO: [USF-XSim-7] Finding pre-compiled libraries...
INFO: [USF-XSim-11] File 'C:/Xilinx/2025.1.1/Vivado/data/xsim/xsim.ini' copied to run dir:'C:/Users/yamle/OneDrive/Desktop/Project4_NN_Complete_Pack/Project4_NN/build/NN_Inference.sim/sim_1/behav/xsim'
INFO: [SIM-utils-54] Inspecting design source files for 'tb_nn' in fileset 'sim_1'...
INFO: [SIM-utils-43] Exported 'C:/Users/yamle/OneDrive/Desktop/Project4_NN_Complete_Pack/Project4_NN/build/NN_Inference.sim/sim_1/behav/xsim/golden_vectors.mem'
INFO: [SIM-utils-43] Exported 'C:/Users/yamle/OneDrive/Desktop/Project4_NN_Complete_Pack/Project4_NN/build/NN_Inference.sim/sim_1/behav/xsim/golden_vectors.mem'
INFO: [USF-XSim-97] Finding global include files...
INFO: [USF-XSim-98] Fetching design files from 'sim_1'...
INFO: [USF-XSim-2] XSim::Compile design
INFO: [USF-XSim-61] Executing 'COMPILE and ANALYZE' step in 'C:/Users/yamle/OneDrive/Desktop/Project4_NN_Complete_Pack/Project4_NN/build/NN_Inference.sim/sim_1/behav/xsim'
"xvlog --incr --relax -L uvm -prj tb_nn_vlog.prj"
INFO: [VRFC 10-2263] Analyzing SystemVerilog file "C:/Users/yamle/OneDrive/Desktop/Project4_NN_Complete_Pack/Project4_NN/RTL/nn_demo_controller.sv" into library xil_defaultlib
INFO: [VRFC 10-311] analyzing module nn_demo_controller
INFO: [VRFC 10-2263] Analyzing SystemVerilog file "C:/Users/yamle/OneDrive/Desktop/Project4_NN_Complete_Pack/Project4_NN/RTL/nn_parallel.sv" into library xil_defaultlib
INFO: [VRFC 10-311] analyzing module nn_parallel
INFO: [VRFC 10-2263] Analyzing SystemVerilog file "C:/Users/yamle/OneDrive/Desktop/Project4_NN_Complete_Pack/Project4_NN/RTL/nn_serial.sv" into library xil_defaultlib
INFO: [VRFC 10-311] analyzing module nn_serial
INFO: [VRFC 10-2263] Analyzing SystemVerilog file "C:/Users/yamle/OneDrive/Desktop/Project4_NN_Complete_Pack/Project4_NN/Testbench/tb_nn.sv" into library xil_defaultlib
INFO: [VRFC 10-311] analyzing module tb_nn
INFO: [USF-XSim-69] 'compile' step finished in '3' seconds
INFO: [USF-XSim-3] XSim::Elaborate design
INFO: [USF-XSim-61] Executing 'ELABORATE' step in 'C:/Users/yamle/OneDrive/Desktop/Project4_NN_Complete_Pack/Project4_NN/build/NN_Inference.sim/sim_1/behav/xsim'
"xelab --incr --debug typical --relax --mt 2 -generic_top "GOLDEN_FILE="C:/Users/yamle/OneDrive/Desktop/Project4_NN_Complete_Pack/Project4_NN/Data/golden_vectors.mem"" -generic_top "PASS_FILE="C:/Users/yamle/OneDrive/Desktop/Project4_NN_Complete_Pack/Project4_NN/Results/simulation_pass.flag"" -L xil_defaultlib -L uvm -L unisims_ver -L unimacro_ver -L secureip -L xpm --snapshot tb_nn_behav xil_defaultlib.tb_nn xil_defaultlib.glbl -log elaborate.log"
Vivado Simulator v2025.1.1
Copyright 1986-2022 Xilinx, Inc. All Rights Reserved.
Copyright 2022-2025 Advanced Micro Devices, Inc. All Rights Reserved.
Running: C:/Xilinx/2025.1.1/Vivado/bin/unwrapped/win64.o/xelab.exe --incr --debug typical --relax --mt 2 -generic_top GOLDEN_FILE=C:/Users/yamle/OneDrive/Desktop/Project4_NN_Complete_Pack/Project4_NN/Data/golden_vectors.mem -generic_top PASS_FILE=C:/Users/yamle/OneDrive/Desktop/Project4_NN_Complete_Pack/Project4_NN/Results/simulation_pass.flag -L xil_defaultlib -L uvm -L unisims_ver -L unimacro_ver -L secureip -L xpm --snapshot tb_nn_behav xil_defaultlib.tb_nn xil_defaultlib.glbl -log elaborate.log 
Using 2 slave threads.
Starting static elaboration
Pass Through NonSizing Optimizer
WARNING: [VRFC 10-3532] module 'glbl' does not have a parameter named 'GOLDEN_FILE' to override [C:/Users/yamle/OneDrive/Desktop/Project4_NN_Complete_Pack/Project4_NN/build/NN_Inference.sim/sim_1/behav/xsim/glbl.v:6]
Completed static elaboration
Starting simulation data flow analysis
Completed simulation data flow analysis
Time Resolution for simulation is 1ps
Compiling module xil_defaultlib.nn_parallel
Compiling module xil_defaultlib.nn_serial
Compiling module xil_defaultlib.nn_demo_controller
Compiling module xil_defaultlib.tb_nn(GOLDEN_FILE="C:/Users/yaml...
Compiling module xil_defaultlib.glbl
Built simulation snapshot tb_nn_behav
INFO: [USF-XSim-69] 'elaborate' step finished in '4' seconds
INFO: [USF-XSim-4] XSim::Simulate design
INFO: [USF-XSim-61] Executing 'SIMULATE' step in 'C:/Users/yamle/OneDrive/Desktop/Project4_NN_Complete_Pack/Project4_NN/build/NN_Inference.sim/sim_1/behav/xsim'
INFO: [USF-XSim-98] *** Running xsim
   with args "tb_nn_behav -key {Behavioral:sim_1:Functional:tb_nn} -tclbatch {tb_nn.tcl} -log {simulate.log}"
INFO: [USF-XSim-8] Loading simulator feature
Time resolution is 1 ps
source tb_nn.tcl
WARNING: [Wavedata 42-489] Can't add object "/\tb_nn(GOLDEN_FILE="C:/Users/yamle/OneDrive/Desktop/Project4_NN_Complete_Pack/Project4_NN/Data/golden_vectors.mem",PASS_FILE="C:/Users/yamle/OneDrive/Desktop/Project4_NN_Complete_Pack/Project4_NN/Results/simulation_pass.flag") /golden" to the wave window because it has 585260 bits, which exceeds the display limit of 65536 bits.  To change the display limit, use the command "set_property display_limit <new limit> [current_wave_config]".
WARNING: [Wavedata 42-489] Can't add object "/\tb_nn(GOLDEN_FILE="C:/Users/yamle/OneDrive/Desktop/Project4_NN_Complete_Pack/Project4_NN/Data/golden_vectors.mem",PASS_FILE="C:/Users/yamle/OneDrive/Desktop/Project4_NN_Complete_Pack/Project4_NN/Results/simulation_pass.flag") /acceptance_cycle" to the wave window because it has 144064 bits, which exceeds the display limit of 65536 bits.  To change the display limit, use the command "set_property display_limit <new limit> [current_wave_config]".
PASS reset abort/recovery, argmax ties, ReLU saturation
PASS parallel: 4502 vectors, full-rate bursts + bubbles, latency=4 periods
PASS wrapper: 150 Iris samples, held toggle, busy rejection, reset abort, counters
PASS serial: 4502 vectors, input latching, latency=36 periods
ALL TESTS PASSED
$finish called at time : 3421600 ns : File "C:/Users/yamle/OneDrive/Desktop/Project4_NN_Complete_Pack/Project4_NN/Testbench/tb_nn.sv" Line 169
INFO: [USF-XSim-96] XSim completed. Design snapshot 'tb_nn_behav' loaded.
INFO: [USF-XSim-97] XSim simulation ran for 4ms
launch_simulation: Time (s): cpu = 00:00:00 ; elapsed = 00:00:13 . Memory (MB): peak = 528.348 ; gain = 34.082
INFO: [Simtcl 6-16] Simulation closed
INFO: [Project 1-1160] Copying file C:/Users/yamle/OneDrive/Desktop/Project4_NN_Complete_Pack/Project4_NN/build/NN_Inference.runs/synth_1/nn_board_top.dcp to C:/Users/yamle/OneDrive/Desktop/Project4_NN_Complete_Pack/Project4_NN/build/NN_Inference.srcs/utils_1/imports/synth_1 and adding it to utils fileset
PROJECT4: HDL checks passed. Building with two worker jobs.
[Tue Oct  6 20:59:53 2026] Launched synth_1...
Run output will be captured here: C:/Users/yamle/OneDrive/Desktop/Project4_NN_Complete_Pack/Project4_NN/build/NN_Inference.runs/synth_1/runme.log
[Tue Oct  6 20:59:53 2026] Launched impl_1...
Run output will be captured here: C:/Users/yamle/OneDrive/Desktop/Project4_NN_Complete_Pack/Project4_NN/build/NN_Inference.runs/impl_1/runme.log
[Tue Oct  6 20:59:53 2026] Waiting for impl_1 to finish...

*** Running vivado
    with args -log nn_board_top.vdi -applog -m64 -product Vivado -messageDb vivado.pb -mode batch -source nn_board_top.tcl -notrace



****** Vivado v2025.1.1 (64-bit)
  **** SW Build 6233196 on Thu Sep 11 21:27:30 MDT 2025
  **** IP Build 6232796 on Fri Sep 12 01:46:16 MDT 2025
  **** SharedData Build 6233195 on Thu Sep 11 17:56:43 MDT 2025
  **** Start of session at: Tue Oct  6 21:00:37 2026
    ** Copyright 1986-2022 Xilinx, Inc. All Rights Reserved.
    ** Copyright 2022-2025 Advanced Micro Devices, Inc. All Rights Reserved.

source nn_board_top.tcl -notrace
create_project: Time (s): cpu = 00:00:17 ; elapsed = 00:00:17 . Memory (MB): peak = 487.871 ; gain = 215.035
Command: link_design -top nn_board_top -part xc7z020clg400-1
Design is defaulting to srcset: sources_1
Design is defaulting to constrset: constrs_1
INFO: [Device 21-403] Loading part xc7z020clg400-1
INFO: [Project 1-5699] Read binary netlist with skipMacroContent - 1
INFO: [Project 1-454] Reading design checkpoint 'c:/Users/yamle/OneDrive/Desktop/Project4_NN_Complete_Pack/Project4_NN/build/NN_Inference.gen/sources_1/ip/nn_clk/nn_clk.dcp' for cell 'u_clock'
INFO: [Project 1-454] Reading design checkpoint 'c:/Users/yamle/OneDrive/Desktop/Project4_NN_Complete_Pack/Project4_NN/build/NN_Inference.gen/sources_1/ip/nn_vio/nn_vio.dcp' for cell 'u_vio'
Netlist sorting complete. Time (s): cpu = 00:00:00 ; elapsed = 00:00:00.085 . Memory (MB): peak = 757.285 ; gain = 0.000
INFO: [Netlist 29-17] Analyzing 164 Unisim elements for replacement
INFO: [Netlist 29-28] Unisim Transformation completed in 1 CPU seconds
INFO: [Project 1-479] Netlist was created with Vivado 2025.1.1
INFO: [Project 1-570] Preparing netlist for logic optimization
INFO: [Chipscope 16-324] Core: u_vio UUID: 407d14e8-1cc9-58ef-8c2e-354d7bf170fd 
Parsing XDC File [c:/Users/yamle/OneDrive/Desktop/Project4_NN_Complete_Pack/Project4_NN/build/NN_Inference.gen/sources_1/ip/nn_clk/nn_clk_board.xdc] for cell 'u_clock/inst'
Finished Parsing XDC File [c:/Users/yamle/OneDrive/Desktop/Project4_NN_Complete_Pack/Project4_NN/build/NN_Inference.gen/sources_1/ip/nn_clk/nn_clk_board.xdc] for cell 'u_clock/inst'
Parsing XDC File [c:/Users/yamle/OneDrive/Desktop/Project4_NN_Complete_Pack/Project4_NN/build/NN_Inference.gen/sources_1/ip/nn_clk/nn_clk.xdc] for cell 'u_clock/inst'
INFO: [Timing 38-35] Done setting XDC timing constraints. [c:/Users/yamle/OneDrive/Desktop/Project4_NN_Complete_Pack/Project4_NN/build/NN_Inference.gen/sources_1/ip/nn_clk/nn_clk.xdc:54]
INFO: [Timing 38-2] Deriving generated clocks [c:/Users/yamle/OneDrive/Desktop/Project4_NN_Complete_Pack/Project4_NN/build/NN_Inference.gen/sources_1/ip/nn_clk/nn_clk.xdc:54]
get_clocks: Time (s): cpu = 00:00:25 ; elapsed = 00:00:27 . Memory (MB): peak = 1464.863 ; gain = 576.449
Finished Parsing XDC File [c:/Users/yamle/OneDrive/Desktop/Project4_NN_Complete_Pack/Project4_NN/build/NN_Inference.gen/sources_1/ip/nn_clk/nn_clk.xdc] for cell 'u_clock/inst'
Parsing XDC File [c:/Users/yamle/OneDrive/Desktop/Project4_NN_Complete_Pack/Project4_NN/build/NN_Inference.gen/sources_1/ip/nn_vio/nn_vio.xdc] for cell 'u_vio'
Finished Parsing XDC File [c:/Users/yamle/OneDrive/Desktop/Project4_NN_Complete_Pack/Project4_NN/build/NN_Inference.gen/sources_1/ip/nn_vio/nn_vio.xdc] for cell 'u_vio'
Parsing XDC File [C:/Users/yamle/OneDrive/Desktop/Project4_NN_Complete_Pack/Project4_NN/RTL/pynq_z2.xdc]
Finished Parsing XDC File [C:/Users/yamle/OneDrive/Desktop/Project4_NN_Complete_Pack/Project4_NN/RTL/pynq_z2.xdc]
INFO: [Opt 31-138] Pushed 0 inverter(s) to 0 load pin(s).
Netlist sorting complete. Time (s): cpu = 00:00:00 ; elapsed = 00:00:00.005 . Memory (MB): peak = 1464.863 ; gain = 0.000
INFO: [Project 1-111] Unisim Transformation Summary:
No Unisim elements were transformed.

13 Infos, 0 Warnings, 0 Critical Warnings and 0 Errors encountered.
link_design completed successfully
link_design: Time (s): cpu = 00:00:42 ; elapsed = 00:00:51 . Memory (MB): peak = 1464.863 ; gain = 964.512
Command: opt_design
Attempting to get a license for feature 'Implementation' and/or device 'xc7z020'
INFO: [Common 17-349] Got license for feature 'Implementation' and/or device 'xc7z020'
Running DRC as a precondition to command opt_design

Starting DRC Task
INFO: [DRC 23-27] Running DRC with 2 threads
INFO: [Project 1-461] DRC finished with 0 Errors
INFO: [Project 1-462] Please refer to the DRC report (report_drc) for more information.

Time (s): cpu = 00:00:05 ; elapsed = 00:00:04 . Memory (MB): peak = 1464.863 ; gain = 0.000

Starting Cache Timing Information Task
INFO: [Timing 38-35] Done setting XDC timing constraints.
Ending Cache Timing Information Task | Checksum: 1512d5c95

Time (s): cpu = 00:00:02 ; elapsed = 00:00:01 . Memory (MB): peak = 1495.020 ; gain = 30.156

Starting Logic Optimization Task

Phase 1 Initialization

Phase 1.1 Core Generation And Design Setup

Phase 1.1.1 Generate And Synthesize Debug Cores
INFO: [Chipscope 16-329] Generating Script for core instance : dbg_hub 
INFO: [IP_Flow 19-3806] Processing IP xilinx.com:ip:xsdbm:3.0 for cell dbg_hub_CV.
INFO: [Chipscope 16-469] Using cached IP synthesis design for IP xilinx.com:ip:xsdbm:3.0, cache-ID = e26f4890162e594a.
Done building netlist checker database: Time (s): cpu = 00:00:00 ; elapsed = 00:00:00 . Memory (MB): peak = 1929.410 ; gain = 0.000
Netlist sorting complete. Time (s): cpu = 00:00:00 ; elapsed = 00:00:00.012 . Memory (MB): peak = 1929.410 ; gain = 0.000
Phase 1.1.1 Generate And Synthesize Debug Cores | Checksum: 20cffdf7e

Time (s): cpu = 00:00:01 ; elapsed = 00:00:49 . Memory (MB): peak = 1929.410 ; gain = 22.379
Phase 1.1 Core Generation And Design Setup | Checksum: 20cffdf7e

Time (s): cpu = 00:00:01 ; elapsed = 00:00:49 . Memory (MB): peak = 1929.410 ; gain = 22.379

Phase 1.2 Setup Constraints And Sort Netlist
Phase 1.2 Setup Constraints And Sort Netlist | Checksum: 20cffdf7e

Time (s): cpu = 00:00:01 ; elapsed = 00:00:49 . Memory (MB): peak = 1929.410 ; gain = 22.379
Phase 1 Initialization | Checksum: 20cffdf7e

Time (s): cpu = 00:00:01 ; elapsed = 00:00:49 . Memory (MB): peak = 1929.410 ; gain = 22.379

Phase 2 Timer Update And Timing Data Collection

Phase 2.1 Timer Update
Phase 2.1 Timer Update | Checksum: 20cffdf7e

Time (s): cpu = 00:00:01 ; elapsed = 00:00:49 . Memory (MB): peak = 1929.410 ; gain = 22.379

Phase 2.2 Timing Data Collection
Phase 2.2 Timing Data Collection | Checksum: 20cffdf7e

Time (s): cpu = 00:00:01 ; elapsed = 00:00:49 . Memory (MB): peak = 1929.410 ; gain = 22.379
Phase 2 Timer Update And Timing Data Collection | Checksum: 20cffdf7e

Time (s): cpu = 00:00:01 ; elapsed = 00:00:49 . Memory (MB): peak = 1929.410 ; gain = 22.379

Phase 3 Retarget
INFO: [Opt 31-1851] Number of loadless carry chains removed were: 0
INFO: [Opt 31-1834] Total Chains To Be Transformed Were: 0 AND Number of Transformed insts Created are: 0
INFO: [Opt 31-138] Pushed 0 inverter(s) to 0 load pin(s).
INFO: [Opt 31-49] Retargeted 0 cell(s).
Phase 3 Retarget | Checksum: 19d978aff

Time (s): cpu = 00:00:01 ; elapsed = 00:00:49 . Memory (MB): peak = 1929.410 ; gain = 22.379
Retarget | Checksum: 19d978aff
INFO: [Opt 31-389] Phase Retarget created 3 cells and removed 9 cells
INFO: [Opt 31-1021] In phase Retarget, 201 netlist objects are constrained preventing optimization. Please run opt_design with -debug_log to get more detail. 

Phase 4 Constant propagation
INFO: [Opt 31-138] Pushed 0 inverter(s) to 0 load pin(s).
Phase 4 Constant propagation | Checksum: ea251b59

Time (s): cpu = 00:00:01 ; elapsed = 00:00:49 . Memory (MB): peak = 1929.410 ; gain = 22.379
Constant propagation | Checksum: ea251b59
INFO: [Opt 31-389] Phase Constant propagation created 0 cells and removed 0 cells
INFO: [Opt 31-1021] In phase Constant propagation, 197 netlist objects are constrained preventing optimization. Please run opt_design with -debug_log to get more detail. 

Phase 5 Sweep
INFO: [Constraints 18-11670] Building netlist checker database with flags, 0x8
Done building netlist checker database: Time (s): cpu = 00:00:00 ; elapsed = 00:00:00.001 . Memory (MB): peak = 1929.410 ; gain = 0.000
INFO: [Constraints 18-11670] Building netlist checker database with flags, 0x8
Done building netlist checker database: Time (s): cpu = 00:00:00 ; elapsed = 00:00:00.001 . Memory (MB): peak = 1929.410 ; gain = 0.000
Phase 5 Sweep | Checksum: 12e44d90d

Time (s): cpu = 00:00:01 ; elapsed = 00:00:49 . Memory (MB): peak = 1929.410 ; gain = 22.379
Sweep | Checksum: 12e44d90d
INFO: [Opt 31-389] Phase Sweep created 0 cells and removed 2 cells
INFO: [Opt 31-1021] In phase Sweep, 1370 netlist objects are constrained preventing optimization. Please run opt_design with -debug_log to get more detail. 

Phase 6 BUFG optimization
Phase 6 BUFG optimization | Checksum: 12e44d90d

Time (s): cpu = 00:00:01 ; elapsed = 00:00:49 . Memory (MB): peak = 1929.410 ; gain = 22.379
BUFG optimization | Checksum: 12e44d90d
INFO: [Opt 31-662] Phase BUFG optimization created 0 cells of which 0 are BUFGs and removed 0 cells.

Phase 7 Shift Register Optimization
INFO: [Opt 31-1064] SRL Remap converted 0 SRLs to 0 registers and converted 0 registers of register chains to 0 SRLs
Phase 7 Shift Register Optimization | Checksum: 12e44d90d

Time (s): cpu = 00:00:01 ; elapsed = 00:00:49 . Memory (MB): peak = 1929.410 ; gain = 22.379
Shift Register Optimization | Checksum: 12e44d90d
INFO: [Opt 31-389] Phase Shift Register Optimization created 0 cells and removed 0 cells

Phase 8 Post Processing Netlist
Phase 8 Post Processing Netlist | Checksum: 12e44d90d

Time (s): cpu = 00:00:01 ; elapsed = 00:00:49 . Memory (MB): peak = 1929.410 ; gain = 22.379
Post Processing Netlist | Checksum: 12e44d90d
INFO: [Opt 31-389] Phase Post Processing Netlist created 0 cells and removed 0 cells
INFO: [Opt 31-1021] In phase Post Processing Netlist, 205 netlist objects are constrained preventing optimization. Please run opt_design with -debug_log to get more detail. 

Phase 9 Finalization

Phase 9.1 Finalizing Design Cores and Updating Shapes
Phase 9.1 Finalizing Design Cores and Updating Shapes | Checksum: bdd52da6

Time (s): cpu = 00:00:01 ; elapsed = 00:00:49 . Memory (MB): peak = 1929.410 ; gain = 22.379

Phase 9.2 Verifying Netlist Connectivity

Starting Connectivity Check Task

Time (s): cpu = 00:00:00 ; elapsed = 00:00:00.007 . Memory (MB): peak = 1929.410 ; gain = 0.000
Phase 9.2 Verifying Netlist Connectivity | Checksum: bdd52da6

Time (s): cpu = 00:00:01 ; elapsed = 00:00:49 . Memory (MB): peak = 1929.410 ; gain = 22.379
Phase 9 Finalization | Checksum: bdd52da6

Time (s): cpu = 00:00:01 ; elapsed = 00:00:49 . Memory (MB): peak = 1929.410 ; gain = 22.379
Opt_design Change Summary
=========================


-------------------------------------------------------------------------------------------------------------------------
|  Phase                        |  #Cells created  |  #Cells Removed  |  #Constrained objects preventing optimizations  |
-------------------------------------------------------------------------------------------------------------------------
|  Retarget                     |               3  |               9  |                                            201  |
|  Constant propagation         |               0  |               0  |                                            197  |
|  Sweep                        |               0  |               2  |                                           1370  |
|  BUFG optimization            |               0  |               0  |                                              0  |
|  Shift Register Optimization  |               0  |               0  |                                              0  |
|  Post Processing Netlist      |               0  |               0  |                                            205  |
-------------------------------------------------------------------------------------------------------------------------


Ending Logic Optimization Task | Checksum: bdd52da6

Time (s): cpu = 00:00:01 ; elapsed = 00:00:49 . Memory (MB): peak = 1929.410 ; gain = 22.379

Starting Power Optimization Task
INFO: [Pwropt 34-132] Skipping clock gating for clocks with a period < 2.00 ns.
Ending Power Optimization Task | Checksum: bdd52da6

Time (s): cpu = 00:00:00 ; elapsed = 00:00:00.010 . Memory (MB): peak = 1929.410 ; gain = 0.000

Starting Final Cleanup Task
Ending Final Cleanup Task | Checksum: bdd52da6

Time (s): cpu = 00:00:00 ; elapsed = 00:00:00 . Memory (MB): peak = 1929.410 ; gain = 0.000

Starting Netlist Obfuscation Task
Netlist sorting complete. Time (s): cpu = 00:00:00 ; elapsed = 00:00:00.001 . Memory (MB): peak = 1929.410 ; gain = 0.000
Ending Netlist Obfuscation Task | Checksum: bdd52da6

Time (s): cpu = 00:00:00 ; elapsed = 00:00:00.001 . Memory (MB): peak = 1929.410 ; gain = 0.000
INFO: [Common 17-83] Releasing license: Implementation
45 Infos, 0 Warnings, 0 Critical Warnings and 0 Errors encountered.
opt_design completed successfully
opt_design: Time (s): cpu = 00:00:19 ; elapsed = 00:01:10 . Memory (MB): peak = 1929.410 ; gain = 464.547
INFO: [Vivado 12-24828] Executing command : report_drc -file nn_board_top_drc_opted.rpt -pb nn_board_top_drc_opted.pb -rpx nn_board_top_drc_opted.rpx
Command: report_drc -file nn_board_top_drc_opted.rpt -pb nn_board_top_drc_opted.pb -rpx nn_board_top_drc_opted.rpx
INFO: [IP_Flow 19-1839] IP Catalog is up to date.
INFO: [DRC 23-27] Running DRC with 2 threads
INFO: [Vivado_Tcl 2-168] The results of DRC are in file C:/Users/yamle/OneDrive/Desktop/Project4_NN_Complete_Pack/Project4_NN/build/NN_Inference.runs/impl_1/nn_board_top_drc_opted.rpt.
report_drc completed successfully
INFO: [Timing 38-35] Done setting XDC timing constraints.
INFO: [Timing 38-480] Writing timing data to binary archive.
Wrote PlaceDB: Time (s): cpu = 00:00:00 ; elapsed = 00:00:00.001 . Memory (MB): peak = 1929.410 ; gain = 0.000
Wrote PulsedLatchDB: Time (s): cpu = 00:00:00 ; elapsed = 00:00:00.001 . Memory (MB): peak = 1929.410 ; gain = 0.000
Writing XDEF routing.
Write ShapeDB Complete: Time (s): cpu = 00:00:00 ; elapsed = 00:00:00.007 . Memory (MB): peak = 1929.410 ; gain = 0.000
Writing XDEF routing logical nets.
Writing XDEF routing special nets.
Wrote RouteStorage: Time (s): cpu = 00:00:00 ; elapsed = 00:00:00.029 . Memory (MB): peak = 1929.410 ; gain = 0.000
Wrote Netlist Cache: Time (s): cpu = 00:00:00 ; elapsed = 00:00:00.001 . Memory (MB): peak = 1929.410 ; gain = 0.000
Wrote Device Cache: Time (s): cpu = 00:00:00 ; elapsed = 00:00:00.011 . Memory (MB): peak = 1929.410 ; gain = 0.000
Write Physdb Complete: Time (s): cpu = 00:00:00 ; elapsed = 00:00:00.052 . Memory (MB): peak = 1929.410 ; gain = 0.000
INFO: [Common 17-1381] The checkpoint 'C:/Users/yamle/OneDrive/Desktop/Project4_NN_Complete_Pack/Project4_NN/build/NN_Inference.runs/impl_1/nn_board_top_opt.dcp' has been generated.
INFO: [Chipscope 16-240] Debug cores have already been implemented
Command: place_design
Attempting to get a license for feature 'Implementation' and/or device 'xc7z020'
INFO: [Common 17-349] Got license for feature 'Implementation' and/or device 'xc7z020'
INFO: [Common 17-83] Releasing license: Implementation
INFO: [DRC 23-27] Running DRC with 2 threads
INFO: [Vivado_Tcl 4-198] DRC finished with 0 Errors
INFO: [Vivado_Tcl 4-199] Please refer to the DRC report (report_drc) for more information.
Running DRC as a precondition to command place_design
INFO: [DRC 23-27] Running DRC with 2 threads
INFO: [Vivado_Tcl 4-198] DRC finished with 0 Errors
INFO: [Vivado_Tcl 4-199] Please refer to the DRC report (report_drc) for more information.
INFO: [Place 30-611] Multithreading enabled for place_design using a maximum of 2 CPUs

Starting Placer Task

Phase 1 Placer Initialization

Phase 1.1 Placer Initialization Netlist Sorting
Netlist sorting complete. Time (s): cpu = 00:00:00 ; elapsed = 00:00:00.006 . Memory (MB): peak = 1929.410 ; gain = 0.000
Phase 1.1 Placer Initialization Netlist Sorting | Checksum: 7d6899d4

Time (s): cpu = 00:00:00 ; elapsed = 00:00:00.018 . Memory (MB): peak = 1929.410 ; gain = 0.000
Netlist sorting complete. Time (s): cpu = 00:00:00 ; elapsed = 00:00:00.007 . Memory (MB): peak = 1929.410 ; gain = 0.000

Phase 1.2 IO Placement/ Clock Placement/ Build Placer Device
Phase 1.2 IO Placement/ Clock Placement/ Build Placer Device | Checksum: 3a85db9a

Time (s): cpu = 00:00:01 ; elapsed = 00:00:01 . Memory (MB): peak = 1929.410 ; gain = 0.000

Phase 1.3 Build Placer Netlist Model
Phase 1.3 Build Placer Netlist Model | Checksum: 692665b6

Time (s): cpu = 00:00:07 ; elapsed = 00:00:06 . Memory (MB): peak = 1929.410 ; gain = 0.000

Phase 1.4 Constrain Clocks/Macros
Phase 1.4 Constrain Clocks/Macros | Checksum: 692665b6

Time (s): cpu = 00:00:07 ; elapsed = 00:00:06 . Memory (MB): peak = 1929.410 ; gain = 0.000
Phase 1 Placer Initialization | Checksum: 692665b6

Time (s): cpu = 00:00:07 ; elapsed = 00:00:06 . Memory (MB): peak = 1929.410 ; gain = 0.000

Phase 2 Global Placement

Phase 2.1 Floorplanning
Phase 2.1 Floorplanning | Checksum: e597afe0

Time (s): cpu = 00:00:08 ; elapsed = 00:00:07 . Memory (MB): peak = 1929.410 ; gain = 0.000

Phase 2.2 Update Timing before SLR Path Opt
Phase 2.2 Update Timing before SLR Path Opt | Checksum: b39daaca

Time (s): cpu = 00:00:09 ; elapsed = 00:00:07 . Memory (MB): peak = 1929.410 ; gain = 0.000

Phase 2.3 Post-Processing in Floorplanning
Phase 2.3 Post-Processing in Floorplanning | Checksum: b39daaca

Time (s): cpu = 00:00:09 ; elapsed = 00:00:07 . Memory (MB): peak = 1929.410 ; gain = 0.000

Phase 2.4 Global Place Phase1
Phase 2.4 Global Place Phase1 | Checksum: 8e813d06

Time (s): cpu = 00:00:16 ; elapsed = 00:00:13 . Memory (MB): peak = 1929.410 ; gain = 0.000

Phase 2.5 Global Place Phase2

Phase 2.5.1 UpdateTiming Before Physical Synthesis
Phase 2.5.1 UpdateTiming Before Physical Synthesis | Checksum: baf50e96

Time (s): cpu = 00:00:19 ; elapsed = 00:00:14 . Memory (MB): peak = 1929.410 ; gain = 0.000

Phase 2.5.2 Physical Synthesis In Placer
INFO: [Physopt 32-1035] Found 0 LUTNM shape to break, 124 LUT instances to create LUTNM shape
INFO: [Physopt 32-1044] Break lutnm for timing: one critical 0, two critical 0, total 0, new lutff created 0
INFO: [Physopt 32-1138] End 1 Pass. Optimized 53 nets or LUTs. Breaked 0 LUT, combined 53 existing LUTs and moved 0 existing LUT
INFO: [Physopt 32-65] No nets found for high-fanout optimization.
INFO: [Physopt 32-232] Optimized 0 net. Created 0 new instance.
INFO: [Physopt 32-775] End 1 Pass. Optimized 0 net or cell. Created 0 new cell, deleted 0 existing cell and moved 0 existing cell
INFO: [Physopt 32-670] No setup violation found.  DSP Register Optimization was not performed.
INFO: [Physopt 32-670] No setup violation found.  Shift Register to Pipeline Optimization was not performed.
INFO: [Physopt 32-670] No setup violation found.  Shift Register Optimization was not performed.
INFO: [Physopt 32-670] No setup violation found.  BRAM Register Optimization was not performed.
INFO: [Physopt 32-670] No setup violation found.  URAM Register Optimization was not performed.
INFO: [Physopt 32-949] No candidate nets found for dynamic/static region interface net replication
INFO: [Physopt 32-775] End 1 Pass. Optimized 0 net or cell. Created 0 new cell, deleted 0 existing cell and moved 0 existing cell
Netlist sorting complete. Time (s): cpu = 00:00:00 ; elapsed = 00:00:00.006 . Memory (MB): peak = 1929.410 ; gain = 0.000

Summary of Physical Synthesis Optimizations
============================================


-----------------------------------------------------------------------------------------------------------------------------------------------------------
|  Optimization                                     |  Added Cells  |  Removed Cells  |  Optimized Cells/Nets  |  Dont Touch  |  Iterations  |  Elapsed   |
-----------------------------------------------------------------------------------------------------------------------------------------------------------
|  LUT Combining                                    |            0  |             53  |                    53  |           0  |           1  |  00:00:00  |
|  Retime                                           |            0  |              0  |                     0  |           0  |           1  |  00:00:00  |
|  Very High Fanout                                 |            0  |              0  |                     0  |           0  |           1  |  00:00:00  |
|  DSP Register                                     |            0  |              0  |                     0  |           0  |           0  |  00:00:00  |
|  Shift Register to Pipeline                       |            0  |              0  |                     0  |           0  |           0  |  00:00:00  |
|  Shift Register                                   |            0  |              0  |                     0  |           0  |           0  |  00:00:00  |
|  BRAM Register                                    |            0  |              0  |                     0  |           0  |           0  |  00:00:00  |
|  URAM Register                                    |            0  |              0  |                     0  |           0  |           0  |  00:00:00  |
|  Dynamic/Static Region Interface Net Replication  |            0  |              0  |                     0  |           0  |           1  |  00:00:00  |
|  Total                                            |            0  |             53  |                    53  |           0  |           4  |  00:00:00  |
-----------------------------------------------------------------------------------------------------------------------------------------------------------


Phase 2.5.2 Physical Synthesis In Placer | Checksum: f77cce70

Time (s): cpu = 00:00:21 ; elapsed = 00:00:16 . Memory (MB): peak = 1929.410 ; gain = 0.000
Phase 2.5 Global Place Phase2 | Checksum: 149ef9d8c

Time (s): cpu = 00:00:22 ; elapsed = 00:00:17 . Memory (MB): peak = 1929.410 ; gain = 0.000
Phase 2 Global Placement | Checksum: 149ef9d8c

Time (s): cpu = 00:00:22 ; elapsed = 00:00:17 . Memory (MB): peak = 1929.410 ; gain = 0.000

Phase 3 Detail Placement

Phase 3.1 Commit Multi Column Macros
Phase 3.1 Commit Multi Column Macros | Checksum: 106613d6f

Time (s): cpu = 00:00:24 ; elapsed = 00:00:18 . Memory (MB): peak = 1929.410 ; gain = 0.000

Phase 3.2 Commit Most Macros & LUTRAMs
Phase 3.2 Commit Most Macros & LUTRAMs | Checksum: 20cd7f786

Time (s): cpu = 00:00:26 ; elapsed = 00:00:20 . Memory (MB): peak = 1929.410 ; gain = 0.000

Phase 3.3 Area Swap Optimization
Phase 3.3 Area Swap Optimization | Checksum: 15b7924cb

Time (s): cpu = 00:00:26 ; elapsed = 00:00:20 . Memory (MB): peak = 1929.410 ; gain = 0.000

Phase 3.4 Pipeline Register Optimization
Phase 3.4 Pipeline Register Optimization | Checksum: 1dbfbb272

Time (s): cpu = 00:00:26 ; elapsed = 00:00:20 . Memory (MB): peak = 1929.410 ; gain = 0.000

Phase 3.5 Small Shape Detail Placement
Phase 3.5 Small Shape Detail Placement | Checksum: 20b9c14a9

Time (s): cpu = 00:00:31 ; elapsed = 00:00:27 . Memory (MB): peak = 1929.410 ; gain = 0.000

Phase 3.6 Re-assign LUT pins
Phase 3.6 Re-assign LUT pins | Checksum: 11ab960e2

Time (s): cpu = 00:00:32 ; elapsed = 00:00:28 . Memory (MB): peak = 1929.410 ; gain = 0.000

Phase 3.7 Pipeline Register Optimization
Phase 3.7 Pipeline Register Optimization | Checksum: 19b36f349

Time (s): cpu = 00:00:32 ; elapsed = 00:00:28 . Memory (MB): peak = 1929.410 ; gain = 0.000
Phase 3 Detail Placement | Checksum: 19b36f349

Time (s): cpu = 00:00:32 ; elapsed = 00:00:28 . Memory (MB): peak = 1929.410 ; gain = 0.000

Phase 4 Post Placement Optimization and Clean-Up

Phase 4.1 Post Commit Optimization
INFO: [Timing 38-35] Done setting XDC timing constraints.

Phase 4.1.1 Post Placement Optimization
Post Placement Optimization Initialization | Checksum: 103b17ac7

Phase 4.1.1.1 BUFG Insertion

Starting Physical Synthesis Task

Phase 1 Physical Synthesis Initialization
INFO: [Physopt 32-721] Multithreading enabled for phys_opt_design using a maximum of 2 CPUs
INFO: [Physopt 32-619] Estimated Timing Summary | WNS=7.016 | TNS=0.000 |
Phase 1 Physical Synthesis Initialization | Checksum: 12c4635b4

Time (s): cpu = 00:00:01 ; elapsed = 00:00:00.495 . Memory (MB): peak = 1929.410 ; gain = 0.000
INFO: [Place 46-56] BUFG insertion identified 0 candidate nets. Inserted BUFG: 0, Replicated BUFG Driver: 0, Skipped due to Placement/Routing Conflicts: 0, Skipped due to Timing Degradation: 0, Skipped due to netlist editing failed: 0.
Ending Physical Synthesis Task | Checksum: cde74dcd

Time (s): cpu = 00:00:01 ; elapsed = 00:00:00.611 . Memory (MB): peak = 1929.410 ; gain = 0.000
Phase 4.1.1.1 BUFG Insertion | Checksum: 103b17ac7

Time (s): cpu = 00:00:39 ; elapsed = 00:00:33 . Memory (MB): peak = 1929.410 ; gain = 0.000

Phase 4.1.1.2 Post Placement Timing Optimization
INFO: [Place 30-746] Post Placement Timing Summary WNS=7.016. For the most accurate timing information please run report_timing.
Phase 4.1.1.2 Post Placement Timing Optimization | Checksum: dd276cf5

Time (s): cpu = 00:00:40 ; elapsed = 00:00:33 . Memory (MB): peak = 1929.410 ; gain = 0.000

Time (s): cpu = 00:00:40 ; elapsed = 00:00:33 . Memory (MB): peak = 1929.410 ; gain = 0.000
Phase 4.1 Post Commit Optimization | Checksum: dd276cf5

Time (s): cpu = 00:00:40 ; elapsed = 00:00:33 . Memory (MB): peak = 1929.410 ; gain = 0.000

Phase 4.2 Post Placement Cleanup
Phase 4.2 Post Placement Cleanup | Checksum: dd276cf5

Time (s): cpu = 00:00:40 ; elapsed = 00:00:33 . Memory (MB): peak = 1929.410 ; gain = 0.000

Phase 4.3 Placer Reporting

Phase 4.3.1 Print Estimated Congestion
INFO: [Place 30-612] Post-Placement Estimated Congestion 
 ____________________________________________________
|           | Global Congestion | Short Congestion  |
| Direction | Region Size       | Region Size       |
|___________|___________________|___________________|
|      North|                1x1|                2x2|
|___________|___________________|___________________|
|      South|                1x1|                1x1|
|___________|___________________|___________________|
|       East|                1x1|                1x1|
|___________|___________________|___________________|
|       West|                1x1|                2x2|
|___________|___________________|___________________|

Phase 4.3.1 Print Estimated Congestion | Checksum: dd276cf5

Time (s): cpu = 00:00:40 ; elapsed = 00:00:34 . Memory (MB): peak = 1929.410 ; gain = 0.000
Phase 4.3 Placer Reporting | Checksum: dd276cf5

Time (s): cpu = 00:00:40 ; elapsed = 00:00:34 . Memory (MB): peak = 1929.410 ; gain = 0.000

Phase 4.4 Final Placement Cleanup
Netlist sorting complete. Time (s): cpu = 00:00:00 ; elapsed = 00:00:00.007 . Memory (MB): peak = 1929.410 ; gain = 0.000

Time (s): cpu = 00:00:40 ; elapsed = 00:00:34 . Memory (MB): peak = 1929.410 ; gain = 0.000
Phase 4 Post Placement Optimization and Clean-Up | Checksum: 9f299a44

Time (s): cpu = 00:00:40 ; elapsed = 00:00:34 . Memory (MB): peak = 1929.410 ; gain = 0.000
Ending Placer Task | Checksum: 4f7ce74a

Time (s): cpu = 00:00:40 ; elapsed = 00:00:34 . Memory (MB): peak = 1929.410 ; gain = 0.000
81 Infos, 0 Warnings, 0 Critical Warnings and 0 Errors encountered.
place_design completed successfully
place_design: Time (s): cpu = 00:00:49 ; elapsed = 00:00:39 . Memory (MB): peak = 1929.410 ; gain = 0.000
INFO: [Vivado 12-24838] Running report commands "report_control_sets, report_io, report_utilization" in parallel.
Running report generation with 2 threads.
INFO: [Vivado 12-24828] Executing command : report_io -file nn_board_top_io_placed.rpt
report_io: Time (s): cpu = 00:00:01 ; elapsed = 00:00:00.188 . Memory (MB): peak = 1929.410 ; gain = 0.000
INFO: [Vivado 12-24828] Executing command : report_utilization -file nn_board_top_utilization_placed.rpt -pb nn_board_top_utilization_placed.pb
INFO: [Vivado 12-24828] Executing command : report_control_sets -verbose -file nn_board_top_control_sets_placed.rpt
report_control_sets: Time (s): cpu = 00:00:00 ; elapsed = 00:00:00.049 . Memory (MB): peak = 1929.410 ; gain = 0.000
INFO: [Timing 38-480] Writing timing data to binary archive.
Write ShapeDB Complete: Time (s): cpu = 00:00:00 ; elapsed = 00:00:00.047 . Memory (MB): peak = 1929.410 ; gain = 0.000
Wrote PlaceDB: Time (s): cpu = 00:00:03 ; elapsed = 00:00:01 . Memory (MB): peak = 1933.285 ; gain = 3.875
Wrote PulsedLatchDB: Time (s): cpu = 00:00:00 ; elapsed = 00:00:00 . Memory (MB): peak = 1933.285 ; gain = 0.000
Writing XDEF routing.
Writing XDEF routing logical nets.
Writing XDEF routing special nets.
Wrote RouteStorage: Time (s): cpu = 00:00:00 ; elapsed = 00:00:00.084 . Memory (MB): peak = 1933.285 ; gain = 0.000
Wrote Netlist Cache: Time (s): cpu = 00:00:00 ; elapsed = 00:00:00.026 . Memory (MB): peak = 1933.285 ; gain = 0.000
Wrote Device Cache: Time (s): cpu = 00:00:00 ; elapsed = 00:00:00.038 . Memory (MB): peak = 1933.285 ; gain = 0.000
Write Physdb Complete: Time (s): cpu = 00:00:03 ; elapsed = 00:00:01 . Memory (MB): peak = 1933.285 ; gain = 3.875
INFO: [Common 17-1381] The checkpoint 'C:/Users/yamle/OneDrive/Desktop/Project4_NN_Complete_Pack/Project4_NN/build/NN_Inference.runs/impl_1/nn_board_top_placed.dcp' has been generated.
Command: phys_opt_design
Attempting to get a license for feature 'Implementation' and/or device 'xc7z020'
INFO: [Common 17-349] Got license for feature 'Implementation' and/or device 'xc7z020'

Starting Initial Update Timing Task

Time (s): cpu = 00:00:04 ; elapsed = 00:00:02 . Memory (MB): peak = 1933.383 ; gain = 0.098
INFO: [Vivado_Tcl 4-2279] Estimated Timing Summary | WNS= 7.016 | TNS= 0.000 | 
INFO: [Vivado_Tcl 4-383] Design worst setup slack (WNS) is greater than or equal to 0.000 ns. All physical synthesis setup optimizations will be skipped.
INFO: [Vivado_Tcl 4-232] No setup violation found. The netlist was not modified.
INFO: [Common 17-83] Releasing license: Implementation
92 Infos, 0 Warnings, 0 Critical Warnings and 0 Errors encountered.
phys_opt_design completed successfully
INFO: [Timing 38-480] Writing timing data to binary archive.
Write ShapeDB Complete: Time (s): cpu = 00:00:00 ; elapsed = 00:00:00.043 . Memory (MB): peak = 1960.215 ; gain = 8.926
Wrote PlaceDB: Time (s): cpu = 00:00:03 ; elapsed = 00:00:01 . Memory (MB): peak = 1965.605 ; gain = 5.391
Wrote PulsedLatchDB: Time (s): cpu = 00:00:00 ; elapsed = 00:00:00 . Memory (MB): peak = 1965.605 ; gain = 0.000
Writing XDEF routing.
Writing XDEF routing logical nets.
Writing XDEF routing special nets.
Wrote RouteStorage: Time (s): cpu = 00:00:00 ; elapsed = 00:00:00.048 . Memory (MB): peak = 1965.605 ; gain = 0.000
Wrote Netlist Cache: Time (s): cpu = 00:00:00 ; elapsed = 00:00:00.012 . Memory (MB): peak = 1965.605 ; gain = 0.000
Wrote Device Cache: Time (s): cpu = 00:00:00 ; elapsed = 00:00:00.020 . Memory (MB): peak = 1965.605 ; gain = 0.000
Write Physdb Complete: Time (s): cpu = 00:00:03 ; elapsed = 00:00:01 . Memory (MB): peak = 1965.605 ; gain = 5.391
INFO: [Common 17-1381] The checkpoint 'C:/Users/yamle/OneDrive/Desktop/Project4_NN_Complete_Pack/Project4_NN/build/NN_Inference.runs/impl_1/nn_board_top_physopt.dcp' has been generated.
Command: route_design
Attempting to get a license for feature 'Implementation' and/or device 'xc7z020'
INFO: [Common 17-349] Got license for feature 'Implementation' and/or device 'xc7z020'


Starting Routing Task
INFO: [Route 35-254] Multithreading enabled for route_design using a maximum of 2 CPUs

Phase 1 Build RT Design
Checksum: PlaceDB: 1de65f5 ConstDB: 0 ShapeSum: 37a50e65 RouteDB: 15f972f0
Post Restoration Checksum: NetGraph: de3c5ae | NumContArr: cdb994cb | Constraints: c2a8fa9d | Timing: c2a8fa9d
Phase 1 Build RT Design | Checksum: 260ef4fb3

Time (s): cpu = 00:01:37 ; elapsed = 00:01:40 . Memory (MB): peak = 2064.590 ; gain = 98.984

Phase 2 Router Initialization

Phase 2.1 Fix Topology Constraints
Phase 2.1 Fix Topology Constraints | Checksum: 260ef4fb3

Time (s): cpu = 00:01:37 ; elapsed = 00:01:40 . Memory (MB): peak = 2064.590 ; gain = 98.984

Phase 2.2 Pre Route Cleanup
Phase 2.2 Pre Route Cleanup | Checksum: 260ef4fb3

Time (s): cpu = 00:01:37 ; elapsed = 00:01:40 . Memory (MB): peak = 2064.590 ; gain = 98.984
 Number of Nodes with overlaps = 0

Phase 2.3 Update Timing
Phase 2.3 Update Timing | Checksum: 25726e109

Time (s): cpu = 00:01:45 ; elapsed = 00:01:46 . Memory (MB): peak = 2105.020 ; gain = 139.414
INFO: [Route 35-416] Intermediate Timing Summary | WNS=7.123  | TNS=0.000  | WHS=-0.163 | THS=-92.316|


Phase 2.4 Update Timing for Bus Skew

Phase 2.4.1 Update Timing
Phase 2.4.1 Update Timing | Checksum: 300510698

Time (s): cpu = 00:01:51 ; elapsed = 00:01:50 . Memory (MB): peak = 2105.020 ; gain = 139.414
INFO: [Route 35-416] Intermediate Timing Summary | WNS=7.123  | TNS=0.000  | WHS=-0.031 | THS=-0.031 |

Phase 2.4 Update Timing for Bus Skew | Checksum: 2a055ee0e

Time (s): cpu = 00:01:51 ; elapsed = 00:01:50 . Memory (MB): peak = 2110.945 ; gain = 145.340

Phase 2.5 Soft Constraint Pins - Fast Budgeting
Phase 2.5 Soft Constraint Pins - Fast Budgeting | Checksum: 2a055ee0e

Time (s): cpu = 00:01:51 ; elapsed = 00:01:50 . Memory (MB): peak = 2144.469 ; gain = 178.863

Router Utilization Summary
  Global Vertical Routing Utilization    = 0 %
  Global Horizontal Routing Utilization  = 0 %
  Routable Net Status*
  *Does not include unroutable nets such as driverless and loadless.
  Run report_route_status for detailed report.
  Number of Failed Nets               = 4773
    (Failed Nets is the sum of unrouted and partially routed nets)
  Number of Unrouted Nets             = 4773
  Number of Partially Routed Nets     = 0
  Number of Node Overlaps             = 0

Phase 2 Router Initialization | Checksum: 250714071

Time (s): cpu = 00:01:53 ; elapsed = 00:01:51 . Memory (MB): peak = 2144.469 ; gain = 178.863

Phase 3 Global Routing
Phase 3 Global Routing | Checksum: 250714071

Time (s): cpu = 00:01:53 ; elapsed = 00:01:51 . Memory (MB): peak = 2144.469 ; gain = 178.863

Phase 4 Initial Routing

Phase 4.1 Initial Net Routing Pass
Phase 4.1 Initial Net Routing Pass | Checksum: 19fd44e4c

Time (s): cpu = 00:01:54 ; elapsed = 00:01:52 . Memory (MB): peak = 2144.469 ; gain = 178.863
Phase 4 Initial Routing | Checksum: 19fd44e4c

Time (s): cpu = 00:01:55 ; elapsed = 00:01:52 . Memory (MB): peak = 2144.469 ; gain = 178.863

Phase 5 Rip-up And Reroute

Phase 5.1 Global Iteration 0
 Number of Nodes with overlaps = 137
 Number of Nodes with overlaps = 0
INFO: [Route 35-416] Intermediate Timing Summary | WNS=5.811  | TNS=0.000  | WHS=N/A    | THS=N/A    |

Phase 5.1 Global Iteration 0 | Checksum: 2f4ce9aa3

Time (s): cpu = 00:02:00 ; elapsed = 00:01:56 . Memory (MB): peak = 2144.469 ; gain = 178.863

Phase 5.2 Global Iteration 1
 Number of Nodes with overlaps = 4
 Number of Nodes with overlaps = 0
INFO: [Route 35-416] Intermediate Timing Summary | WNS=5.811  | TNS=0.000  | WHS=N/A    | THS=N/A    |

Phase 5.2 Global Iteration 1 | Checksum: 1dcaddd06

Time (s): cpu = 00:02:00 ; elapsed = 00:01:56 . Memory (MB): peak = 2144.469 ; gain = 178.863
Phase 5 Rip-up And Reroute | Checksum: 1dcaddd06

Time (s): cpu = 00:02:00 ; elapsed = 00:01:56 . Memory (MB): peak = 2144.469 ; gain = 178.863

Phase 6 Delay and Skew Optimization

Phase 6.1 Delay CleanUp

Phase 6.1.1 Update Timing
Phase 6.1.1 Update Timing | Checksum: 22e771657

Time (s): cpu = 00:02:01 ; elapsed = 00:01:57 . Memory (MB): peak = 2144.469 ; gain = 178.863
INFO: [Route 35-416] Intermediate Timing Summary | WNS=5.811  | TNS=0.000  | WHS=N/A    | THS=N/A    |

Phase 6.1 Delay CleanUp | Checksum: 231cfdf2d

Time (s): cpu = 00:02:01 ; elapsed = 00:01:57 . Memory (MB): peak = 2144.469 ; gain = 178.863

Phase 6.2 Clock Skew Optimization
Phase 6.2 Clock Skew Optimization | Checksum: 231cfdf2d

Time (s): cpu = 00:02:01 ; elapsed = 00:01:57 . Memory (MB): peak = 2144.469 ; gain = 178.863
Phase 6 Delay and Skew Optimization | Checksum: 231cfdf2d

Time (s): cpu = 00:02:01 ; elapsed = 00:01:57 . Memory (MB): peak = 2144.469 ; gain = 178.863

Phase 7 Post Hold Fix

Phase 7.1 Hold Fix Iter
INFO: [Route 35-416] Intermediate Timing Summary | WNS=5.811  | TNS=0.000  | WHS=0.048  | THS=0.000  |

Phase 7.1 Hold Fix Iter | Checksum: 22f2a9421

Time (s): cpu = 00:02:03 ; elapsed = 00:01:57 . Memory (MB): peak = 2144.469 ; gain = 178.863
Phase 7 Post Hold Fix | Checksum: 22f2a9421

Time (s): cpu = 00:02:03 ; elapsed = 00:01:57 . Memory (MB): peak = 2144.469 ; gain = 178.863

Phase 8 Route finalize

Router Utilization Summary
  Global Vertical Routing Utilization    = 0.596717 %
  Global Horizontal Routing Utilization  = 0.696839 %
  Routable Net Status*
  *Does not include unroutable nets such as driverless and loadless.
  Run report_route_status for detailed report.
  Number of Failed Nets               = 0
    (Failed Nets is the sum of unrouted and partially routed nets)
  Number of Unrouted Nets             = 0
  Number of Partially Routed Nets     = 0
  Number of Node Overlaps             = 0

Phase 8 Route finalize | Checksum: 22f2a9421

Time (s): cpu = 00:02:03 ; elapsed = 00:01:58 . Memory (MB): peak = 2144.469 ; gain = 178.863

Phase 9 Verifying routed nets

 Verification completed successfully
Phase 9 Verifying routed nets | Checksum: 22f2a9421

Time (s): cpu = 00:02:03 ; elapsed = 00:01:58 . Memory (MB): peak = 2144.469 ; gain = 178.863

Phase 10 Depositing Routes
Phase 10 Depositing Routes | Checksum: 28f7bfc52

Time (s): cpu = 00:02:04 ; elapsed = 00:01:59 . Memory (MB): peak = 2144.469 ; gain = 178.863

Phase 11 Post Process Routing
Phase 11 Post Process Routing | Checksum: 28f7bfc52

Time (s): cpu = 00:02:04 ; elapsed = 00:01:59 . Memory (MB): peak = 2144.469 ; gain = 178.863

Phase 12 Post Router Timing
INFO: [Route 35-57] Estimated Timing Summary | WNS=5.811  | TNS=0.000  | WHS=0.048  | THS=0.000  |

INFO: [Route 35-327] The final timing numbers are based on the router estimated timing analysis. For a complete and accurate timing signoff, please run report_timing_summary.
Phase 12 Post Router Timing | Checksum: 28f7bfc52

Time (s): cpu = 00:02:04 ; elapsed = 00:01:59 . Memory (MB): peak = 2144.469 ; gain = 178.863
Total Elapsed time in route_design: 118.7 secs

Phase 13 Post-Route Event Processing
Phase 13 Post-Route Event Processing | Checksum: 15636dff5

Time (s): cpu = 00:02:04 ; elapsed = 00:01:59 . Memory (MB): peak = 2144.469 ; gain = 178.863
INFO: [Route 35-16] Router Completed Successfully
Ending Routing Task | Checksum: 15636dff5

Time (s): cpu = 00:02:04 ; elapsed = 00:01:59 . Memory (MB): peak = 2144.469 ; gain = 178.863

Routing Is Done.
INFO: [Common 17-83] Releasing license: Implementation
106 Infos, 0 Warnings, 0 Critical Warnings and 0 Errors encountered.
route_design completed successfully
route_design: Time (s): cpu = 00:02:05 ; elapsed = 00:01:59 . Memory (MB): peak = 2144.469 ; gain = 178.863
INFO: [Vivado 12-24828] Executing command : report_drc -file nn_board_top_drc_routed.rpt -pb nn_board_top_drc_routed.pb -rpx nn_board_top_drc_routed.rpx
Command: report_drc -file nn_board_top_drc_routed.rpt -pb nn_board_top_drc_routed.pb -rpx nn_board_top_drc_routed.rpx
INFO: [IP_Flow 19-1839] IP Catalog is up to date.
INFO: [DRC 23-27] Running DRC with 2 threads
INFO: [Vivado_Tcl 2-168] The results of DRC are in file C:/Users/yamle/OneDrive/Desktop/Project4_NN_Complete_Pack/Project4_NN/build/NN_Inference.runs/impl_1/nn_board_top_drc_routed.rpt.
report_drc completed successfully
report_drc: Time (s): cpu = 00:00:24 ; elapsed = 00:00:14 . Memory (MB): peak = 2144.469 ; gain = 0.000
INFO: [Vivado 12-24828] Executing command : report_methodology -file nn_board_top_methodology_drc_routed.rpt -pb nn_board_top_methodology_drc_routed.pb -rpx nn_board_top_methodology_drc_routed.rpx
Command: report_methodology -file nn_board_top_methodology_drc_routed.rpt -pb nn_board_top_methodology_drc_routed.pb -rpx nn_board_top_methodology_drc_routed.rpx
INFO: [Timing 38-35] Done setting XDC timing constraints.
INFO: [DRC 23-133] Running Methodology with 2 threads
INFO: [Vivado_Tcl 2-1520] The results of Report Methodology are in file C:/Users/yamle/OneDrive/Desktop/Project4_NN_Complete_Pack/Project4_NN/build/NN_Inference.runs/impl_1/nn_board_top_methodology_drc_routed.rpt.
report_methodology completed successfully
report_drc: Time (s): cpu = 00:00:31 ; elapsed = 00:00:19 . Memory (MB): peak = 2178.148 ; gain = 33.680
INFO: [Vivado 12-24828] Executing command : report_timing_summary -max_paths 10 -routable_nets -report_unconstrained -file nn_board_top_timing_summary_routed.rpt -pb nn_board_top_timing_summary_routed.pb -rpx nn_board_top_timing_summary_routed.rpx -warn_on_violation 
INFO: [Timing 38-35] Done setting XDC timing constraints.
INFO: [Timing 38-91] UpdateTimingParams: Speed grade: -1, Delay Type: min_max.
INFO: [Timing 38-191] Multithreading enabled for timing update using a maximum of 2 CPUs
WARNING: [Timing 38-436] There are set_bus_skew constraint(s) in this design. Please run report_bus_skew to ensure that bus skew requirements are met.
INFO: [Vivado 12-24838] Running report commands "report_incremental_reuse, report_route_status" in parallel.
Running report generation with 2 threads.
INFO: [Vivado 12-24828] Executing command : report_incremental_reuse -file nn_board_top_incremental_reuse_routed.rpt
INFO: [Vivado_Tcl 4-1062] Incremental flow is disabled. No incremental reuse Info to report.
INFO: [Vivado 12-24828] Executing command : report_route_status -file nn_board_top_route_status.rpt -pb nn_board_top_route_status.pb
INFO: [Vivado 12-24828] Executing command : report_power -file nn_board_top_power_routed.rpt -pb nn_board_top_power_summary_routed.pb -rpx nn_board_top_power_routed.rpx
Command: report_power -file nn_board_top_power_routed.rpt -pb nn_board_top_power_summary_routed.pb -rpx nn_board_top_power_routed.rpx
Running Vector-less Activity Propagation...

Finished Running Vector-less Activity Propagation
WARNING: [Power 33-332] Found switching activity that implies high-fanout reset nets being asserted for excessive periods of time which may result in inaccurate power analysis.
Resolution: To review and fix problems, please run Power Constraints Advisor in the GUI from Tools > Power Constraints Advisor or run report_power with the -advisory option to generate a text report.
123 Infos, 2 Warnings, 0 Critical Warnings and 0 Errors encountered.
report_power completed successfully
INFO: [Vivado 12-24828] Executing command : report_clock_utilization -file nn_board_top_clock_utilization_routed.rpt
INFO: [Vivado 12-24828] Executing command : report_bus_skew -warn_on_violation -file nn_board_top_bus_skew_routed.rpt -pb nn_board_top_bus_skew_routed.pb -rpx nn_board_top_bus_skew_routed.rpx
INFO: [Timing 38-91] UpdateTimingParams: Speed grade: -1, Delay Type: min_max.
INFO: [Timing 38-191] Multithreading enabled for timing update using a maximum of 2 CPUs
generate_parallel_reports: Time (s): cpu = 00:01:04 ; elapsed = 00:00:40 . Memory (MB): peak = 2185.082 ; gain = 40.613
INFO: [Timing 38-480] Writing timing data to binary archive.
Write ShapeDB Complete: Time (s): cpu = 00:00:00 ; elapsed = 00:00:00.043 . Memory (MB): peak = 2195.375 ; gain = 9.156
Wrote PlaceDB: Time (s): cpu = 00:00:02 ; elapsed = 00:00:01 . Memory (MB): peak = 2203.887 ; gain = 8.512
Wrote PulsedLatchDB: Time (s): cpu = 00:00:00 ; elapsed = 00:00:00 . Memory (MB): peak = 2203.887 ; gain = 0.000
Writing XDEF routing.
Writing XDEF routing logical nets.
Writing XDEF routing special nets.
Wrote RouteStorage: Time (s): cpu = 00:00:00 ; elapsed = 00:00:00.237 . Memory (MB): peak = 2203.887 ; gain = 0.000
Wrote Netlist Cache: Time (s): cpu = 00:00:00 ; elapsed = 00:00:00.015 . Memory (MB): peak = 2203.887 ; gain = 0.000
Wrote Device Cache: Time (s): cpu = 00:00:00 ; elapsed = 00:00:00.025 . Memory (MB): peak = 2203.887 ; gain = 0.000
Write Physdb Complete: Time (s): cpu = 00:00:02 ; elapsed = 00:00:01 . Memory (MB): peak = 2203.887 ; gain = 17.602
INFO: [Common 17-1381] The checkpoint 'C:/Users/yamle/OneDrive/Desktop/Project4_NN_Complete_Pack/Project4_NN/build/NN_Inference.runs/impl_1/nn_board_top_routed.dcp' has been generated.
Command: write_bitstream -force nn_board_top.bit
Attempting to get a license for feature 'Implementation' and/or device 'xc7z020'
INFO: [Common 17-349] Got license for feature 'Implementation' and/or device 'xc7z020'
Running DRC as a precondition to command write_bitstream
INFO: [IP_Flow 19-1839] IP Catalog is up to date.
INFO: [DRC 23-27] Running DRC with 2 threads
INFO: [Vivado 12-3199] DRC finished with 0 Errors
INFO: [Vivado 12-3200] Please refer to the DRC report (report_drc) for more information.
INFO: [Designutils 20-2272] Running write_bitstream with 2 threads.
Loading data files...
Loading site data...
Loading route data...
Processing options...
Creating bitmap...
Creating bitstream...
Writing bitstream ./nn_board_top.bit...
INFO: [Vivado 12-1842] Bitgen Completed Successfully.
INFO: [Project 1-1876] WebTalk data collection is mandatory when using a ULT device. To see the specific WebTalk data collected for your design, open the usage_statistics_webtalk.html or usage_statistics_webtalk.xml file in the implementation directory.
INFO: [Common 17-83] Releasing license: Implementation
138 Infos, 2 Warnings, 0 Critical Warnings and 0 Errors encountered.
write_bitstream completed successfully
write_bitstream: Time (s): cpu = 00:01:06 ; elapsed = 00:01:01 . Memory (MB): peak = 2706.789 ; gain = 502.902
INFO: [Common 17-206] Exiting Vivado at Tue Oct  6 21:07:32 2026...
[Tue Oct  6 21:07:37 2026] impl_1 finished
wait_on_runs: Time (s): cpu = 00:00:04 ; elapsed = 00:07:45 . Memory (MB): peak = 528.348 ; gain = 0.000
INFO: [Device 21-403] Loading part xc7z020clg400-1
Netlist sorting complete. Time (s): cpu = 00:00:00 ; elapsed = 00:00:00.139 . Memory (MB): peak = 766.609 ; gain = 0.000
INFO: [Netlist 29-17] Analyzing 182 Unisim elements for replacement
INFO: [Netlist 29-28] Unisim Transformation completed in 0 CPU seconds
INFO: [Project 1-479] Netlist was created with Vivado 2025.1.1
INFO: [Project 1-570] Preparing netlist for logic optimization
Read ShapeDB Complete: Time (s): cpu = 00:00:00 ; elapsed = 00:00:00.055 . Memory (MB): peak = 872.590 ; gain = 0.875
INFO: [Timing 38-478] Restoring timing data from binary archive.
INFO: [Timing 38-479] Binary timing data restore complete.
INFO: [Project 1-856] Restoring constraints from binary archive.
INFO: [Project 1-853] Binary constraint restore complete.
INFO: [Designutils 20-5722] Start Reading Physical Databases.
Reading placement.
Read Netlist Cache: Time (s): cpu = 00:00:00 ; elapsed = 00:00:00.016 . Memory (MB): peak = 1486.926 ; gain = 0.000
Reading placer database...
Read Device Cache: Time (s): cpu = 00:00:01 ; elapsed = 00:00:00.046 . Memory (MB): peak = 1486.926 ; gain = 0.000
Read PlaceDB: Time (s): cpu = 00:00:00 ; elapsed = 00:00:00.699 . Memory (MB): peak = 1486.926 ; gain = 0.000
Read PulsedLatchDB: Time (s): cpu = 00:00:00 ; elapsed = 00:00:00 . Memory (MB): peak = 1486.926 ; gain = 0.000
Reading routing.
Read RouteStorage: Time (s): cpu = 00:00:00 ; elapsed = 00:00:00.225 . Memory (MB): peak = 1486.926 ; gain = 0.000
Read Physdb Files: Time (s): cpu = 00:00:01 ; elapsed = 00:00:01 . Memory (MB): peak = 1486.926 ; gain = 0.000
Restored from archive | CPU: 1.000000 secs | Memory: 0.000000 MB |
Finished XDEF File Restore: Time (s): cpu = 00:00:01 ; elapsed = 00:00:01 . Memory (MB): peak = 1486.926 ; gain = 2.586
Netlist sorting complete. Time (s): cpu = 00:00:01 ; elapsed = 00:00:00.009 . Memory (MB): peak = 1486.926 ; gain = 0.000
INFO: [Project 1-111] Unisim Transformation Summary:
  A total of 6 instances were transformed.
  RAM32M => RAM32M (RAMD32(x6), RAMS32(x2)): 6 instances

open_run: Time (s): cpu = 00:00:41 ; elapsed = 00:00:52 . Memory (MB): peak = 1486.926 ; gain = 958.578
Command: report_methodology -file C:/Users/yamle/OneDrive/Desktop/Project4_NN_Complete_Pack/Project4_NN/Results/methodology.rpt
INFO: [Timing 38-35] Done setting XDC timing constraints.
INFO: [DRC 23-133] Running Methodology with 2 threads
INFO: [Vivado_Tcl 2-1520] The results of Report Methodology are in file C:/Users/yamle/OneDrive/Desktop/Project4_NN_Complete_Pack/Project4_NN/Results/methodology.rpt.
report_methodology completed successfully
report_methodology: Time (s): cpu = 00:00:07 ; elapsed = 00:00:05 . Memory (MB): peak = 1562.848 ; gain = 75.922
INFO: [Timing 38-35] Done setting XDC timing constraints.
INFO: [Timing 38-91] UpdateTimingParams: Speed grade: -1, Delay Type: min_max.
INFO: [Timing 38-191] Multithreading enabled for timing update using a maximum of 2 CPUs
WARNING: [Timing 38-436] There are set_bus_skew constraint(s) in this design. Please run report_bus_skew to ensure that bus skew requirements are met.
Command: report_drc -file C:/Users/yamle/OneDrive/Desktop/Project4_NN_Complete_Pack/Project4_NN/Results/drc.rpt
INFO: [IP_Flow 19-1839] IP Catalog is up to date.
INFO: [DRC 23-27] Running DRC with 2 threads
INFO: [Vivado_Tcl 2-168] The results of DRC are in file C:/Users/yamle/OneDrive/Desktop/Project4_NN_Complete_Pack/Project4_NN/Results/drc.rpt.
report_drc completed successfully
INFO: [Timing 38-91] UpdateTimingParams: Speed grade: -1, Delay Type: min_max.
INFO: [Timing 38-191] Multithreading enabled for timing update using a maximum of 2 CPUs
Reports and programming pair saved in C:/Users/yamle/OneDrive/Desktop/Project4_NN_Complete_Pack/Project4_NN/Results
Also inspect bus_skew.rpt and methodology.rpt; BUILD_SUCCESS checks setup/hold only.
Worst setup slack=5.813 ns; worst hold slack=0.048 ns. Inspect timing summary / DRC / unconstrained paths.
PROJECT4: BUILD SUCCESS. Outputs: C:/Users/yamle/OneDrive/Desktop/Project4_NN_Complete_Pack/Project4_NN/Results
# set nn_rc [catch {
#     set nn_version [version -short]
#     if {![string match "2025.1*" $nn_version]} {
#         error "This pack targets Vivado 2025.1/2025.1.1; found $nn_version."
#     }
#     set nn_xpr [file join $nn_root build NN_Inference.xpr]
#     if {[file exists $nn_xpr]} {
#         open_project $nn_xpr
#     } else {
#         source [file join $nn_root Vivado create_project.tcl]
#     }
#     set nn_mem [string map {\\ /} [file join $nn_root Data golden_vectors.mem]]
#     set nn_marker [string map {\\ /} $nn_pass]
#     set_property generic [list "GOLDEN_FILE=\"$nn_mem\"" "PASS_FILE=\"$nn_marker\""] [get_filesets sim_1]
#     set_property xsim.simulate.runtime 4ms [get_filesets sim_1]
#     puts "PROJECT4: Running all HDL checks before synthesis."
#     launch_simulation -simset sim_1 -mode behavioral
#     catch {close_sim}
#     if {![file exists $nn_pass]} {
#         error "Simulation did not finish all checks. Inspect the XSim logs and vivado_batch.log."
#     }
#     set nn_fd [open $nn_pass r]
#     set nn_pass_text [string trim [read $nn_fd]]
#     close $nn_fd
#     if {$nn_pass_text ne "ALL TESTS PASSED"} {error "Invalid simulation pass marker."}
#     # Rebuild generated implementation outputs on repeated runs; sources are retained.
#     if {[get_property STATUS [get_runs synth_1]] ne "Not started"} {
#         reset_run synth_1
#     }
#     puts "PROJECT4: HDL checks passed. Building with two worker jobs."
#     launch_runs impl_1 -to_step write_bitstream -jobs 2
#     wait_on_runs impl_1
#     source [file join $nn_root Vivado collect_reports.tcl]
#     foreach nn_artifact {nn_board_top.bit nn_board_top.ltx timing_summary.rpt utilization_hierarchical.rpt clocks.rpt drc.rpt} {
#         if {![file exists [file join $nn_results $nn_artifact]]} {
#             error "Required output missing: $nn_artifact"
#         }
#     }
#     set nn_fd [open $nn_success w]
#     puts $nn_fd "Project 4 LOCAL Vivado build completed."
#     puts $nn_fd "Vivado: $nn_version"
#     puts $nn_fd "Simulation: ALL TESTS PASSED"
#     puts $nn_fd "Worst setup slack: $wns ns; worst hold slack: $whs ns"
#     puts $nn_fd "Bitstream: [file join $nn_results nn_board_top.bit]"
#     puts $nn_fd "Debug probes: [file join $nn_results nn_board_top.ltx]"
#     puts $nn_fd "Next: inspect timing/DRC reports, then program and test the PYNQ-Z2."
#     puts $nn_fd "Physical board validation has not been performed by this build script."
#     close $nn_fd
#     puts "PROJECT4: BUILD SUCCESS. Outputs: $nn_results"
# } nn_message nn_options]
# if {$nn_rc} {
#     catch {close_sim}
#     if {[file exists $nn_success]} {file delete $nn_success}
#     set nn_fd [open $nn_failure w]
#     puts $nn_fd $nn_message
#     if {[dict exists $nn_options -errorinfo]} {puts $nn_fd [dict get $nn_options -errorinfo]}
#     close $nn_fd
#     puts stderr "PROJECT4: BUILD FAILED: $nn_message"
#     exit 1
# }
# close_project
# exit 0
INFO: [Common 17-206] Exiting Vivado at Tue Oct  6 21:08:38 2026...
