Copyright 1986-2022 Xilinx, Inc. All Rights Reserved. Copyright 2022-2025 Advanced Micro Devices, Inc. All Rights Reserved.
---------------------------------------------------------------------------------------------------------------------------------------------
| Tool Version : Vivado v.2025.1.1 (win64) Build 6233196 Thu Sep 11 21:27:30 MDT 2025
| Date         : Thu Oct  8 22:39:19 2026
| Host         : KARTIK-PC running 64-bit major release  (build 9200)
| Command      : report_utilization -hierarchical -file C:/Users/yamle/OneDrive/Desktop/Project2_Radar_Final/Reports/utilization.rpt
| Design       : radar_top
| Device       : xc7z020clg400-1
| Speed File   : -1
| Design State : Routed
---------------------------------------------------------------------------------------------------------------------------------------------

Utilization Design Information

Table of Contents
-----------------
1. Utilization by Hierarchy

1. Utilization by Hierarchy
---------------------------

+-------------------------------------------------------+------------------------------------------------------+------------+------------+---------+------+------+--------+--------+------------+
|                        Instance                       |                        Module                        | Total LUTs | Logic LUTs | LUTRAMs | SRLs |  FFs | RAMB36 | RAMB18 | DSP Blocks |
+-------------------------------------------------------+------------------------------------------------------+------------+------------+---------+------+------+--------+--------+------------+
| radar_top                                             |                                                (top) |       2010 |       1986 |      24 |    0 | 3329 |      0 |      0 |          0 |
|   (radar_top)                                         |                                                (top) |         37 |         37 |       0 |    0 |   33 |      0 |      0 |          0 |
|   dbg_hub                                             |                                              dbg_hub |        448 |        424 |      24 |    0 |  741 |      0 |      0 |          0 |
|     inst                                              |                           dbg_hub_xsdbm_v3_0_4_xsdbm |        448 |        424 |      24 |    0 |  741 |      0 |      0 |          0 |
|       BSCANID.u_xsdbm_id                              |                        dbg_hub_xsdbm_v3_0_4_xsdbm_id |        448 |        424 |      24 |    0 |  741 |      0 |      0 |          0 |
|         SWITCH_N_EXT_BSCAN.bscan_switch               |                    dbg_hub_xsdbm_v3_0_4_bscan_switch |        124 |        124 |       0 |    0 |  125 |      0 |      0 |          0 |
|         CORE_XSDB.UUT_MASTER                          |                       dbg_hub_xsdbm_v3_0_4_icon2xsdb |        272 |        248 |      24 |    0 |  554 |      0 |      0 |          0 |
|           U_ICON_INTERFACE                            |                              dbg_hub_xsdbm_v3_0_4_if |        162 |        138 |      24 |    0 |  450 |      0 |      0 |          0 |
|             U_CMD6_WR                                 |                           dbg_hub_xsdbm_v3_0_4_wrreg |         46 |         34 |      12 |    0 |  110 |      0 |      0 |          0 |
|               U_WR_FIFO                               |                          dbg_hub_xsdbm_v3_0_4_wrfifo |         44 |         32 |      12 |    0 |   90 |      0 |      0 |          0 |
|                 SUBCORE_FIFO.xsdbm_v3_0_4_wrfifo_inst |                       dbg_hub_fifo_generator_v13_1_5 |         42 |         30 |      12 |    0 |   90 |      0 |      0 |          0 |
|                   inst_fifo_gen                       |                 dbg_hub_fifo_generator_v13_1_5_synth |         42 |         30 |      12 |    0 |   90 |      0 |      0 |          0 |
|                     gconvfifo.rf                      |                           dbg_hub_fifo_generator_top |         42 |         30 |      12 |    0 |   90 |      0 |      0 |          0 |
|                       grf.rf                          |                       dbg_hub_fifo_generator_ramfifo |         42 |         30 |      12 |    0 |   90 |      0 |      0 |          0 |
|             U_CMD4                                    |         dbg_hub_xsdbm_v3_0_4_ctl_reg__parameterized0 |          9 |          9 |       0 |    0 |   62 |      0 |      0 |          0 |
|             U_CMD6_RD                                 |                           dbg_hub_xsdbm_v3_0_4_rdreg |         67 |         55 |      12 |    0 |  134 |      0 |      0 |          0 |
|               U_RD_FIFO                               |                          dbg_hub_xsdbm_v3_0_4_rdfifo |         65 |         53 |      12 |    0 |  114 |      0 |      0 |          0 |
|                 SUBCORE_FIFO.xsdbm_v3_0_4_rdfifo_inst |       dbg_hub_fifo_generator_v13_1_5__parameterized0 |         47 |         35 |      12 |    0 |  114 |      0 |      0 |          0 |
|                   inst_fifo_gen                       | dbg_hub_fifo_generator_v13_1_5_synth__parameterized0 |         47 |         35 |      12 |    0 |  114 |      0 |      0 |          0 |
|                     gconvfifo.rf                      |           dbg_hub_fifo_generator_top__parameterized0 |         47 |         35 |      12 |    0 |  114 |      0 |      0 |          0 |
|                       grf.rf                          |       dbg_hub_fifo_generator_ramfifo__parameterized0 |         47 |         35 |      12 |    0 |  114 |      0 |      0 |          0 |
|           U_XSDB_BUS_CONTROLLER                       |                         dbg_hub_xsdbm_v3_0_4_bus_ctl |         70 |         70 |       0 |    0 |   48 |      0 |      0 |          0 |
|   u_demo                                              |                                           radar_demo |        512 |        512 |       0 |    0 |  720 |      0 |      0 |          0 |
|     (u_demo)                                          |                                           radar_demo |         28 |         28 |       0 |    0 |  286 |      0 |      0 |          0 |
|     u_core                                            |                                            cfar_core |        485 |        485 |       0 |    0 |  434 |      0 |      0 |          0 |
|   u_vio                                               |                                            vio_radar |       1013 |       1013 |       0 |    0 | 1835 |      0 |      0 |          0 |
|     inst                                              |                            vio_radar_vio_v3_0_27_vio |       1013 |       1013 |       0 |    0 | 1835 |      0 |      0 |          0 |
|       U_XSDB_SLAVE                                    |                         vio_radar_xsdbs_v1_0_5_xsdbs |         77 |         77 |       0 |    0 |  161 |      0 |      0 |          0 |
|       PROBE_IN_INST                                   |                   vio_radar_vio_v3_0_27_probe_in_one |        878 |        878 |       0 |    0 | 1569 |      0 |      0 |          0 |
+-------------------------------------------------------+------------------------------------------------------+------------+------------+---------+------+------+--------+--------+------------+
* Note: The sum of lower-level cells may be larger than their parent cells total, due to cross-hierarchy LUT combining


