  **** HLS Build v2025.1.1 6214317
INFO: [HLS 200-2005] Using work_dir C:/Users/student/Documents/25BEC0087/ecg_bandpass_fir/ecg_bandpass_fir 
INFO: [HLS 200-2176] Writing Vitis IDE component file C:/Users/student/Documents/25BEC0087/ecg_bandpass_fir/ecg_bandpass_fir/vitis-comp.json
INFO: [HLS 200-10] Creating and opening component 'C:/Users/student/Documents/25BEC0087/ecg_bandpass_fir/ecg_bandpass_fir'.
INFO: [HLS 200-1505] Using default flow_target 'vivado'
Resolution: For help on HLS 200-1505 see docs.xilinx.com/access/sources/dita/topic?Doc_Version=2025.1%20English&url=ug1448-hls-guidance&resourceid=200-1505.html
INFO: [HLS 200-2174] Applying component config ini file C:/Users/student/Documents/25BEC0087/ecg_bandpass_fir/hls_config.cfg
INFO: [HLS 200-1465] Applying config ini 'syn.file=ecg_bandpass_filter.h' from C:/Users/student/Documents/25BEC0087/ecg_bandpass_fir/hls_config.cfg(8)
INFO: [HLS 200-10] Adding design file 'C:/Users/student/Documents/25BEC0087/ecg_bandpass_fir/ecg_bandpass_filter.h' to the project
INFO: [HLS 200-1465] Applying config ini 'syn.file=ecg_bandpass_filter.cpp' from C:/Users/student/Documents/25BEC0087/ecg_bandpass_fir/hls_config.cfg(9)
INFO: [HLS 200-10] Adding design file 'C:/Users/student/Documents/25BEC0087/ecg_bandpass_fir/ecg_bandpass_filter.cpp' to the project
INFO: [HLS 200-1465] Applying config ini 'tb.file=ecg_bandpass_filter_tb.cpp' from C:/Users/student/Documents/25BEC0087/ecg_bandpass_fir/hls_config.cfg(10)
INFO: [HLS 200-10] Adding test bench file 'C:/Users/student/Documents/25BEC0087/ecg_bandpass_fir/ecg_bandpass_filter_tb.cpp' to the project
INFO: [HLS 200-1465] Applying config ini 'flow_target=vivado' from C:/Users/student/Documents/25BEC0087/ecg_bandpass_fir/hls_config.cfg(4)
INFO: [HLS 200-1505] Using flow_target 'vivado'
Resolution: For help on HLS 200-1505 see docs.xilinx.com/access/sources/dita/topic?Doc_Version=2025.1%20English&url=ug1448-hls-guidance&resourceid=200-1505.html
INFO: [HLS 200-1465] Applying config ini 'part=xc7z020clg400-1' from C:/Users/student/Documents/25BEC0087/ecg_bandpass_fir/hls_config.cfg(1)
INFO: [HLS 200-1611] Setting target device to 'xc7z020-clg400-1'
INFO: [HLS 200-1465] Applying config ini 'clock=10ns' from C:/Users/student/Documents/25BEC0087/ecg_bandpass_fir/hls_config.cfg(7)
INFO: [SYN 201-201] Setting up clock 'default' with a period of 10ns.
INFO: [HLS 200-1465] Applying config ini 'package.output.format=ip_catalog' from C:/Users/student/Documents/25BEC0087/ecg_bandpass_fir/hls_config.cfg(5)
INFO: [HLS 200-2176] Writing Vitis IDE component file C:/Users/student/Documents/25BEC0087/ecg_bandpass_fir/ecg_bandpass_fir/vitis-comp.json
INFO: [SIM 211-2] *************** CSIM start ***************
INFO: [SIM 211-4] CSIM will launch CLANG as the compiler.
INFO: [HLS 200-2036] Building debug C Simulation binaries
   Compiling ../../../../ecg_bandpass_filter_tb.cpp in debug mode
   Compiling ../../../../ecg_bandpass_filter.cpp in debug mode
   Generating csim.exe
In file included from ../../../../ecg_bandpass_filter_tb.cpp:6:
In file included from ../../../../ecg_bandpass_filter.h:11:
In file included from C:/Xilinx/2025.1.1/Vitis/include/ap_fixed.h:9:
In file included from C:/Xilinx/2025.1.1/Vitis/include/etc/ap_common.h:677:
In file included from C:/Xilinx/2025.1.1/Vitis/include/etc/ap_private.h:68:
In file included from C:/Xilinx/2025.1.1/Vitis/include/hls_half.h:26:
In file included from C:/Xilinx/2025.1.1/Vitis/include/etc/hls_half_fpo.h:19:
In file included from C:/Xilinx/2025.1.1/Vitis/include/hls_fpo.h:140:
In file included from C:/Xilinx/2025.1.1/Vitis/include/floating_point_v7_1_bitacc_cmodel.h:150:
C:/Xilinx/2025.1.1/Vitis/include/gmp.h:58:9: warning: '__GMP_LIBGMP_DLL' macro redefined [-Wmacro-redefined]
#define __GMP_LIBGMP_DLL  0
        ^
C:/Xilinx/2025.1.1/Vitis/include/floating_point_v7_1_bitacc_cmodel.h:142:9: note: previous definition is here
#define __GMP_LIBGMP_DLL 1
        ^
1 warning generated.
In file included from ../../../../ecg_bandpass_filter.cpp:7:
In file included from ../../../../ecg_bandpass_filter.h:11:
In file included from C:/Xilinx/2025.1.1/Vitis/include/ap_fixed.h:9:
In file included from C:/Xilinx/2025.1.1/Vitis/include/etc/ap_common.h:677:
In file included from C:/Xilinx/2025.1.1/Vitis/include/etc/ap_private.h:68:
In file included from C:/Xilinx/2025.1.1/Vitis/include/hls_half.h:26:
In file included from C:/Xilinx/2025.1.1/Vitis/include/etc/hls_half_fpo.h:19:
In file included from C:/Xilinx/2025.1.1/Vitis/include/hls_fpo.h:140:
In file included from C:/Xilinx/2025.1.1/Vitis/include/floating_point_v7_1_bitacc_cmodel.h:150:
C:/Xilinx/2025.1.1/Vitis/include/gmp.h:58:9: warning: '__GMP_LIBGMP_DLL' macro redefined [-Wmacro-redefined]
#define __GMP_LIBGMP_DLL  0
        ^
C:/Xilinx/2025.1.1/Vitis/include/floating_point_v7_1_bitacc_cmodel.h:142:9: note: previous definition is here
#define __GMP_LIBGMP_DLL 1
        ^
1 warning generated.

========================================================
 ECG Bandpass Filter - C Simulation Verification
========================================================
Signal: 5 Hz (x1.0) + 50 Hz (x0.5) + 200 Hz (x0.3)
Sampling rate: 360 Hz
200 Hz aliases to 160 Hz at this sampling rate.
Scale factor: 4.0
Samples: 3368 total, 128 startup, 3240 evaluated

FREQUENCY  OUTPUT AMP   STATUS
---------  -----------  --------
   5 Hz     2.93141    PASS
  50 Hz     0.00170    PASS   ratio=0.000580
 200 Hz     0.00027    PASS   ratio=0.000090

First 5 startup output samples:
  out[  0] = +0.000000
  out[  1] = +0.000000
  out[  2] = -0.000488
  out[  3] = -0.001953
  out[  4] = -0.003906

Steady-state samples [128 .. 132]:
  out[ 128] = -2.420410  (5 Hz reference: -3.939231)
  out[ 129] = -2.135254  (5 Hz reference: -3.863703)
  out[ 130] = -1.831787  (5 Hz reference: -3.758770)
  out[ 131] = -1.519043  (5 Hz reference: -3.625231)
  out[ 132] = -1.196777  (5 Hz reference: -3.464102)

*** C SIMULATION PASSED ***
========================================================

INFO [HLS SIM]: The maximum depth reached by any hls::stream() instance in the design is 3368
INFO: [SIM 211-1] CSim done with 0 errors.
INFO: [SIM 211-3] *************** CSIM finish ***************
INFO: [HLS 200-112] Total CPU user time: 2 seconds. Total CPU system time: 2 seconds. Total elapsed time: 9.039 seconds; peak allocated memory: 597.168 MB.
INFO: [vitis-run 60-791] Total elapsed time: 0h 0m 13s
