Copyright 1986-2022 Xilinx, Inc. All Rights Reserved. Copyright 2022-2025 Advanced Micro Devices, Inc. All Rights Reserved.
-------------------------------------------------------------------------------------------------------------------------------------------------------------------------
| Tool Version : Vivado v.2025.1.1 (win64) Build 6233196 Thu Sep 11 21:27:30 MDT 2025
| Date         : Thu Oct  8 12:44:52 2026
| Host         : KARTIK-PC running 64-bit major release  (build 9200)
| Command      : report_clocks -file C:/Users/yamle/OneDrive/Desktop/Project5_BNN_Safety_Complete_Pack_v1/Project5_BNN_Safety/Results/run_20261008_121952_125/clocks.rpt
| Design       : bnn_board_top
| Device       : 7z020-clg400
| Speed File   : -1  PRODUCTION 1.12 2019-11-22
| Design State : Routed
-------------------------------------------------------------------------------------------------------------------------------------------------------------------------

Clock Report


Attributes
  P: Propagated
  G: Generated
  A: Auto-derived
  R: Renamed
  V: Virtual
  I: Inverted
  S: Pin phase-shifted with Latency mode

Clock                                                                                       Period(ns)  Waveform(ns)    Attributes  Sources
dbg_hub/inst/BSCANID.u_xsdbm_id/SWITCH_N_EXT_BSCAN.bscan_inst/SERIES7_BSCAN.bscan_inst/TCK  33.000      {0.000 16.500}  P           {dbg_hub/inst/BSCANID.u_xsdbm_id/SWITCH_N_EXT_BSCAN.bscan_inst/SERIES7_BSCAN.bscan_inst/TCK}
sysclk                                                                                      8.000       {0.000 4.000}   P           {sysclk}
clk_out1_bnn_clk                                                                            20.000      {0.000 10.000}  P,G,A       {clock_i/inst/mmcm_adv_inst/CLKOUT0}
clkfbout_bnn_clk                                                                            8.000       {0.000 4.000}   P,G,A       {clock_i/inst/mmcm_adv_inst/CLKFBOUT}


====================================================
Generated Clocks
====================================================

Generated Clock     : clk_out1_bnn_clk
Master Source       : clock_i/inst/mmcm_adv_inst/CLKIN1
Master Clock        : sysclk
Edges               : {1 2 3}
Edge Shifts(ns)     : {0.000 6.000 12.000}
Generated Sources   : {clock_i/inst/mmcm_adv_inst/CLKOUT0}

Generated Clock     : clkfbout_bnn_clk
Master Source       : clock_i/inst/mmcm_adv_inst/CLKIN1
Master Clock        : sysclk
Multiply By         : 1
Generated Sources   : {clock_i/inst/mmcm_adv_inst/CLKFBOUT}



====================================================
User Uncertainty
====================================================



====================================================
User Jitter
====================================================

Clock   Jitter(ns)
sysclk  0.080

