Using: C:\Xilinx\2025.1.1\Vivado\bin\vivado.bat
Running simulation, synthesis, routing, timing checks, and bitstream generation...

****** Vivado v2025.1.1 (64-bit)
  **** SW Build 6233196 on Thu Sep 11 21:27:30 MDT 2025
  **** IP Build 6232796 on Fri Sep 12 01:46:16 MDT 2025
  **** SharedData Build 6233195 on Thu Sep 11 17:56:43 MDT 2025
  **** Start of session at: Thu Oct  8 22:25:00 2026
    ** Copyright 1986-2022 Xilinx, Inc. All Rights Reserved.
    ** Copyright 2022-2025 Advanced Micro Devices, Inc. All Rights Reserved.

source {C:\Users\yamle\OneDrive\Desktop\Project2_Radar_Final\Vivado\build_project.tcl}
# set p2_dir [file normalize [file join [file dirname [info script]] ..]]
# cd $p2_dir
# foreach d {Results Simulation Hardware Reports Build} {file mkdir [file join $p2_dir $d]}
# foreach f {Results/BUILD_SUCCESS.txt Results/BUILD_FAILED.txt Results/HARDWARE_PASS.txt Results/tb_cfar_core_PASS.txt Results/tb_radar_demo_PASS.txt Hardware/radar_top.bit Hardware/radar_top.ltx} {
#     if {[file exists $f]} {file delete $f}
# }
# proc p2_write {path content} {set f [open $path w];puts $f $content;close $f}
# proc p2_complete {name} {
#     if {![string match *Complete* [get_property STATUS [get_runs $name]]]} {
#         error "Run $name did not complete: [get_property STATUS [get_runs $name]]"
#     }
# }
# proc p2_main {} {
#     global p2_dir
#     # A fresh independent project; only this package's generated Build is used.
#     if {[regexp {\s} $p2_dir]} {error "Extract to a path without spaces, for example C:/FPGA_Projects/Project2_Radar_Final"}
#     set build_path [file join $p2_dir Build run_[clock format [clock seconds] -format %Y%m%d_%H%M%S]]
#     create_project project2_radar $build_path -part xc7z020clg400-1
#     p2_write [file join $p2_dir Results project_path.txt] [file join $build_path project2_radar.xpr]
#     set_property target_language Verilog [current_project]
#     set_property simulator_language Mixed [current_project]
#     add_files [list [file join $p2_dir RTL cfar_core.v] [file join $p2_dir RTL radar_demo.v] [file join $p2_dir RTL radar_top.v]]
#     add_files -fileset constrs_1 [file join $p2_dir RTL pynq_z2.xdc]
#     set_property top radar_top [get_filesets sources_1]
#     create_ip -name vio -vendor xilinx.com -library ip -version 3.0 -module_name vio_radar
#     set props [list CONFIG.C_NUM_PROBE_IN 17 CONFIG.C_NUM_PROBE_OUT 5]
#     set widths {1 1 8 16 16 16 16 16 19 16 16 1 2 2 1 128 32}
#     for {set i 0} {$i < [llength $widths]} {incr i} {
#         lappend props CONFIG.C_PROBE_IN${i}_WIDTH [lindex $widths $i]
#     }
#     set widths {1 1 2 2 1}
#     set initial {1 0 0 2 0}
#     for {set i 0} {$i < 5} {incr i} {
#         lappend props CONFIG.C_PROBE_OUT${i}_WIDTH [lindex $widths $i]
#         lappend props CONFIG.C_PROBE_OUT${i}_INIT_VAL [lindex $initial $i]
#     }
#     set_property -dict $props [get_ips vio_radar]
#     generate_target all [get_ips vio_radar]
#     add_files -fileset utils_1 -norecurse [file join $p2_dir Vivado debug_clock.tcl]
#     set_property STEPS.OPT_DESIGN.TCL.PRE [file join $p2_dir Vivado debug_clock.tcl] [get_runs impl_1]
#     set n 0
#     foreach top {tb_cfar_core tb_radar_demo} {
#         incr n
#         if {$n == 1} {set simset sim_1} else {set simset sim_demo;create_fileset -simset $simset}
#         add_files -fileset $simset [file join $p2_dir Testbench ${top}.sv]
#         set_property SOURCE_SET sources_1 [get_filesets $simset]
#         set_property top $top [get_filesets $simset]
#         set_property xsim.simulate.runtime 0ns [get_filesets $simset]
#         # Values beginning with '-' require the explicit named-argument form.
#         set_property -name {xsim.simulate.xsim.more_options} -value "-testplusarg OUTDIR=$p2_dir" -objects [get_filesets $simset]
#         update_compile_order -fileset $simset
#         launch_simulation -simset $simset -mode behavioral
#         log_wave -r /
#         run all
#         close_sim
#         set marker [file join $p2_dir Results ${top}_PASS.txt]
#         if {![file exists $marker]} {error "Simulation $top did not produce its PASS marker"}
#         set f [open $marker r];set result [read $f];close $f
#         if {![string match PASS* $result]} {error "Invalid PASS marker for $top"}
#     }
#     update_compile_order -fileset sources_1
#     launch_runs synth_1 -jobs 4
#     wait_on_run synth_1
#     p2_complete synth_1
#     launch_runs impl_1 -to_step route_design -jobs 4
#     wait_on_run impl_1
#     p2_complete impl_1
#     open_run impl_1
#     report_timing_summary -delay_type min_max -report_unconstrained -check_timing_verbose -file [file join $p2_dir Reports timing_summary.rpt]
#     report_utilization -hierarchical -file [file join $p2_dir Reports utilization.rpt]
#     report_drc -file [file join $p2_dir Reports drc.rpt]
#     report_methodology -file [file join $p2_dir Reports methodology.rpt]
#     report_clock_utilization -file [file join $p2_dir Reports clock_utilization.rpt]
#     report_pulse_width -file [file join $p2_dir Reports pulse_width.rpt]
#     check_timing -verbose -file [file join $p2_dir Reports check_timing.rpt]
#     set wns_path [get_timing_paths -setup -max_paths 1]
#     set whs_path [get_timing_paths -hold -max_paths 1]
#     if {[llength $wns_path] == 0 || [llength $whs_path] == 0} {error "No internal timing paths found"}
#     set wns [get_property SLACK $wns_path];set whs [get_property SLACK $whs_path]
#     if {$wns < 0 || $whs < 0} {error "Timing failed: WNS=$wns WHS=$whs"}
#     # Check the design timing summary's setup/hold/pulse-width summary row.
#     set f [open [file join $p2_dir Reports timing_summary.rpt] r];set ts [read $f];close $f
#     set wpws "";set pending 0
#     foreach line [split $ts \n] {
#         if {[string match *WNS*WPWS* $line]} {set pending 1;continue}
#         if {$pending && [regexp {^\s*(-?[0-9]+\.[0-9]+)\s} $line]} {
#             set row [regexp -all -inline {\S+} $line]
#             if {[llength $row] < 12} {error "Unexpected timing summary row: $line"}
#             set wpws [lindex $row 8]
#             if {[lindex $row 2]!=0 || [lindex $row 6]!=0 || [lindex $row 10]!=0} {error "Failing timing endpoints in summary"}
#             break
#         }
#     }
#     if {$wpws eq "" || ![string is double -strict $wpws] || $wpws < 0} {error "Pulse-width check failed or was not parsed"}
#     set drc_bad [get_drc_violations -quiet -filter {SEVERITY == "Error" || SEVERITY == "Critical Warning"}]
#     if {[llength $drc_bad]} {error "DRC has errors/critical warnings: $drc_bad"}
#     write_debug_probes -force [file join $p2_dir Hardware radar_top.ltx]
#     write_bitstream -force [file join $p2_dir Hardware radar_top.bit]
#     write_checkpoint -force [file join $p2_dir Reports routed_design.dcp]
#     foreach f {Hardware/radar_top.bit Hardware/radar_top.ltx} {
#         if {![file exists $f] || [file size $f]==0} {error "Missing hardware output $f"}
#     }
#     set manifest "Vivado: [version -short]\nPart: xc7z020clg400-1\nClock: 50 MHz\nWNS: $wns ns\nWHS: $whs ns\nWPWS: $wpws ns\n"
#     foreach f [concat [glob RTL/*] [glob Testbench/*] [glob Vivado/*.tcl]] {
#         set h [open $f rb];set bytes [read $h];close $h
#         append manifest "$f bytes=[string length $bytes] crc32=[format %08x [zlib crc32 $bytes]]\n"
#     }
#     p2_write [file join $p2_dir Results build_manifest.txt] $manifest
#     p2_write [file join $p2_dir Results BUILD_SUCCESS.txt] "BUILD SUCCESS\n[clock format [clock seconds]]\n$manifest\nSimulation + routed timing + DRC + bitstream complete. Physical board verification is a separate step. Review Reports/methodology.rpt and other warnings before final submission."
#     puts "PROJECT 2 BUILD SUCCESS: Hardware/radar_top.bit and Hardware/radar_top.ltx"
# }
# if {[catch {p2_main} err options]} {
#     p2_write [file join $p2_dir Results BUILD_FAILED.txt] "$err\n[dict get $options -errorinfo]"
#     puts stderr "PROJECT 2 BUILD FAILED: $err"
#     return -options $options $err
# }
INFO: [IP_Flow 19-234] Refreshing IP repositories
INFO: [IP_Flow 19-1704] No user IP repositories specified
INFO: [IP_Flow 19-2313] Loaded Vivado IP repository 'C:/Xilinx/2025.1.1/Vivado/data/ip'.
INFO: [IP_Flow 19-1686] Generating 'Instantiation Template' target for IP 'vio_radar'...
INFO: [IP_Flow 19-1686] Generating 'Synthesis' target for IP 'vio_radar'...
INFO: [IP_Flow 19-1686] Generating 'Simulation' target for IP 'vio_radar'...
INFO: [IP_Flow 19-1686] Generating 'Change Log' target for IP 'vio_radar'...
Command: launch_simulation  -simset sim_1 -mode behavioral
INFO: [Vivado 12-12493] Simulation top is 'tb_cfar_core'
INFO: [Vivado 12-5698] Checking validity of IPs in the design for the 'XSim' simulator...
INFO: [Vivado 12-5682] Launching behavioral simulation in 'C:/Users/yamle/OneDrive/Desktop/Project2_Radar_Final/Build/run_20261008_222502/project2_radar.sim/sim_1/behav/xsim'
INFO: [Vivado 12-13660] Precompiled IP simulation library mode is enabled (default). The design IP libraries will be referenced from the compiled library path. Please note that if the precompiled version of the library is not found from the path or the IP is in locked state, then the library source files for these IPs will be compiled locally as part of the compile order.
INFO: [Vivado 12-4795] Using compiled simulation libraries for IPs
INFO: [SIM-utils-51] Simulation object is 'sim_1'
INFO: [SIM-utils-72] Using boost library from 'C:/Xilinx/2025.1.1/Vivado/tps/boost_1_72_0'
INFO: [USF-XSim-7] Finding pre-compiled libraries...
INFO: [USF-XSim-11] File 'C:/Xilinx/2025.1.1/Vivado/data/xsim/xsim.ini' copied to run dir:'C:/Users/yamle/OneDrive/Desktop/Project2_Radar_Final/Build/run_20261008_222502/project2_radar.sim/sim_1/behav/xsim'
INFO: [SIM-utils-54] Inspecting design source files for 'tb_cfar_core' in fileset 'sim_1'...
INFO: [USF-XSim-97] Finding global include files...
INFO: [USF-XSim-98] Fetching design files from 'sim_1'...
INFO: [USF-XSim-2] XSim::Compile design
INFO: [USF-XSim-61] Executing 'COMPILE and ANALYZE' step in 'C:/Users/yamle/OneDrive/Desktop/Project2_Radar_Final/Build/run_20261008_222502/project2_radar.sim/sim_1/behav/xsim'
"xvlog --incr --relax -L uvm -prj tb_cfar_core_vlog.prj"
INFO: [VRFC 10-2263] Analyzing Verilog file "C:/Users/yamle/OneDrive/Desktop/Project2_Radar_Final/RTL/cfar_core.v" into library xil_defaultlib
INFO: [VRFC 10-311] analyzing module cfar_core
INFO: [VRFC 10-2263] Analyzing SystemVerilog file "C:/Users/yamle/OneDrive/Desktop/Project2_Radar_Final/Testbench/tb_cfar_core.sv" into library xil_defaultlib
INFO: [VRFC 10-311] analyzing module tb_cfar_core
INFO: [VRFC 10-2263] Analyzing Verilog file "C:/Users/yamle/OneDrive/Desktop/Project2_Radar_Final/Build/run_20261008_222502/project2_radar.sim/sim_1/behav/xsim/glbl.v" into library xil_defaultlib
INFO: [VRFC 10-311] analyzing module glbl
INFO: [USF-XSim-69] 'compile' step finished in '2' seconds
INFO: [USF-XSim-3] XSim::Elaborate design
INFO: [USF-XSim-61] Executing 'ELABORATE' step in 'C:/Users/yamle/OneDrive/Desktop/Project2_Radar_Final/Build/run_20261008_222502/project2_radar.sim/sim_1/behav/xsim'
"xelab --incr --debug typical --relax --mt 2 -L xil_defaultlib -L uvm -L unisims_ver -L unimacro_ver -L secureip -L xpm --snapshot tb_cfar_core_behav xil_defaultlib.tb_cfar_core xil_defaultlib.glbl -log elaborate.log"
Vivado Simulator v2025.1.1
Copyright 1986-2022 Xilinx, Inc. All Rights Reserved.
Copyright 2022-2025 Advanced Micro Devices, Inc. All Rights Reserved.
Running: C:/Xilinx/2025.1.1/Vivado/bin/unwrapped/win64.o/xelab.exe --incr --debug typical --relax --mt 2 -L xil_defaultlib -L uvm -L unisims_ver -L unimacro_ver -L secureip -L xpm --snapshot tb_cfar_core_behav xil_defaultlib.tb_cfar_core xil_defaultlib.glbl -log elaborate.log
Using 2 slave threads.
Starting static elaboration
Pass Through NonSizing Optimizer
Completed static elaboration
Starting simulation data flow analysis
Completed simulation data flow analysis
Time Resolution for simulation is 1ps
Compiling module xil_defaultlib.cfar_core
Compiling module xil_defaultlib.tb_cfar_core
Compiling module xil_defaultlib.glbl
Built simulation snapshot tb_cfar_core_behav
INFO: [USF-XSim-69] 'elaborate' step finished in '5' seconds
INFO: [USF-XSim-4] XSim::Simulate design
INFO: [USF-XSim-61] Executing 'SIMULATE' step in 'C:/Users/yamle/OneDrive/Desktop/Project2_Radar_Final/Build/run_20261008_222502/project2_radar.sim/sim_1/behav/xsim'
INFO: [USF-XSim-98] *** Running xsim
   with args "tb_cfar_core_behav -key {Behavioral:sim_1:Functional:tb_cfar_core} -tclbatch {tb_cfar_core.tcl} -log {simulate.log} -testplusarg OUTDIR=C:/Users/yamle/OneDrive/Desktop/Project2_Radar_Final"
INFO: [USF-XSim-8] Loading simulator feature
Time resolution is 1 ps
source tb_cfar_core.tcl
## set curr_wave [current_wave_config]
## if { [string length $curr_wave] == 0 } {
##   if { [llength [get_objects]] > 0} {
##     add_wave /
##     set_property needs_save false [current_wave_config]
##   } else {
##      send_msg_id Add_Wave-1 WARNING "No top level signals found. Simulator will start without a wave window. If you want to open a wave window go to 'File->New Waveform Configuration' or type 'create_wave_config' in the TCL console."
##   }
## }
WARNING: [Wavedata 42-489] Can't add object "/tb_cfar_core/samples" to the wave window because it has 131072 bits, which exceeds the display limit of 65536 bits.  To change the display limit, use the command "set_property display_limit <new limit> [current_wave_config]".
WARNING: [Wavedata 42-489] Can't add object "/tb_cfar_core/ev_valid" to the wave window because it has 1280032 bits, which exceeds the display limit of 65536 bits.  To change the display limit, use the command "set_property display_limit <new limit> [current_wave_config]".
WARNING: [Wavedata 42-489] Can't add object "/tb_cfar_core/ev_thr" to the wave window because it has 1280032 bits, which exceeds the display limit of 65536 bits.  To change the display limit, use the command "set_property display_limit <new limit> [current_wave_config]".
WARNING: [Wavedata 42-489] Can't add object "/tb_cfar_core/ev_cut" to the wave window because it has 1280032 bits, which exceeds the display limit of 65536 bits.  To change the display limit, use the command "set_property display_limit <new limit> [current_wave_config]".
WARNING: [Wavedata 42-489] Can't add object "/tb_cfar_core/ev_index" to the wave window because it has 1280032 bits, which exceeds the display limit of 65536 bits.  To change the display limit, use the command "set_property display_limit <new limit> [current_wave_config]".
WARNING: [Wavedata 42-489] Can't add object "/tb_cfar_core/ev_detect" to the wave window because it has 1280032 bits, which exceeds the display limit of 65536 bits.  To change the display limit, use the command "set_property display_limit <new limit> [current_wave_config]".
## run 0ns
INFO: [USF-XSim-96] XSim completed. Design snapshot 'tb_cfar_core_behav' loaded.
INFO: [USF-XSim-97] XSim simulation ran for 0ns
launch_simulation: Time (s): cpu = 00:00:00 ; elapsed = 00:00:11 . Memory (MB): peak = 536.242 ; gain = 16.914
CORE SIMULATION PASS: checked=10721 accepted=12963
$finish called at time : 645540 ns : File "C:/Users/yamle/OneDrive/Desktop/Project2_Radar_Final/Testbench/tb_cfar_core.sv" Line 122
INFO: [Simtcl 6-16] Simulation closed
Command: launch_simulation  -simset sim_demo -mode behavioral
INFO: [Vivado 12-12493] Simulation top is 'tb_radar_demo'
INFO: [Vivado 12-5698] Checking validity of IPs in the design for the 'XSim' simulator...
INFO: [Vivado 12-5682] Launching behavioral simulation in 'C:/Users/yamle/OneDrive/Desktop/Project2_Radar_Final/Build/run_20261008_222502/project2_radar.sim/sim_demo/behav/xsim'
INFO: [Vivado 12-13660] Precompiled IP simulation library mode is enabled (default). The design IP libraries will be referenced from the compiled library path. Please note that if the precompiled version of the library is not found from the path or the IP is in locked state, then the library source files for these IPs will be compiled locally as part of the compile order.
INFO: [Vivado 12-4795] Using compiled simulation libraries for IPs
INFO: [SIM-utils-51] Simulation object is 'sim_demo'
INFO: [SIM-utils-72] Using boost library from 'C:/Xilinx/2025.1.1/Vivado/tps/boost_1_72_0'
INFO: [USF-XSim-7] Finding pre-compiled libraries...
INFO: [USF-XSim-11] File 'C:/Xilinx/2025.1.1/Vivado/data/xsim/xsim.ini' copied to run dir:'C:/Users/yamle/OneDrive/Desktop/Project2_Radar_Final/Build/run_20261008_222502/project2_radar.sim/sim_demo/behav/xsim'
INFO: [SIM-utils-54] Inspecting design source files for 'tb_radar_demo' in fileset 'sim_demo'...
INFO: [USF-XSim-97] Finding global include files...
INFO: [USF-XSim-98] Fetching design files from 'sim_demo'...
INFO: [USF-XSim-2] XSim::Compile design
INFO: [USF-XSim-61] Executing 'COMPILE and ANALYZE' step in 'C:/Users/yamle/OneDrive/Desktop/Project2_Radar_Final/Build/run_20261008_222502/project2_radar.sim/sim_demo/behav/xsim'
"xvlog --incr --relax -L uvm -prj tb_radar_demo_vlog.prj"
INFO: [VRFC 10-2263] Analyzing Verilog file "C:/Users/yamle/OneDrive/Desktop/Project2_Radar_Final/RTL/cfar_core.v" into library xil_defaultlib
INFO: [VRFC 10-311] analyzing module cfar_core
INFO: [VRFC 10-2263] Analyzing Verilog file "C:/Users/yamle/OneDrive/Desktop/Project2_Radar_Final/RTL/radar_demo.v" into library xil_defaultlib
INFO: [VRFC 10-311] analyzing module radar_demo
INFO: [VRFC 10-2263] Analyzing SystemVerilog file "C:/Users/yamle/OneDrive/Desktop/Project2_Radar_Final/Testbench/tb_radar_demo.sv" into library xil_defaultlib
INFO: [VRFC 10-311] analyzing module tb_radar_demo
INFO: [VRFC 10-2263] Analyzing Verilog file "C:/Users/yamle/OneDrive/Desktop/Project2_Radar_Final/Build/run_20261008_222502/project2_radar.sim/sim_demo/behav/xsim/glbl.v" into library xil_defaultlib
INFO: [VRFC 10-311] analyzing module glbl
INFO: [USF-XSim-69] 'compile' step finished in '1' seconds
INFO: [USF-XSim-3] XSim::Elaborate design
INFO: [USF-XSim-61] Executing 'ELABORATE' step in 'C:/Users/yamle/OneDrive/Desktop/Project2_Radar_Final/Build/run_20261008_222502/project2_radar.sim/sim_demo/behav/xsim'
"xelab --incr --debug typical --relax --mt 2 -L xil_defaultlib -L uvm -L unisims_ver -L unimacro_ver -L secureip -L xpm --snapshot tb_radar_demo_behav xil_defaultlib.tb_radar_demo xil_defaultlib.glbl -log elaborate.log"
Vivado Simulator v2025.1.1
Copyright 1986-2022 Xilinx, Inc. All Rights Reserved.
Copyright 2022-2025 Advanced Micro Devices, Inc. All Rights Reserved.
Running: C:/Xilinx/2025.1.1/Vivado/bin/unwrapped/win64.o/xelab.exe --incr --debug typical --relax --mt 2 -L xil_defaultlib -L uvm -L unisims_ver -L unimacro_ver -L secureip -L xpm --snapshot tb_radar_demo_behav xil_defaultlib.tb_radar_demo xil_defaultlib.glbl -log elaborate.log
Using 2 slave threads.
Starting static elaboration
Pass Through NonSizing Optimizer
Completed static elaboration
Starting simulation data flow analysis
Completed simulation data flow analysis
Time Resolution for simulation is 1ps
Compiling module xil_defaultlib.cfar_core
Compiling module xil_defaultlib.radar_demo
Compiling module xil_defaultlib.tb_radar_demo
Compiling module xil_defaultlib.glbl
Built simulation snapshot tb_radar_demo_behav
INFO: [USF-XSim-69] 'elaborate' step finished in '2' seconds
INFO: [USF-XSim-4] XSim::Simulate design
INFO: [USF-XSim-61] Executing 'SIMULATE' step in 'C:/Users/yamle/OneDrive/Desktop/Project2_Radar_Final/Build/run_20261008_222502/project2_radar.sim/sim_demo/behav/xsim'
INFO: [USF-XSim-98] *** Running xsim
   with args "tb_radar_demo_behav -key {Behavioral:sim_1:Functional:tb_radar_demo} -tclbatch {tb_radar_demo.tcl} -log {simulate.log} -testplusarg OUTDIR=C:/Users/yamle/OneDrive/Desktop/Project2_Radar_Final"
INFO: [USF-XSim-8] Loading simulator feature
Time resolution is 1 ps
source tb_radar_demo.tcl
## set curr_wave [current_wave_config]
## if { [string length $curr_wave] == 0 } {
##   if { [llength [get_objects]] > 0} {
##     add_wave /
##     set_property needs_save false [current_wave_config]
##   } else {
##      send_msg_id Add_Wave-1 WARNING "No top level signals found. Simulator will start without a wave window. If you want to open a wave window go to 'File->New Waveform Configuration' or type 'create_wave_config' in the TCL console."
##   }
## }
## run 0ns
INFO: [USF-XSim-96] XSim completed. Design snapshot 'tb_radar_demo_behav' loaded.
INFO: [USF-XSim-97] XSim simulation ran for 0ns
launch_simulation: Time (s): cpu = 00:00:01 ; elapsed = 00:00:07 . Memory (MB): peak = 536.242 ; gain = 0.000
DEMO PASS sc=0 alpha=1 gap=0 detections=0 results=80 cycles=104
DEMO PASS sc=0 alpha=1 gap=1 detections=0 results=80 cycles=302
DEMO PASS sc=0 alpha=2 gap=0 detections=0 results=80 cycles=104
DEMO PASS sc=0 alpha=2 gap=1 detections=0 results=80 cycles=302
DEMO PASS sc=0 alpha=4 gap=0 detections=0 results=80 cycles=104
DEMO PASS sc=0 alpha=4 gap=1 detections=0 results=80 cycles=302
DEMO PASS sc=0 alpha=8 gap=0 detections=0 results=80 cycles=104
DEMO PASS sc=0 alpha=8 gap=1 detections=0 results=80 cycles=302
DEMO PASS sc=1 alpha=1 gap=0 detections=3 results=80 cycles=104
DEMO PASS sc=1 alpha=1 gap=1 detections=3 results=80 cycles=302
DEMO PASS sc=1 alpha=2 gap=0 detections=3 results=80 cycles=104
DEMO PASS sc=1 alpha=2 gap=1 detections=3 results=80 cycles=302
DEMO PASS sc=1 alpha=4 gap=0 detections=3 results=80 cycles=104
DEMO PASS sc=1 alpha=4 gap=1 detections=3 results=80 cycles=302
DEMO PASS sc=1 alpha=8 gap=0 detections=3 results=80 cycles=104
DEMO PASS sc=1 alpha=8 gap=1 detections=3 results=80 cycles=302
DEMO PASS sc=2 alpha=1 gap=0 detections=1 results=80 cycles=104
DEMO PASS sc=2 alpha=1 gap=1 detections=1 results=80 cycles=302
DEMO PASS sc=2 alpha=2 gap=0 detections=1 results=80 cycles=104
DEMO PASS sc=2 alpha=2 gap=1 detections=1 results=80 cycles=302
DEMO PASS sc=2 alpha=4 gap=0 detections=0 results=80 cycles=104
DEMO PASS sc=2 alpha=4 gap=1 detections=0 results=80 cycles=302
DEMO PASS sc=2 alpha=8 gap=0 detections=0 results=80 cycles=104
DEMO PASS sc=2 alpha=8 gap=1 detections=0 results=80 cycles=302
DEMO PASS sc=3 alpha=1 gap=0 detections=1 results=80 cycles=104
DEMO PASS sc=3 alpha=1 gap=1 detections=1 results=80 cycles=302
DEMO PASS sc=3 alpha=2 gap=0 detections=1 results=80 cycles=104
DEMO PASS sc=3 alpha=2 gap=1 detections=1 results=80 cycles=302
DEMO PASS sc=3 alpha=4 gap=0 detections=0 results=80 cycles=104
DEMO PASS sc=3 alpha=4 gap=1 detections=0 results=80 cycles=302
DEMO PASS sc=3 alpha=8 gap=0 detections=0 results=80 cycles=104
DEMO PASS sc=3 alpha=8 gap=1 detections=0 results=80 cycles=302
DEMO PASS sc=1 alpha=4 gap=0 detections=3 results=80 cycles=104
DEMO SIMULATION PASS: 33 frame checks
$finish called at time : 143060 ns : File "C:/Users/yamle/OneDrive/Desktop/Project2_Radar_Final/Testbench/tb_radar_demo.sv" Line 80
INFO: [Simtcl 6-16] Simulation closed
WARNING: [Vivado 12-7122] Auto Incremental Compile:: No reference checkpoint was found in run synth_1. Auto-incremental flow will not be run, the standard flow will be run instead.
[Thu Oct  8 22:25:36 2026] Launched vio_radar_synth_1...
Run output will be captured here: C:/Users/yamle/OneDrive/Desktop/Project2_Radar_Final/Build/run_20261008_222502/project2_radar.runs/vio_radar_synth_1/runme.log
[Thu Oct  8 22:25:36 2026] Launched synth_1...
Run output will be captured here: C:/Users/yamle/OneDrive/Desktop/Project2_Radar_Final/Build/run_20261008_222502/project2_radar.runs/synth_1/runme.log
[Thu Oct  8 22:25:36 2026] Waiting for synth_1 to finish...


*** Running vivado
    with args -log radar_top.vds -m64 -product Vivado -mode batch -messageDb vivado.pb -notrace -source radar_top.tcl



****** Vivado v2025.1.1 (64-bit)
  **** SW Build 6233196 on Thu Sep 11 21:27:30 MDT 2025
  **** IP Build 6232796 on Fri Sep 12 01:46:16 MDT 2025
  **** SharedData Build 6233195 on Thu Sep 11 17:56:43 MDT 2025
  **** Start of session at: Thu Oct  8 22:29:16 2026
    ** Copyright 1986-2022 Xilinx, Inc. All Rights Reserved.
    ** Copyright 2022-2025 Advanced Micro Devices, Inc. All Rights Reserved.

source radar_top.tcl -notrace
create_project: Time (s): cpu = 00:00:19 ; elapsed = 00:00:17 . Memory (MB): peak = 485.703 ; gain = 211.434
Command: synth_design -top radar_top -part xc7z020clg400-1
Starting synth_design
Attempting to get a license for feature 'Synthesis' and/or device 'xc7z020'
INFO: [Common 17-349] Got license for feature 'Synthesis' and/or device 'xc7z020'
INFO: [Device 21-403] Loading part xc7z020clg400-1
INFO: [Synth 8-7079] Multithreading enabled for synth_design using a maximum of 2 processes.
INFO: [Synth 8-7078] Launching helper process for spawning children vivado processes
INFO: [Synth 8-7075] Helper process launched with PID 34020
---------------------------------------------------------------------------------
Starting RTL Elaboration : Time (s): cpu = 00:00:19 ; elapsed = 00:00:21 . Memory (MB): peak = 1223.766 ; gain = 486.293
---------------------------------------------------------------------------------
INFO: [Synth 8-6157] synthesizing module 'radar_top' [C:/Users/yamle/OneDrive/Desktop/Project2_Radar_Final/RTL/radar_top.v:2]
INFO: [Synth 8-6157] synthesizing module 'IBUF' [C:/Xilinx/2025.1.1/Vivado/scripts/rt/data/unisim_comp.v:82927]
INFO: [Synth 8-6155] done synthesizing module 'IBUF' (0#1) [C:/Xilinx/2025.1.1/Vivado/scripts/rt/data/unisim_comp.v:82927]
INFO: [Synth 8-6157] synthesizing module 'MMCME2_BASE' [C:/Xilinx/2025.1.1/Vivado/scripts/rt/data/unisim_comp.v:95632]
        Parameter BANDWIDTH bound to: OPTIMIZED - type: string
        Parameter CLKFBOUT_MULT_F bound to: 8.000000 - type: double
        Parameter CLKIN1_PERIOD bound to: 8.000000 - type: double
        Parameter CLKOUT0_DIVIDE_F bound to: 20.000000 - type: double
        Parameter DIVCLK_DIVIDE bound to: 1 - type: integer
        Parameter STARTUP_WAIT bound to: FALSE - type: string
INFO: [Synth 8-6155] done synthesizing module 'MMCME2_BASE' (0#1) [C:/Xilinx/2025.1.1/Vivado/scripts/rt/data/unisim_comp.v:95632]
INFO: [Synth 8-6157] synthesizing module 'BUFG' [C:/Xilinx/2025.1.1/Vivado/scripts/rt/data/unisim_comp.v:2678]
INFO: [Synth 8-6155] done synthesizing module 'BUFG' (0#1) [C:/Xilinx/2025.1.1/Vivado/scripts/rt/data/unisim_comp.v:2678]
INFO: [Synth 8-6157] synthesizing module 'radar_demo' [C:/Users/yamle/OneDrive/Desktop/Project2_Radar_Final/RTL/radar_demo.v:4]
INFO: [Synth 8-6157] synthesizing module 'cfar_core' [C:/Users/yamle/OneDrive/Desktop/Project2_Radar_Final/RTL/cfar_core.v:8]
INFO: [Synth 8-6155] done synthesizing module 'cfar_core' (0#1) [C:/Users/yamle/OneDrive/Desktop/Project2_Radar_Final/RTL/cfar_core.v:8]
INFO: [Synth 8-226] default block is never used [C:/Users/yamle/OneDrive/Desktop/Project2_Radar_Final/RTL/radar_demo.v:67]
INFO: [Synth 8-6155] done synthesizing module 'radar_demo' (0#1) [C:/Users/yamle/OneDrive/Desktop/Project2_Radar_Final/RTL/radar_demo.v:4]
INFO: [Synth 8-6157] synthesizing module 'vio_radar' [C:/Users/yamle/OneDrive/Desktop/Project2_Radar_Final/Build/run_20261008_222502/project2_radar.runs/synth_1/.Xil/Vivado-33284-KARTIK-PC/realtime/vio_radar_stub.v:6]
INFO: [Synth 8-6155] done synthesizing module 'vio_radar' (0#1) [C:/Users/yamle/OneDrive/Desktop/Project2_Radar_Final/Build/run_20261008_222502/project2_radar.runs/synth_1/.Xil/Vivado-33284-KARTIK-PC/realtime/vio_radar_stub.v:6]
INFO: [Synth 8-6155] done synthesizing module 'radar_top' (0#1) [C:/Users/yamle/OneDrive/Desktop/Project2_Radar_Final/RTL/radar_top.v:2]
WARNING: [Synth 8-6014] Unused sequential element window_data_reg[20] was removed.  [C:/Users/yamle/OneDrive/Desktop/Project2_Radar_Final/RTL/cfar_core.v:30]
INFO: [Synth 8-6071] Mark debug on the nets applies keep_hierarchy on instance 'u_vio'. This will prevent further optimization [C:/Users/yamle/OneDrive/Desktop/Project2_Radar_Final/RTL/radar_top.v:42]
INFO: [Synth 8-6071] Mark debug on the nets applies keep_hierarchy on instance 'u_demo'. This will prevent further optimization [C:/Users/yamle/OneDrive/Desktop/Project2_Radar_Final/RTL/radar_top.v:33]
---------------------------------------------------------------------------------
Finished RTL Elaboration : Time (s): cpu = 00:00:25 ; elapsed = 00:00:27 . Memory (MB): peak = 1335.461 ; gain = 597.988
---------------------------------------------------------------------------------
---------------------------------------------------------------------------------
Start Handling Custom Attributes
---------------------------------------------------------------------------------
---------------------------------------------------------------------------------
Finished Handling Custom Attributes : Time (s): cpu = 00:00:25 ; elapsed = 00:00:27 . Memory (MB): peak = 1335.461 ; gain = 597.988
---------------------------------------------------------------------------------
---------------------------------------------------------------------------------
Finished RTL Optimization Phase 1 : Time (s): cpu = 00:00:25 ; elapsed = 00:00:27 . Memory (MB): peak = 1335.461 ; gain = 597.988
---------------------------------------------------------------------------------
Netlist sorting complete. Time (s): cpu = 00:00:00 ; elapsed = 00:00:00.066 . Memory (MB): peak = 1335.461 ; gain = 0.000
INFO: [Netlist 29-17] Analyzing 1 Unisim elements for replacement
INFO: [Netlist 29-28] Unisim Transformation completed in 0 CPU seconds
INFO: [Project 1-570] Preparing netlist for logic optimization

Processing XDC Constraints
Initializing timing engine
Parsing XDC File [c:/Users/yamle/OneDrive/Desktop/Project2_Radar_Final/Build/run_20261008_222502/project2_radar.gen/sources_1/ip/vio_radar/vio_radar/vio_radar_in_context.xdc] for cell 'u_vio'
Finished Parsing XDC File [c:/Users/yamle/OneDrive/Desktop/Project2_Radar_Final/Build/run_20261008_222502/project2_radar.gen/sources_1/ip/vio_radar/vio_radar/vio_radar_in_context.xdc] for cell 'u_vio'
Parsing XDC File [C:/Users/yamle/OneDrive/Desktop/Project2_Radar_Final/RTL/pynq_z2.xdc]
Finished Parsing XDC File [C:/Users/yamle/OneDrive/Desktop/Project2_Radar_Final/RTL/pynq_z2.xdc]
INFO: [Project 1-236] Implementation specific constraints were found while reading constraint file [C:/Users/yamle/OneDrive/Desktop/Project2_Radar_Final/RTL/pynq_z2.xdc]. These constraints will be ignored for synthesis but will be used in implementation. Impacted constraints are listed in the file [.Xil/radar_top_propImpl.xdc].
Resolution: To avoid this warning, move constraints listed in [.Xil/radar_top_propImpl.xdc] to another XDC file and exclude this new file from synthesis with the used_in_synthesis property (File Properties dialog in GUI) and re-run elaboration/synthesis.
INFO: [Timing 38-2] Deriving generated clocks
Completed Processing XDC Constraints

Netlist sorting complete. Time (s): cpu = 00:00:00 ; elapsed = 00:00:00.003 . Memory (MB): peak = 1399.910 ; gain = 0.000
INFO: [Project 1-111] Unisim Transformation Summary:
  A total of 1 instances were transformed.
  MMCME2_BASE => MMCME2_ADV: 1 instance

Constraint Validation Runtime : Time (s): cpu = 00:00:00 ; elapsed = 00:00:00.036 . Memory (MB): peak = 1399.910 ; gain = 0.000
---------------------------------------------------------------------------------
Finished Constraint Validation : Time (s): cpu = 00:00:55 ; elapsed = 00:01:01 . Memory (MB): peak = 1399.910 ; gain = 662.438
---------------------------------------------------------------------------------
---------------------------------------------------------------------------------
Start Loading Part and Timing Information
---------------------------------------------------------------------------------
Loading part: xc7z020clg400-1
---------------------------------------------------------------------------------
Finished Loading Part and Timing Information : Time (s): cpu = 00:00:55 ; elapsed = 00:01:01 . Memory (MB): peak = 1399.910 ; gain = 662.438
---------------------------------------------------------------------------------
---------------------------------------------------------------------------------
Start Applying 'set_property' XDC Constraints
---------------------------------------------------------------------------------
---------------------------------------------------------------------------------
Finished applying 'set_property' XDC Constraints : Time (s): cpu = 00:00:55 ; elapsed = 00:01:01 . Memory (MB): peak = 1399.910 ; gain = 662.438
---------------------------------------------------------------------------------
INFO: [Synth 8-802] inferred FSM for state register 'state_reg' in module 'radar_demo'
---------------------------------------------------------------------------------------------------
                   State |                     New Encoding |                Previous Encoding
---------------------------------------------------------------------------------------------------
                    IDLE |                               00 |                               00
                   CLEAR |                               01 |                               01
                    FEED |                               10 |                               10
                   DRAIN |                               11 |                               11
---------------------------------------------------------------------------------------------------
INFO: [Synth 8-3354] encoded FSM with state register 'state_reg' using encoding 'sequential' in module 'radar_demo'
---------------------------------------------------------------------------------
Finished RTL Optimization Phase 2 : Time (s): cpu = 00:00:57 ; elapsed = 00:01:02 . Memory (MB): peak = 1399.910 ; gain = 662.438
---------------------------------------------------------------------------------
---------------------------------------------------------------------------------
Start RTL Component Statistics
---------------------------------------------------------------------------------
Detailed RTL Component Info :
+---Adders :
           4 Input   20 Bit       Adders := 1
           4 Input   18 Bit       Adders := 4
           2 Input   16 Bit       Adders := 2
           2 Input    8 Bit       Adders := 1
           2 Input    7 Bit       Adders := 1
           2 Input    5 Bit       Adders := 1
           2 Input    2 Bit       Adders := 1
+---Registers :
                      128 Bit    Registers := 1
                       20 Bit    Registers := 1
                       19 Bit    Registers := 2
                       18 Bit    Registers := 4
                       16 Bit    Registers := 32
                        8 Bit    Registers := 2
                        7 Bit    Registers := 1
                        5 Bit    Registers := 1
                        2 Bit    Registers := 5
                        1 Bit    Registers := 8
+---Muxes :
           4 Input  128 Bit        Muxes := 1
           2 Input  128 Bit        Muxes := 6
           2 Input   19 Bit        Muxes := 1
           2 Input   16 Bit        Muxes := 11
           4 Input   16 Bit        Muxes := 4
           4 Input   11 Bit        Muxes := 1
           2 Input    9 Bit        Muxes := 1
           2 Input    8 Bit        Muxes := 2
           4 Input    7 Bit        Muxes := 1
           3 Input    2 Bit        Muxes := 1
           4 Input    2 Bit        Muxes := 2
           2 Input    2 Bit        Muxes := 1
           2 Input    1 Bit        Muxes := 18
           4 Input    1 Bit        Muxes := 11
---------------------------------------------------------------------------------
Finished RTL Component Statistics
---------------------------------------------------------------------------------
---------------------------------------------------------------------------------
Start Part Resource Summary
---------------------------------------------------------------------------------
Part Resources:
DSPs: 220 (col length:60)
BRAMs: 280 (col length: RAMB18 60 RAMB36 30)
---------------------------------------------------------------------------------
Finished Part Resource Summary
---------------------------------------------------------------------------------
---------------------------------------------------------------------------------
Start Cross Boundary and Area Optimization
---------------------------------------------------------------------------------
WARNING: [Synth 8-7080] Parallel synthesis criteria is not met
---------------------------------------------------------------------------------
Finished Cross Boundary and Area Optimization : Time (s): cpu = 00:01:20 ; elapsed = 00:01:27 . Memory (MB): peak = 1423.742 ; gain = 686.270
---------------------------------------------------------------------------------
---------------------------------------------------------------------------------
Start Applying XDC Timing Constraints
---------------------------------------------------------------------------------
---------------------------------------------------------------------------------
Finished Applying XDC Timing Constraints : Time (s): cpu = 00:01:43 ; elapsed = 00:01:52 . Memory (MB): peak = 1551.027 ; gain = 813.555
---------------------------------------------------------------------------------
---------------------------------------------------------------------------------
Start Timing Optimization
---------------------------------------------------------------------------------
---------------------------------------------------------------------------------
Finished Timing Optimization : Time (s): cpu = 00:01:44 ; elapsed = 00:01:53 . Memory (MB): peak = 1554.535 ; gain = 817.062
---------------------------------------------------------------------------------
---------------------------------------------------------------------------------
Start Technology Mapping
---------------------------------------------------------------------------------
---------------------------------------------------------------------------------
Finished Technology Mapping : Time (s): cpu = 00:01:46 ; elapsed = 00:01:55 . Memory (MB): peak = 1581.438 ; gain = 843.965
---------------------------------------------------------------------------------
---------------------------------------------------------------------------------
Start IO Insertion
---------------------------------------------------------------------------------
---------------------------------------------------------------------------------
Start Flattening Before IO Insertion
---------------------------------------------------------------------------------
---------------------------------------------------------------------------------
Finished Flattening Before IO Insertion
---------------------------------------------------------------------------------
---------------------------------------------------------------------------------
Start Final Netlist Cleanup
---------------------------------------------------------------------------------
---------------------------------------------------------------------------------
Finished Final Netlist Cleanup
---------------------------------------------------------------------------------
---------------------------------------------------------------------------------
Finished IO Insertion : Time (s): cpu = 00:02:01 ; elapsed = 00:02:11 . Memory (MB): peak = 1793.781 ; gain = 1056.309
---------------------------------------------------------------------------------
---------------------------------------------------------------------------------
Start Renaming Generated Instances
---------------------------------------------------------------------------------
---------------------------------------------------------------------------------
Finished Renaming Generated Instances : Time (s): cpu = 00:02:01 ; elapsed = 00:02:11 . Memory (MB): peak = 1793.781 ; gain = 1056.309
---------------------------------------------------------------------------------
---------------------------------------------------------------------------------
Start Rebuilding User Hierarchy
---------------------------------------------------------------------------------
---------------------------------------------------------------------------------
Finished Rebuilding User Hierarchy : Time (s): cpu = 00:02:01 ; elapsed = 00:02:11 . Memory (MB): peak = 1793.781 ; gain = 1056.309
---------------------------------------------------------------------------------
---------------------------------------------------------------------------------
Start Renaming Generated Ports
---------------------------------------------------------------------------------
---------------------------------------------------------------------------------
Finished Renaming Generated Ports : Time (s): cpu = 00:02:01 ; elapsed = 00:02:11 . Memory (MB): peak = 1793.781 ; gain = 1056.309
---------------------------------------------------------------------------------
---------------------------------------------------------------------------------
Start Handling Custom Attributes
---------------------------------------------------------------------------------
---------------------------------------------------------------------------------
Finished Handling Custom Attributes : Time (s): cpu = 00:02:01 ; elapsed = 00:02:12 . Memory (MB): peak = 1793.781 ; gain = 1056.309
---------------------------------------------------------------------------------
---------------------------------------------------------------------------------
Start Renaming Generated Nets
---------------------------------------------------------------------------------
---------------------------------------------------------------------------------
Finished Renaming Generated Nets : Time (s): cpu = 00:02:01 ; elapsed = 00:02:12 . Memory (MB): peak = 1793.781 ; gain = 1056.309
---------------------------------------------------------------------------------
---------------------------------------------------------------------------------
Start Writing Synthesis Report
---------------------------------------------------------------------------------

Report BlackBoxes:
+------+--------------+----------+
|      |BlackBox name |Instances |
+------+--------------+----------+
|1     |vio_radar     |         1|
+------+--------------+----------+

Report Cell Usage:
+------+------------+------+
|      |Cell        |Count |
+------+------------+------+
|1     |vio_radar   |     1|
|2     |BUFG        |     2|
|3     |CARRY4      |    51|
|4     |LUT1        |    51|
|5     |LUT2        |    27|
|6     |LUT3        |    84|
|7     |LUT4        |   248|
|8     |LUT5        |   102|
|9     |LUT6        |   161|
|10    |MMCME2_BASE |     1|
|11    |FDPE        |     8|
|12    |FDRE        |   696|
|13    |FDSE        |    49|
|14    |IBUF        |     1|
|15    |OBUF        |     4|
+------+------------+------+
---------------------------------------------------------------------------------
Finished Writing Synthesis Report : Time (s): cpu = 00:02:01 ; elapsed = 00:02:12 . Memory (MB): peak = 1793.781 ; gain = 1056.309
---------------------------------------------------------------------------------
Synthesis finished with 0 errors, 0 critical warnings and 1 warnings.
Synthesis Optimization Runtime : Time (s): cpu = 00:01:29 ; elapsed = 00:02:03 . Memory (MB): peak = 1793.781 ; gain = 991.859
Synthesis Optimization Complete : Time (s): cpu = 00:02:02 ; elapsed = 00:02:12 . Memory (MB): peak = 1793.781 ; gain = 1056.309
INFO: [Project 1-571] Translating synthesized netlist
Netlist sorting complete. Time (s): cpu = 00:00:00 ; elapsed = 00:00:00.051 . Memory (MB): peak = 1793.781 ; gain = 0.000
INFO: [Netlist 29-17] Analyzing 52 Unisim elements for replacement
INFO: [Netlist 29-28] Unisim Transformation completed in 0 CPU seconds
INFO: [Project 1-570] Preparing netlist for logic optimization
INFO: [Opt 31-138] Pushed 0 inverter(s) to 0 load pin(s).
Netlist sorting complete. Time (s): cpu = 00:00:00 ; elapsed = 00:00:00.002 . Memory (MB): peak = 1793.781 ; gain = 0.000
INFO: [Project 1-111] Unisim Transformation Summary:
  A total of 1 instances were transformed.
  MMCME2_BASE => MMCME2_ADV: 1 instance

Synth Design complete | Checksum: 38b77154
INFO: [Common 17-83] Releasing license: Synthesis
37 Infos, 2 Warnings, 0 Critical Warnings and 0 Errors encountered.
synth_design completed successfully
synth_design: Time (s): cpu = 00:02:15 ; elapsed = 00:02:33 . Memory (MB): peak = 1793.781 ; gain = 1290.852
Write ShapeDB Complete: Time (s): cpu = 00:00:00 ; elapsed = 00:00:00.027 . Memory (MB): peak = 1793.781 ; gain = 0.000
INFO: [Common 17-1381] The checkpoint 'C:/Users/yamle/OneDrive/Desktop/Project2_Radar_Final/Build/run_20261008_222502/project2_radar.runs/synth_1/radar_top.dcp' has been generated.
INFO: [Vivado 12-24828] Executing command : report_utilization -file radar_top_utilization_synth.rpt -pb radar_top_utilization_synth.pb
INFO: [Common 17-206] Exiting Vivado at Thu Oct  8 22:32:13 2026...
[Thu Oct  8 22:32:13 2026] synth_1 finished
wait_on_runs: Time (s): cpu = 00:00:01 ; elapsed = 00:06:37 . Memory (MB): peak = 536.242 ; gain = 0.000
[Thu Oct  8 22:32:14 2026] Launched impl_1...
Run output will be captured here: C:/Users/yamle/OneDrive/Desktop/Project2_Radar_Final/Build/run_20261008_222502/project2_radar.runs/impl_1/runme.log
[Thu Oct  8 22:32:14 2026] Waiting for impl_1 to finish...


*** Running vivado
    with args -log radar_top.vdi -applog -m64 -product Vivado -messageDb vivado.pb -mode batch -source radar_top.tcl -notrace



****** Vivado v2025.1.1 (64-bit)
  **** SW Build 6233196 on Thu Sep 11 21:27:30 MDT 2025
  **** IP Build 6232796 on Fri Sep 12 01:46:16 MDT 2025
  **** SharedData Build 6233195 on Thu Sep 11 17:56:43 MDT 2025
  **** Start of session at: Thu Oct  8 22:32:21 2026
    ** Copyright 1986-2022 Xilinx, Inc. All Rights Reserved.
    ** Copyright 2022-2025 Advanced Micro Devices, Inc. All Rights Reserved.

source radar_top.tcl -notrace
create_project: Time (s): cpu = 00:00:20 ; elapsed = 00:00:18 . Memory (MB): peak = 486.043 ; gain = 211.379
Command: link_design -top radar_top -part xc7z020clg400-1
Design is defaulting to srcset: sources_1
Design is defaulting to constrset: constrs_1
INFO: [Device 21-403] Loading part xc7z020clg400-1
INFO: [Project 1-5699] Read binary netlist with skipMacroContent - 1
INFO: [Project 1-454] Reading design checkpoint 'c:/Users/yamle/OneDrive/Desktop/Project2_Radar_Final/Build/run_20261008_222502/project2_radar.gen/sources_1/ip/vio_radar/vio_radar.dcp' for cell 'u_vio'
Netlist sorting complete. Time (s): cpu = 00:00:00 ; elapsed = 00:00:00.085 . Memory (MB): peak = 760.953 ; gain = 0.000
INFO: [Netlist 29-17] Analyzing 196 Unisim elements for replacement
INFO: [Netlist 29-28] Unisim Transformation completed in 0 CPU seconds
INFO: [Project 1-479] Netlist was created with Vivado 2025.1.1
INFO: [Project 1-570] Preparing netlist for logic optimization
INFO: [Chipscope 16-324] Core: u_vio UUID: 407d14e8-1cc9-58ef-8c2e-354d7bf170fd
Parsing XDC File [c:/Users/yamle/OneDrive/Desktop/Project2_Radar_Final/Build/run_20261008_222502/project2_radar.gen/sources_1/ip/vio_radar/vio_radar.xdc] for cell 'u_vio'
Finished Parsing XDC File [c:/Users/yamle/OneDrive/Desktop/Project2_Radar_Final/Build/run_20261008_222502/project2_radar.gen/sources_1/ip/vio_radar/vio_radar.xdc] for cell 'u_vio'
Parsing XDC File [C:/Users/yamle/OneDrive/Desktop/Project2_Radar_Final/RTL/pynq_z2.xdc]
Finished Parsing XDC File [C:/Users/yamle/OneDrive/Desktop/Project2_Radar_Final/RTL/pynq_z2.xdc]
INFO: [Opt 31-138] Pushed 0 inverter(s) to 0 load pin(s).
Netlist sorting complete. Time (s): cpu = 00:00:00 ; elapsed = 00:00:00.008 . Memory (MB): peak = 898.902 ; gain = 0.000
INFO: [Project 1-111] Unisim Transformation Summary:
No Unisim elements were transformed.

10 Infos, 0 Warnings, 0 Critical Warnings and 0 Errors encountered.
link_design completed successfully
link_design: Time (s): cpu = 00:00:16 ; elapsed = 00:00:23 . Memory (MB): peak = 898.902 ; gain = 396.449
source C:/Users/yamle/OneDrive/Desktop/Project2_Radar_Final/Vivado/debug_clock.tcl
Command: opt_design
Attempting to get a license for feature 'Implementation' and/or device 'xc7z020'
INFO: [Common 17-349] Got license for feature 'Implementation' and/or device 'xc7z020'
Running DRC as a precondition to command opt_design

Starting DRC Task
INFO: [DRC 23-27] Running DRC with 2 threads
INFO: [Project 1-461] DRC finished with 0 Errors
INFO: [Project 1-462] Please refer to the DRC report (report_drc) for more information.

Time (s): cpu = 00:00:04 ; elapsed = 00:00:03 . Memory (MB): peak = 934.164 ; gain = 35.262

Starting Cache Timing Information Task
INFO: [Timing 38-35] Done setting XDC timing constraints.
INFO: [Timing 38-2] Deriving generated clocks
Ending Cache Timing Information Task | Checksum: 1d9d93a05

Time (s): cpu = 00:00:24 ; elapsed = 00:00:27 . Memory (MB): peak = 1480.926 ; gain = 546.762

Starting Logic Optimization Task

Phase 1 Initialization

Phase 1.1 Core Generation And Design Setup

Phase 1.1.1 Generate And Synthesize Debug Cores
INFO: [Chipscope 16-329] Generating Script for core instance : dbg_hub
INFO: [IP_Flow 19-3806] Processing IP xilinx.com:ip:xsdbm:3.0 for cell dbg_hub_CV.
Done building netlist checker database: Time (s): cpu = 00:00:00 ; elapsed = 00:00:00.001 . Memory (MB): peak = 1926.168 ; gain = 0.000
Netlist sorting complete. Time (s): cpu = 00:00:00 ; elapsed = 00:00:00.013 . Memory (MB): peak = 1926.168 ; gain = 0.000
Phase 1.1.1 Generate And Synthesize Debug Cores | Checksum: 1a9bde805

Time (s): cpu = 00:00:01 ; elapsed = 00:02:59 . Memory (MB): peak = 1926.168 ; gain = 22.316
Phase 1.1 Core Generation And Design Setup | Checksum: 1a9bde805

Time (s): cpu = 00:00:01 ; elapsed = 00:02:59 . Memory (MB): peak = 1926.168 ; gain = 22.316

Phase 1.2 Setup Constraints And Sort Netlist
Phase 1.2 Setup Constraints And Sort Netlist | Checksum: 1a9bde805

Time (s): cpu = 00:00:01 ; elapsed = 00:02:59 . Memory (MB): peak = 1926.168 ; gain = 22.316
Phase 1 Initialization | Checksum: 1a9bde805

Time (s): cpu = 00:00:01 ; elapsed = 00:02:59 . Memory (MB): peak = 1926.168 ; gain = 22.316

Phase 2 Timer Update And Timing Data Collection

Phase 2.1 Timer Update
Phase 2.1 Timer Update | Checksum: 1a9bde805

Time (s): cpu = 00:00:01 ; elapsed = 00:02:59 . Memory (MB): peak = 1926.168 ; gain = 22.316

Phase 2.2 Timing Data Collection
Phase 2.2 Timing Data Collection | Checksum: 1a9bde805

Time (s): cpu = 00:00:01 ; elapsed = 00:02:59 . Memory (MB): peak = 1926.168 ; gain = 22.316
Phase 2 Timer Update And Timing Data Collection | Checksum: 1a9bde805

Time (s): cpu = 00:00:01 ; elapsed = 00:02:59 . Memory (MB): peak = 1926.168 ; gain = 22.316

Phase 3 Retarget
INFO: [Opt 31-1851] Number of loadless carry chains removed were: 0
INFO: [Opt 31-1834] Total Chains To Be Transformed Were: 0 AND Number of Transformed insts Created are: 0
INFO: [Opt 31-138] Pushed 0 inverter(s) to 0 load pin(s).
INFO: [Opt 31-49] Retargeted 0 cell(s).
Phase 3 Retarget | Checksum: 1a4b48c80

Time (s): cpu = 00:00:01 ; elapsed = 00:02:59 . Memory (MB): peak = 1926.168 ; gain = 22.316
Retarget | Checksum: 1a4b48c80
INFO: [Opt 31-389] Phase Retarget created 0 cells and removed 6 cells
INFO: [Opt 31-1021] In phase Retarget, 388 netlist objects are constrained preventing optimization. Please run opt_design with -debug_log to get more detail.

Phase 4 Constant propagation
INFO: [Opt 31-138] Pushed 0 inverter(s) to 0 load pin(s).
Phase 4 Constant propagation | Checksum: 1b6b6995c

Time (s): cpu = 00:00:01 ; elapsed = 00:02:59 . Memory (MB): peak = 1926.168 ; gain = 22.316
Constant propagation | Checksum: 1b6b6995c
INFO: [Opt 31-389] Phase Constant propagation created 0 cells and removed 0 cells
INFO: [Opt 31-1021] In phase Constant propagation, 385 netlist objects are constrained preventing optimization. Please run opt_design with -debug_log to get more detail.

Phase 5 Sweep
INFO: [Constraints 18-11670] Building netlist checker database with flags, 0x8
Done building netlist checker database: Time (s): cpu = 00:00:00 ; elapsed = 00:00:00 . Memory (MB): peak = 1926.168 ; gain = 0.000
INFO: [Constraints 18-11670] Building netlist checker database with flags, 0x8
Done building netlist checker database: Time (s): cpu = 00:00:00 ; elapsed = 00:00:00 . Memory (MB): peak = 1926.168 ; gain = 0.000
Phase 5 Sweep | Checksum: 101599e60

Time (s): cpu = 00:00:01 ; elapsed = 00:02:59 . Memory (MB): peak = 1926.168 ; gain = 22.316
Sweep | Checksum: 101599e60
INFO: [Opt 31-389] Phase Sweep created 0 cells and removed 0 cells
INFO: [Opt 31-1021] In phase Sweep, 1757 netlist objects are constrained preventing optimization. Please run opt_design with -debug_log to get more detail.

Phase 6 BUFG optimization
Phase 6 BUFG optimization | Checksum: 101599e60

Time (s): cpu = 00:00:01 ; elapsed = 00:02:59 . Memory (MB): peak = 1926.168 ; gain = 22.316
BUFG optimization | Checksum: 101599e60
INFO: [Opt 31-662] Phase BUFG optimization created 0 cells of which 0 are BUFGs and removed 0 cells.

Phase 7 Shift Register Optimization
INFO: [Opt 31-1064] SRL Remap converted 0 SRLs to 0 registers and converted 0 registers of register chains to 0 SRLs
Phase 7 Shift Register Optimization | Checksum: 101599e60

Time (s): cpu = 00:00:01 ; elapsed = 00:02:59 . Memory (MB): peak = 1926.168 ; gain = 22.316
Shift Register Optimization | Checksum: 101599e60
INFO: [Opt 31-389] Phase Shift Register Optimization created 0 cells and removed 0 cells

Phase 8 Post Processing Netlist
Phase 8 Post Processing Netlist | Checksum: 101599e60

Time (s): cpu = 00:00:01 ; elapsed = 00:02:59 . Memory (MB): peak = 1926.168 ; gain = 22.316
Post Processing Netlist | Checksum: 101599e60
INFO: [Opt 31-389] Phase Post Processing Netlist created 0 cells and removed 0 cells
INFO: [Opt 31-1021] In phase Post Processing Netlist, 393 netlist objects are constrained preventing optimization. Please run opt_design with -debug_log to get more detail.

Phase 9 Finalization

Phase 9.1 Finalizing Design Cores and Updating Shapes
Phase 9.1 Finalizing Design Cores and Updating Shapes | Checksum: 112ebfe3f

Time (s): cpu = 00:00:01 ; elapsed = 00:02:59 . Memory (MB): peak = 1926.168 ; gain = 22.316

Phase 9.2 Verifying Netlist Connectivity

Starting Connectivity Check Task

Time (s): cpu = 00:00:00 ; elapsed = 00:00:00.009 . Memory (MB): peak = 1926.168 ; gain = 0.000
Phase 9.2 Verifying Netlist Connectivity | Checksum: 112ebfe3f

Time (s): cpu = 00:00:01 ; elapsed = 00:02:59 . Memory (MB): peak = 1926.168 ; gain = 22.316
Phase 9 Finalization | Checksum: 112ebfe3f

Time (s): cpu = 00:00:01 ; elapsed = 00:02:59 . Memory (MB): peak = 1926.168 ; gain = 22.316
Opt_design Change Summary
=========================


-------------------------------------------------------------------------------------------------------------------------
|  Phase                        |  #Cells created  |  #Cells Removed  |  #Constrained objects preventing optimizations  |
-------------------------------------------------------------------------------------------------------------------------
|  Retarget                     |               0  |               6  |                                            388  |
|  Constant propagation         |               0  |               0  |                                            385  |
|  Sweep                        |               0  |               0  |                                           1757  |
|  BUFG optimization            |               0  |               0  |                                              0  |
|  Shift Register Optimization  |               0  |               0  |                                              0  |
|  Post Processing Netlist      |               0  |               0  |                                            393  |
-------------------------------------------------------------------------------------------------------------------------


Ending Logic Optimization Task | Checksum: 112ebfe3f

Time (s): cpu = 00:00:01 ; elapsed = 00:02:59 . Memory (MB): peak = 1926.168 ; gain = 22.316

Starting Power Optimization Task
INFO: [Pwropt 34-132] Skipping clock gating for clocks with a period < 2.00 ns.
Ending Power Optimization Task | Checksum: 112ebfe3f

Time (s): cpu = 00:00:00 ; elapsed = 00:00:00.016 . Memory (MB): peak = 1926.168 ; gain = 0.000

Starting Final Cleanup Task
Ending Final Cleanup Task | Checksum: 112ebfe3f

Time (s): cpu = 00:00:00 ; elapsed = 00:00:00.001 . Memory (MB): peak = 1926.168 ; gain = 0.000

Starting Netlist Obfuscation Task
Netlist sorting complete. Time (s): cpu = 00:00:00 ; elapsed = 00:00:00.001 . Memory (MB): peak = 1926.168 ; gain = 0.000
Ending Netlist Obfuscation Task | Checksum: 112ebfe3f

Time (s): cpu = 00:00:00 ; elapsed = 00:00:00.002 . Memory (MB): peak = 1926.168 ; gain = 0.000
INFO: [Common 17-83] Releasing license: Implementation
42 Infos, 0 Warnings, 0 Critical Warnings and 0 Errors encountered.
opt_design completed successfully
opt_design: Time (s): cpu = 00:00:40 ; elapsed = 00:03:42 . Memory (MB): peak = 1926.168 ; gain = 1027.266
INFO: [Vivado 12-24828] Executing command : report_drc -file radar_top_drc_opted.rpt -pb radar_top_drc_opted.pb -rpx radar_top_drc_opted.rpx
Command: report_drc -file radar_top_drc_opted.rpt -pb radar_top_drc_opted.pb -rpx radar_top_drc_opted.rpx
INFO: [IP_Flow 19-1839] IP Catalog is up to date.
INFO: [DRC 23-27] Running DRC with 2 threads
INFO: [Vivado_Tcl 2-168] The results of DRC are in file C:/Users/yamle/OneDrive/Desktop/Project2_Radar_Final/Build/run_20261008_222502/project2_radar.runs/impl_1/radar_top_drc_opted.rpt.
report_drc completed successfully
INFO: [Timing 38-480] Writing timing data to binary archive.
Wrote PlaceDB: Time (s): cpu = 00:00:00 ; elapsed = 00:00:00.002 . Memory (MB): peak = 1926.168 ; gain = 0.000
Write ShapeDB Complete: Time (s): cpu = 00:00:00 ; elapsed = 00:00:00.008 . Memory (MB): peak = 1926.168 ; gain = 0.000
Wrote PulsedLatchDB: Time (s): cpu = 00:00:00 ; elapsed = 00:00:00.001 . Memory (MB): peak = 1926.168 ; gain = 0.000
Writing XDEF routing.
Writing XDEF routing logical nets.
Writing XDEF routing special nets.
Wrote RouteStorage: Time (s): cpu = 00:00:01 ; elapsed = 00:00:00.029 . Memory (MB): peak = 1926.168 ; gain = 0.000
Wrote Netlist Cache: Time (s): cpu = 00:00:00 ; elapsed = 00:00:00 . Memory (MB): peak = 1926.168 ; gain = 0.000
Wrote Device Cache: Time (s): cpu = 00:00:00 ; elapsed = 00:00:00.008 . Memory (MB): peak = 1926.168 ; gain = 0.000
Write Physdb Complete: Time (s): cpu = 00:00:01 ; elapsed = 00:00:00.050 . Memory (MB): peak = 1926.168 ; gain = 0.000
INFO: [Common 17-1381] The checkpoint 'C:/Users/yamle/OneDrive/Desktop/Project2_Radar_Final/Build/run_20261008_222502/project2_radar.runs/impl_1/radar_top_opt.dcp' has been generated.
INFO: [Chipscope 16-240] Debug cores have already been implemented
Command: place_design
Attempting to get a license for feature 'Implementation' and/or device 'xc7z020'
INFO: [Common 17-349] Got license for feature 'Implementation' and/or device 'xc7z020'
INFO: [Common 17-83] Releasing license: Implementation
INFO: [DRC 23-27] Running DRC with 2 threads
INFO: [Vivado_Tcl 4-198] DRC finished with 0 Errors
INFO: [Vivado_Tcl 4-199] Please refer to the DRC report (report_drc) for more information.
Running DRC as a precondition to command place_design
INFO: [DRC 23-27] Running DRC with 2 threads
INFO: [Vivado_Tcl 4-198] DRC finished with 0 Errors
INFO: [Vivado_Tcl 4-199] Please refer to the DRC report (report_drc) for more information.
INFO: [Place 30-611] Multithreading enabled for place_design using a maximum of 2 CPUs

Starting Placer Task

Phase 1 Placer Initialization

Phase 1.1 Placer Initialization Netlist Sorting
Netlist sorting complete. Time (s): cpu = 00:00:00 ; elapsed = 00:00:00.004 . Memory (MB): peak = 1926.168 ; gain = 0.000
Phase 1.1 Placer Initialization Netlist Sorting | Checksum: be93c72f

Time (s): cpu = 00:00:00 ; elapsed = 00:00:00.013 . Memory (MB): peak = 1926.168 ; gain = 0.000
Netlist sorting complete. Time (s): cpu = 00:00:00 ; elapsed = 00:00:00.006 . Memory (MB): peak = 1926.168 ; gain = 0.000

Phase 1.2 IO Placement/ Clock Placement/ Build Placer Device
INFO: [Timing 38-35] Done setting XDC timing constraints.
Phase 1.2 IO Placement/ Clock Placement/ Build Placer Device | Checksum: d2516a29

Time (s): cpu = 00:00:04 ; elapsed = 00:00:03 . Memory (MB): peak = 1926.168 ; gain = 0.000

Phase 1.3 Build Placer Netlist Model
Phase 1.3 Build Placer Netlist Model | Checksum: 121de80bf

Time (s): cpu = 00:00:08 ; elapsed = 00:00:07 . Memory (MB): peak = 1926.168 ; gain = 0.000

Phase 1.4 Constrain Clocks/Macros
Phase 1.4 Constrain Clocks/Macros | Checksum: 121de80bf

Time (s): cpu = 00:00:08 ; elapsed = 00:00:07 . Memory (MB): peak = 1926.168 ; gain = 0.000
Phase 1 Placer Initialization | Checksum: 121de80bf

Time (s): cpu = 00:00:08 ; elapsed = 00:00:07 . Memory (MB): peak = 1926.168 ; gain = 0.000

Phase 2 Global Placement

Phase 2.1 Floorplanning
Phase 2.1 Floorplanning | Checksum: 11397cae8

Time (s): cpu = 00:00:10 ; elapsed = 00:00:08 . Memory (MB): peak = 1926.168 ; gain = 0.000

Phase 2.2 Update Timing before SLR Path Opt
Phase 2.2 Update Timing before SLR Path Opt | Checksum: ed4410d1

Time (s): cpu = 00:00:11 ; elapsed = 00:00:08 . Memory (MB): peak = 1926.168 ; gain = 0.000

Phase 2.3 Post-Processing in Floorplanning
Phase 2.3 Post-Processing in Floorplanning | Checksum: ed4410d1

Time (s): cpu = 00:00:11 ; elapsed = 00:00:08 . Memory (MB): peak = 1926.168 ; gain = 0.000

Phase 2.4 Global Place Phase1
Phase 2.4 Global Place Phase1 | Checksum: 15489f1ac

Time (s): cpu = 00:00:15 ; elapsed = 00:00:12 . Memory (MB): peak = 1926.168 ; gain = 0.000

Phase 2.5 Global Place Phase2

Phase 2.5.1 UpdateTiming Before Physical Synthesis
Phase 2.5.1 UpdateTiming Before Physical Synthesis | Checksum: 1c2c42750

Time (s): cpu = 00:00:18 ; elapsed = 00:00:13 . Memory (MB): peak = 1926.168 ; gain = 0.000

Phase 2.5.2 Physical Synthesis In Placer
INFO: [Physopt 32-1035] Found 0 LUTNM shape to break, 163 LUT instances to create LUTNM shape
INFO: [Physopt 32-1044] Break lutnm for timing: one critical 0, two critical 0, total 0, new lutff created 0
INFO: [Physopt 32-1138] End 1 Pass. Optimized 77 nets or LUTs. Breaked 0 LUT, combined 77 existing LUTs and moved 0 existing LUT
INFO: [Physopt 32-65] No nets found for high-fanout optimization.
INFO: [Physopt 32-232] Optimized 0 net. Created 0 new instance.
INFO: [Physopt 32-775] End 1 Pass. Optimized 0 net or cell. Created 0 new cell, deleted 0 existing cell and moved 0 existing cell
INFO: [Physopt 32-670] No setup violation found.  DSP Register Optimization was not performed.
INFO: [Physopt 32-670] No setup violation found.  Shift Register to Pipeline Optimization was not performed.
INFO: [Physopt 32-670] No setup violation found.  Shift Register Optimization was not performed.
INFO: [Physopt 32-670] No setup violation found.  BRAM Register Optimization was not performed.
INFO: [Physopt 32-670] No setup violation found.  URAM Register Optimization was not performed.
INFO: [Physopt 32-949] No candidate nets found for dynamic/static region interface net replication
INFO: [Physopt 32-775] End 1 Pass. Optimized 0 net or cell. Created 0 new cell, deleted 0 existing cell and moved 0 existing cell
Netlist sorting complete. Time (s): cpu = 00:00:00 ; elapsed = 00:00:00.009 . Memory (MB): peak = 1926.168 ; gain = 0.000

Summary of Physical Synthesis Optimizations
============================================


-----------------------------------------------------------------------------------------------------------------------------------------------------------
|  Optimization                                     |  Added Cells  |  Removed Cells  |  Optimized Cells/Nets  |  Dont Touch  |  Iterations  |  Elapsed   |
-----------------------------------------------------------------------------------------------------------------------------------------------------------
|  LUT Combining                                    |            0  |             77  |                    77  |           0  |           1  |  00:00:00  |
|  Retime                                           |            0  |              0  |                     0  |           0  |           1  |  00:00:00  |
|  Very High Fanout                                 |            0  |              0  |                     0  |           0  |           1  |  00:00:00  |
|  DSP Register                                     |            0  |              0  |                     0  |           0  |           0  |  00:00:00  |
|  Shift Register to Pipeline                       |            0  |              0  |                     0  |           0  |           0  |  00:00:00  |
|  Shift Register                                   |            0  |              0  |                     0  |           0  |           0  |  00:00:00  |
|  BRAM Register                                    |            0  |              0  |                     0  |           0  |           0  |  00:00:00  |
|  URAM Register                                    |            0  |              0  |                     0  |           0  |           0  |  00:00:00  |
|  Dynamic/Static Region Interface Net Replication  |            0  |              0  |                     0  |           0  |           1  |  00:00:00  |
|  Total                                            |            0  |             77  |                    77  |           0  |           4  |  00:00:01  |
-----------------------------------------------------------------------------------------------------------------------------------------------------------


Phase 2.5.2 Physical Synthesis In Placer | Checksum: 1a7710e4c

Time (s): cpu = 00:00:20 ; elapsed = 00:00:15 . Memory (MB): peak = 1926.168 ; gain = 0.000
Phase 2.5 Global Place Phase2 | Checksum: 11f72fca9

Time (s): cpu = 00:00:21 ; elapsed = 00:00:16 . Memory (MB): peak = 1926.168 ; gain = 0.000
Phase 2 Global Placement | Checksum: 11f72fca9

Time (s): cpu = 00:00:21 ; elapsed = 00:00:16 . Memory (MB): peak = 1926.168 ; gain = 0.000

Phase 3 Detail Placement

Phase 3.1 Commit Multi Column Macros
Phase 3.1 Commit Multi Column Macros | Checksum: 1a4601812

Time (s): cpu = 00:00:22 ; elapsed = 00:00:17 . Memory (MB): peak = 1926.168 ; gain = 0.000

Phase 3.2 Commit Most Macros & LUTRAMs
Phase 3.2 Commit Most Macros & LUTRAMs | Checksum: 1c846e393

Time (s): cpu = 00:00:25 ; elapsed = 00:00:19 . Memory (MB): peak = 1926.168 ; gain = 0.000

Phase 3.3 Area Swap Optimization
Phase 3.3 Area Swap Optimization | Checksum: 176129bd5

Time (s): cpu = 00:00:25 ; elapsed = 00:00:19 . Memory (MB): peak = 1926.168 ; gain = 0.000

Phase 3.4 Pipeline Register Optimization
Phase 3.4 Pipeline Register Optimization | Checksum: 221abc0c7

Time (s): cpu = 00:00:25 ; elapsed = 00:00:19 . Memory (MB): peak = 1926.168 ; gain = 0.000

Phase 3.5 Small Shape Detail Placement
Phase 3.5 Small Shape Detail Placement | Checksum: 1f341595a

Time (s): cpu = 00:00:31 ; elapsed = 00:00:25 . Memory (MB): peak = 1926.168 ; gain = 0.000

Phase 3.6 Re-assign LUT pins
Phase 3.6 Re-assign LUT pins | Checksum: 185bda2a0

Time (s): cpu = 00:00:31 ; elapsed = 00:00:26 . Memory (MB): peak = 1926.168 ; gain = 0.000

Phase 3.7 Pipeline Register Optimization
Phase 3.7 Pipeline Register Optimization | Checksum: 1a271d092

Time (s): cpu = 00:00:32 ; elapsed = 00:00:26 . Memory (MB): peak = 1926.168 ; gain = 0.000
Phase 3 Detail Placement | Checksum: 1a271d092

Time (s): cpu = 00:00:32 ; elapsed = 00:00:26 . Memory (MB): peak = 1926.168 ; gain = 0.000

Phase 4 Post Placement Optimization and Clean-Up

Phase 4.1 Post Commit Optimization
INFO: [Timing 38-35] Done setting XDC timing constraints.

Phase 4.1.1 Post Placement Optimization
Post Placement Optimization Initialization | Checksum: 202610c95

Phase 4.1.1.1 BUFG Insertion

Starting Physical Synthesis Task

Phase 1 Physical Synthesis Initialization
INFO: [Physopt 32-721] Multithreading enabled for phys_opt_design using a maximum of 2 CPUs
INFO: [Physopt 32-619] Estimated Timing Summary | WNS=13.936 | TNS=0.000 |
Phase 1 Physical Synthesis Initialization | Checksum: 153f8486e

Time (s): cpu = 00:00:01 ; elapsed = 00:00:00.416 . Memory (MB): peak = 1926.168 ; gain = 0.000
INFO: [Place 46-56] BUFG insertion identified 0 candidate nets. Inserted BUFG: 0, Replicated BUFG Driver: 0, Skipped due to Placement/Routing Conflicts: 0, Skipped due to Timing Degradation: 0, Skipped due to netlist editing failed: 0.
Ending Physical Synthesis Task | Checksum: 19fa174ae

Time (s): cpu = 00:00:01 ; elapsed = 00:00:00.526 . Memory (MB): peak = 1926.168 ; gain = 0.000
Phase 4.1.1.1 BUFG Insertion | Checksum: 202610c95

Time (s): cpu = 00:00:38 ; elapsed = 00:00:30 . Memory (MB): peak = 1926.168 ; gain = 0.000

Phase 4.1.1.2 Post Placement Timing Optimization
INFO: [Place 30-746] Post Placement Timing Summary WNS=13.936. For the most accurate timing information please run report_timing.
Phase 4.1.1.2 Post Placement Timing Optimization | Checksum: 1bde73b00

Time (s): cpu = 00:00:38 ; elapsed = 00:00:30 . Memory (MB): peak = 1926.168 ; gain = 0.000

Time (s): cpu = 00:00:38 ; elapsed = 00:00:30 . Memory (MB): peak = 1926.168 ; gain = 0.000
Phase 4.1 Post Commit Optimization | Checksum: 1bde73b00

Time (s): cpu = 00:00:38 ; elapsed = 00:00:30 . Memory (MB): peak = 1926.168 ; gain = 0.000

Phase 4.2 Post Placement Cleanup
Phase 4.2 Post Placement Cleanup | Checksum: 1bde73b00

Time (s): cpu = 00:00:39 ; elapsed = 00:00:30 . Memory (MB): peak = 1926.168 ; gain = 0.000

Phase 4.3 Placer Reporting

Phase 4.3.1 Print Estimated Congestion
INFO: [Place 30-612] Post-Placement Estimated Congestion
 ____________________________________________________
|           | Global Congestion | Short Congestion  |
| Direction | Region Size       | Region Size       |
|___________|___________________|___________________|
|      North|                1x1|                1x1|
|___________|___________________|___________________|
|      South|                1x1|                1x1|
|___________|___________________|___________________|
|       East|                1x1|                1x1|
|___________|___________________|___________________|
|       West|                1x1|                1x1|
|___________|___________________|___________________|

Phase 4.3.1 Print Estimated Congestion | Checksum: 1bde73b00

Time (s): cpu = 00:00:39 ; elapsed = 00:00:30 . Memory (MB): peak = 1926.168 ; gain = 0.000
Phase 4.3 Placer Reporting | Checksum: 1bde73b00

Time (s): cpu = 00:00:39 ; elapsed = 00:00:30 . Memory (MB): peak = 1926.168 ; gain = 0.000

Phase 4.4 Final Placement Cleanup
Netlist sorting complete. Time (s): cpu = 00:00:00 ; elapsed = 00:00:00.010 . Memory (MB): peak = 1926.168 ; gain = 0.000

Time (s): cpu = 00:00:39 ; elapsed = 00:00:31 . Memory (MB): peak = 1926.168 ; gain = 0.000
Phase 4 Post Placement Optimization and Clean-Up | Checksum: 24d6c4d25

Time (s): cpu = 00:00:39 ; elapsed = 00:00:31 . Memory (MB): peak = 1926.168 ; gain = 0.000
Ending Placer Task | Checksum: 1dace4fc3

Time (s): cpu = 00:00:39 ; elapsed = 00:00:31 . Memory (MB): peak = 1926.168 ; gain = 0.000
78 Infos, 0 Warnings, 0 Critical Warnings and 0 Errors encountered.
place_design completed successfully
place_design: Time (s): cpu = 00:00:41 ; elapsed = 00:00:32 . Memory (MB): peak = 1926.168 ; gain = 0.000
INFO: [Vivado 12-24838] Running report commands "report_control_sets, report_io, report_utilization" in parallel.
Running report generation with 2 threads.
INFO: [Vivado 12-24828] Executing command : report_io -file radar_top_io_placed.rpt
report_io: Time (s): cpu = 00:00:00 ; elapsed = 00:00:00.196 . Memory (MB): peak = 1926.168 ; gain = 0.000
INFO: [Vivado 12-24828] Executing command : report_utilization -file radar_top_utilization_placed.rpt -pb radar_top_utilization_placed.pb
INFO: [Vivado 12-24828] Executing command : report_control_sets -verbose -file radar_top_control_sets_placed.rpt
report_control_sets: Time (s): cpu = 00:00:01 ; elapsed = 00:00:00.077 . Memory (MB): peak = 1926.168 ; gain = 0.000
INFO: [Timing 38-480] Writing timing data to binary archive.
Write ShapeDB Complete: Time (s): cpu = 00:00:00 ; elapsed = 00:00:00.060 . Memory (MB): peak = 1926.168 ; gain = 0.000
Wrote PlaceDB: Time (s): cpu = 00:00:02 ; elapsed = 00:00:01 . Memory (MB): peak = 1927.801 ; gain = 1.633
Wrote PulsedLatchDB: Time (s): cpu = 00:00:00 ; elapsed = 00:00:00 . Memory (MB): peak = 1927.801 ; gain = 0.000
Writing XDEF routing.
Writing XDEF routing logical nets.
Writing XDEF routing special nets.
Wrote RouteStorage: Time (s): cpu = 00:00:00 ; elapsed = 00:00:00.089 . Memory (MB): peak = 1927.801 ; gain = 0.000
Wrote Netlist Cache: Time (s): cpu = 00:00:00 ; elapsed = 00:00:00.017 . Memory (MB): peak = 1927.801 ; gain = 0.000
Wrote Device Cache: Time (s): cpu = 00:00:00 ; elapsed = 00:00:00.017 . Memory (MB): peak = 1927.801 ; gain = 0.000
Write Physdb Complete: Time (s): cpu = 00:00:02 ; elapsed = 00:00:01 . Memory (MB): peak = 1927.801 ; gain = 1.633
INFO: [Common 17-1381] The checkpoint 'C:/Users/yamle/OneDrive/Desktop/Project2_Radar_Final/Build/run_20261008_222502/project2_radar.runs/impl_1/radar_top_placed.dcp' has been generated.
Command: phys_opt_design
Attempting to get a license for feature 'Implementation' and/or device 'xc7z020'
INFO: [Common 17-349] Got license for feature 'Implementation' and/or device 'xc7z020'

Starting Initial Update Timing Task

Time (s): cpu = 00:00:03 ; elapsed = 00:00:02 . Memory (MB): peak = 1927.902 ; gain = 0.102
INFO: [Vivado_Tcl 4-2279] Estimated Timing Summary | WNS= 13.936 | TNS= 0.000 |
INFO: [Vivado_Tcl 4-383] Design worst setup slack (WNS) is greater than or equal to 0.000 ns. All physical synthesis setup optimizations will be skipped.
INFO: [Vivado_Tcl 4-232] No setup violation found. The netlist was not modified.
INFO: [Common 17-83] Releasing license: Implementation
89 Infos, 0 Warnings, 0 Critical Warnings and 0 Errors encountered.
phys_opt_design completed successfully
INFO: [Timing 38-480] Writing timing data to binary archive.
Write ShapeDB Complete: Time (s): cpu = 00:00:00 ; elapsed = 00:00:00.075 . Memory (MB): peak = 1954.730 ; gain = 8.988
Wrote PlaceDB: Time (s): cpu = 00:00:03 ; elapsed = 00:00:01 . Memory (MB): peak = 1960.117 ; gain = 5.387
Wrote PulsedLatchDB: Time (s): cpu = 00:00:00 ; elapsed = 00:00:00 . Memory (MB): peak = 1960.117 ; gain = 0.000
Writing XDEF routing.
Writing XDEF routing logical nets.
Writing XDEF routing special nets.
Wrote RouteStorage: Time (s): cpu = 00:00:00 ; elapsed = 00:00:00.100 . Memory (MB): peak = 1960.117 ; gain = 0.000
Wrote Netlist Cache: Time (s): cpu = 00:00:00 ; elapsed = 00:00:00.030 . Memory (MB): peak = 1960.117 ; gain = 0.000
Wrote Device Cache: Time (s): cpu = 00:00:00 ; elapsed = 00:00:00.037 . Memory (MB): peak = 1960.117 ; gain = 0.000
Write Physdb Complete: Time (s): cpu = 00:00:03 ; elapsed = 00:00:02 . Memory (MB): peak = 1960.117 ; gain = 5.387
INFO: [Common 17-1381] The checkpoint 'C:/Users/yamle/OneDrive/Desktop/Project2_Radar_Final/Build/run_20261008_222502/project2_radar.runs/impl_1/radar_top_physopt.dcp' has been generated.
Command: route_design
Attempting to get a license for feature 'Implementation' and/or device 'xc7z020'
INFO: [Common 17-349] Got license for feature 'Implementation' and/or device 'xc7z020'


Starting Routing Task
INFO: [Route 35-254] Multithreading enabled for route_design using a maximum of 2 CPUs

Phase 1 Build RT Design
Checksum: PlaceDB: ecc78847 ConstDB: 0 ShapeSum: d80d548c RouteDB: 15f972f0
Post Restoration Checksum: NetGraph: 386144c0 | NumContArr: afb4b289 | Constraints: c2a8fa9d | Timing: c2a8fa9d
Phase 1 Build RT Design | Checksum: 26d67ec83

Time (s): cpu = 00:01:02 ; elapsed = 00:00:55 . Memory (MB): peak = 2060.801 ; gain = 100.684

Phase 2 Router Initialization

Phase 2.1 Fix Topology Constraints
Phase 2.1 Fix Topology Constraints | Checksum: 26d67ec83

Time (s): cpu = 00:01:02 ; elapsed = 00:00:55 . Memory (MB): peak = 2060.801 ; gain = 100.684

Phase 2.2 Pre Route Cleanup
Phase 2.2 Pre Route Cleanup | Checksum: 26d67ec83

Time (s): cpu = 00:01:02 ; elapsed = 00:00:55 . Memory (MB): peak = 2060.801 ; gain = 100.684
 Number of Nodes with overlaps = 0

Phase 2.3 Update Timing
Phase 2.3 Update Timing | Checksum: 29b4fc026

Time (s): cpu = 00:01:03 ; elapsed = 00:00:56 . Memory (MB): peak = 2100.859 ; gain = 140.742
INFO: [Route 35-416] Intermediate Timing Summary | WNS=13.957 | TNS=0.000  | WHS=-0.198 | THS=-141.557|


Phase 2.4 Update Timing for Bus Skew

Phase 2.4.1 Update Timing
Phase 2.4.1 Update Timing | Checksum: 1d66e8b0d

Time (s): cpu = 00:01:03 ; elapsed = 00:00:57 . Memory (MB): peak = 2100.859 ; gain = 140.742
INFO: [Route 35-416] Intermediate Timing Summary | WNS=13.957 | TNS=0.000  | WHS=-0.176 | THS=-1.793 |

Phase 2.4 Update Timing for Bus Skew | Checksum: 2469ccb85

Time (s): cpu = 00:01:03 ; elapsed = 00:00:57 . Memory (MB): peak = 2100.859 ; gain = 140.742

Phase 2.5 Soft Constraint Pins - Fast Budgeting
Phase 2.5 Soft Constraint Pins - Fast Budgeting | Checksum: 2469ccb85

Time (s): cpu = 00:01:04 ; elapsed = 00:00:57 . Memory (MB): peak = 2124.910 ; gain = 164.793

Router Utilization Summary
  Global Vertical Routing Utilization    = 0 %
  Global Horizontal Routing Utilization  = 0 %
  Routable Net Status*
  *Does not include unroutable nets such as driverless and loadless.
  Run report_route_status for detailed report.
  Number of Failed Nets               = 4035
    (Failed Nets is the sum of unrouted and partially routed nets)
  Number of Unrouted Nets             = 4035
  Number of Partially Routed Nets     = 0
  Number of Node Overlaps             = 0

Phase 2 Router Initialization | Checksum: 24bf4761b

Time (s): cpu = 00:01:04 ; elapsed = 00:00:57 . Memory (MB): peak = 2124.910 ; gain = 164.793

Phase 3 Global Routing
Phase 3 Global Routing | Checksum: 24bf4761b

Time (s): cpu = 00:01:04 ; elapsed = 00:00:57 . Memory (MB): peak = 2124.910 ; gain = 164.793

Phase 4 Initial Routing

Phase 4.1 Initial Net Routing Pass
Phase 4.1 Initial Net Routing Pass | Checksum: 205f1d28b

Time (s): cpu = 00:01:04 ; elapsed = 00:00:57 . Memory (MB): peak = 2124.910 ; gain = 164.793
Phase 4 Initial Routing | Checksum: 205f1d28b

Time (s): cpu = 00:01:04 ; elapsed = 00:00:57 . Memory (MB): peak = 2124.910 ; gain = 164.793

Phase 5 Rip-up And Reroute

Phase 5.1 Global Iteration 0
 Number of Nodes with overlaps = 190
 Number of Nodes with overlaps = 2
 Number of Nodes with overlaps = 0
INFO: [Route 35-416] Intermediate Timing Summary | WNS=12.063 | TNS=0.000  | WHS=N/A    | THS=N/A    |

Phase 5.1 Global Iteration 0 | Checksum: 34cebae57

Time (s): cpu = 00:01:05 ; elapsed = 00:00:58 . Memory (MB): peak = 2124.910 ; gain = 164.793

Phase 5.2 Global Iteration 1
 Number of Nodes with overlaps = 0
INFO: [Route 35-416] Intermediate Timing Summary | WNS=12.063 | TNS=0.000  | WHS=N/A    | THS=N/A    |

Phase 5.2 Global Iteration 1 | Checksum: 25bde8faf

Time (s): cpu = 00:01:05 ; elapsed = 00:00:58 . Memory (MB): peak = 2124.910 ; gain = 164.793
Phase 5 Rip-up And Reroute | Checksum: 25bde8faf

Time (s): cpu = 00:01:05 ; elapsed = 00:00:58 . Memory (MB): peak = 2124.910 ; gain = 164.793

Phase 6 Delay and Skew Optimization

Phase 6.1 Delay CleanUp
Phase 6.1 Delay CleanUp | Checksum: 25bde8faf

Time (s): cpu = 00:01:05 ; elapsed = 00:00:58 . Memory (MB): peak = 2124.910 ; gain = 164.793

Phase 6.2 Clock Skew Optimization
Phase 6.2 Clock Skew Optimization | Checksum: 25bde8faf

Time (s): cpu = 00:01:05 ; elapsed = 00:00:58 . Memory (MB): peak = 2124.910 ; gain = 164.793
Phase 6 Delay and Skew Optimization | Checksum: 25bde8faf

Time (s): cpu = 00:01:05 ; elapsed = 00:00:58 . Memory (MB): peak = 2124.910 ; gain = 164.793

Phase 7 Post Hold Fix

Phase 7.1 Hold Fix Iter
INFO: [Route 35-416] Intermediate Timing Summary | WNS=12.177 | TNS=0.000  | WHS=0.017  | THS=0.000  |

Phase 7.1 Hold Fix Iter | Checksum: 20f141713

Time (s): cpu = 00:01:05 ; elapsed = 00:00:58 . Memory (MB): peak = 2124.910 ; gain = 164.793
Phase 7 Post Hold Fix | Checksum: 20f141713

Time (s): cpu = 00:01:05 ; elapsed = 00:00:58 . Memory (MB): peak = 2124.910 ; gain = 164.793

Phase 8 Route finalize

Router Utilization Summary
  Global Vertical Routing Utilization    = 0.549394 %
  Global Horizontal Routing Utilization  = 0.678245 %
  Routable Net Status*
  *Does not include unroutable nets such as driverless and loadless.
  Run report_route_status for detailed report.
  Number of Failed Nets               = 0
    (Failed Nets is the sum of unrouted and partially routed nets)
  Number of Unrouted Nets             = 0
  Number of Partially Routed Nets     = 0
  Number of Node Overlaps             = 0

Phase 8 Route finalize | Checksum: 20f141713

Time (s): cpu = 00:01:05 ; elapsed = 00:00:58 . Memory (MB): peak = 2124.910 ; gain = 164.793

Phase 9 Verifying routed nets

 Verification completed successfully
Phase 9 Verifying routed nets | Checksum: 20f141713

Time (s): cpu = 00:01:05 ; elapsed = 00:00:58 . Memory (MB): peak = 2124.910 ; gain = 164.793

Phase 10 Depositing Routes
Phase 10 Depositing Routes | Checksum: 1a2971d34

Time (s): cpu = 00:01:05 ; elapsed = 00:00:58 . Memory (MB): peak = 2124.910 ; gain = 164.793

Phase 11 Post Process Routing
Phase 11 Post Process Routing | Checksum: 1a2971d34

Time (s): cpu = 00:01:05 ; elapsed = 00:00:58 . Memory (MB): peak = 2124.910 ; gain = 164.793

Phase 12 Post Router Timing
INFO: [Route 35-57] Estimated Timing Summary | WNS=12.177 | TNS=0.000  | WHS=0.017  | THS=0.000  |

INFO: [Route 35-327] The final timing numbers are based on the router estimated timing analysis. For a complete and accurate timing signoff, please run report_timing_summary.
Phase 12 Post Router Timing | Checksum: 1a2971d34

Time (s): cpu = 00:01:05 ; elapsed = 00:00:58 . Memory (MB): peak = 2124.910 ; gain = 164.793
Total Elapsed time in route_design: 57.855 secs

Phase 13 Post-Route Event Processing
Phase 13 Post-Route Event Processing | Checksum: 1ff56caa2

Time (s): cpu = 00:01:05 ; elapsed = 00:00:58 . Memory (MB): peak = 2124.910 ; gain = 164.793
INFO: [Route 35-16] Router Completed Successfully
Ending Routing Task | Checksum: 1ff56caa2

Time (s): cpu = 00:01:05 ; elapsed = 00:00:58 . Memory (MB): peak = 2124.910 ; gain = 164.793

Routing Is Done.
INFO: [Common 17-83] Releasing license: Implementation
102 Infos, 0 Warnings, 0 Critical Warnings and 0 Errors encountered.
route_design completed successfully
route_design: Time (s): cpu = 00:01:05 ; elapsed = 00:00:58 . Memory (MB): peak = 2124.910 ; gain = 164.793
INFO: [Vivado 12-24828] Executing command : report_drc -file radar_top_drc_routed.rpt -pb radar_top_drc_routed.pb -rpx radar_top_drc_routed.rpx
Command: report_drc -file radar_top_drc_routed.rpt -pb radar_top_drc_routed.pb -rpx radar_top_drc_routed.rpx
INFO: [IP_Flow 19-1839] IP Catalog is up to date.
INFO: [DRC 23-27] Running DRC with 2 threads
INFO: [Vivado_Tcl 2-168] The results of DRC are in file C:/Users/yamle/OneDrive/Desktop/Project2_Radar_Final/Build/run_20261008_222502/project2_radar.runs/impl_1/radar_top_drc_routed.rpt.
report_drc completed successfully
INFO: [Vivado 12-24828] Executing command : report_methodology -file radar_top_methodology_drc_routed.rpt -pb radar_top_methodology_drc_routed.pb -rpx radar_top_methodology_drc_routed.rpx
Command: report_methodology -file radar_top_methodology_drc_routed.rpt -pb radar_top_methodology_drc_routed.pb -rpx radar_top_methodology_drc_routed.rpx
INFO: [Timing 38-35] Done setting XDC timing constraints.
INFO: [DRC 23-133] Running Methodology with 2 threads
INFO: [Vivado_Tcl 2-1520] The results of Report Methodology are in file C:/Users/yamle/OneDrive/Desktop/Project2_Radar_Final/Build/run_20261008_222502/project2_radar.runs/impl_1/radar_top_methodology_drc_routed.rpt.
report_methodology completed successfully
INFO: [Vivado 12-24828] Executing command : report_timing_summary -max_paths 10 -routable_nets -report_unconstrained -file radar_top_timing_summary_routed.rpt -pb radar_top_timing_summary_routed.pb -rpx radar_top_timing_summary_routed.rpx -warn_on_violation
INFO: [Timing 38-35] Done setting XDC timing constraints.
INFO: [Timing 38-91] UpdateTimingParams: Speed grade: -1, Delay Type: min_max.
INFO: [Timing 38-191] Multithreading enabled for timing update using a maximum of 2 CPUs
WARNING: [Timing 38-436] There are set_bus_skew constraint(s) in this design. Please run report_bus_skew to ensure that bus skew requirements are met.
INFO: [Vivado 12-24838] Running report commands "report_incremental_reuse, report_route_status" in parallel.
Running report generation with 2 threads.
INFO: [Vivado 12-24828] Executing command : report_incremental_reuse -file radar_top_incremental_reuse_routed.rpt
INFO: [Vivado_Tcl 4-1062] Incremental flow is disabled. No incremental reuse Info to report.
INFO: [Vivado 12-24828] Executing command : report_route_status -file radar_top_route_status.rpt -pb radar_top_route_status.pb
INFO: [Vivado 12-24828] Executing command : report_power -file radar_top_power_routed.rpt -pb radar_top_power_summary_routed.pb -rpx radar_top_power_routed.rpx
Command: report_power -file radar_top_power_routed.rpt -pb radar_top_power_summary_routed.pb -rpx radar_top_power_routed.rpx
Running Vector-less Activity Propagation...

Finished Running Vector-less Activity Propagation
WARNING: [Power 33-332] Found switching activity that implies high-fanout reset nets being asserted for excessive periods of time which may result in inaccurate power analysis.
Resolution: To review and fix problems, please run Power Constraints Advisor in the GUI from Tools > Power Constraints Advisor or run report_power with the -advisory option to generate a text report.
119 Infos, 2 Warnings, 0 Critical Warnings and 0 Errors encountered.
report_power completed successfully
INFO: [Vivado 12-24828] Executing command : report_clock_utilization -file radar_top_clock_utilization_routed.rpt
INFO: [Vivado 12-24828] Executing command : report_bus_skew -warn_on_violation -file radar_top_bus_skew_routed.rpt -pb radar_top_bus_skew_routed.pb -rpx radar_top_bus_skew_routed.rpx
INFO: [Timing 38-91] UpdateTimingParams: Speed grade: -1, Delay Type: min_max.
INFO: [Timing 38-191] Multithreading enabled for timing update using a maximum of 2 CPUs
generate_parallel_reports: Time (s): cpu = 00:00:14 ; elapsed = 00:00:09 . Memory (MB): peak = 2178.898 ; gain = 53.988
INFO: [Timing 38-480] Writing timing data to binary archive.
Write ShapeDB Complete: Time (s): cpu = 00:00:00 ; elapsed = 00:00:00.070 . Memory (MB): peak = 2190.445 ; gain = 10.867
Wrote PlaceDB: Time (s): cpu = 00:00:02 ; elapsed = 00:00:00.951 . Memory (MB): peak = 2196.480 ; gain = 8.012
Wrote PulsedLatchDB: Time (s): cpu = 00:00:00 ; elapsed = 00:00:00 . Memory (MB): peak = 2196.480 ; gain = 0.000
Writing XDEF routing.
Writing XDEF routing logical nets.
Writing XDEF routing special nets.
Wrote RouteStorage: Time (s): cpu = 00:00:00 ; elapsed = 00:00:00.211 . Memory (MB): peak = 2196.480 ; gain = 0.000
Wrote Netlist Cache: Time (s): cpu = 00:00:01 ; elapsed = 00:00:00.029 . Memory (MB): peak = 2196.480 ; gain = 0.000
Wrote Device Cache: Time (s): cpu = 00:00:00 ; elapsed = 00:00:00.035 . Memory (MB): peak = 2196.480 ; gain = 0.000
Write Physdb Complete: Time (s): cpu = 00:00:03 ; elapsed = 00:00:01 . Memory (MB): peak = 2196.480 ; gain = 8.012
INFO: [Common 17-1381] The checkpoint 'C:/Users/yamle/OneDrive/Desktop/Project2_Radar_Final/Build/run_20261008_222502/project2_radar.runs/impl_1/radar_top_routed.dcp' has been generated.
INFO: [Common 17-206] Exiting Vivado at Thu Oct  8 22:38:40 2026...
[Thu Oct  8 22:38:41 2026] impl_1 finished
wait_on_runs: Time (s): cpu = 00:00:02 ; elapsed = 00:06:28 . Memory (MB): peak = 536.242 ; gain = 0.000
INFO: [Device 21-403] Loading part xc7z020clg400-1
Netlist sorting complete. Time (s): cpu = 00:00:00 ; elapsed = 00:00:00.158 . Memory (MB): peak = 771.449 ; gain = 0.000
INFO: [Netlist 29-17] Analyzing 215 Unisim elements for replacement
INFO: [Netlist 29-28] Unisim Transformation completed in 0 CPU seconds
INFO: [Project 1-479] Netlist was created with Vivado 2025.1.1
INFO: [Project 1-570] Preparing netlist for logic optimization
Read ShapeDB Complete: Time (s): cpu = 00:00:00 ; elapsed = 00:00:00.067 . Memory (MB): peak = 879.148 ; gain = 1.480
INFO: [Timing 38-478] Restoring timing data from binary archive.
INFO: [Timing 38-479] Binary timing data restore complete.
INFO: [Project 1-856] Restoring constraints from binary archive.
INFO: [Project 1-853] Binary constraint restore complete.
INFO: [Designutils 20-5722] Start Reading Physical Databases.
Reading placement.
Read Netlist Cache: Time (s): cpu = 00:00:00 ; elapsed = 00:00:00.005 . Memory (MB): peak = 1492.840 ; gain = 0.000
Reading placer database...
Read Device Cache: Time (s): cpu = 00:00:00 ; elapsed = 00:00:00.011 . Memory (MB): peak = 1492.840 ; gain = 0.000
Read PlaceDB: Time (s): cpu = 00:00:00 ; elapsed = 00:00:00.106 . Memory (MB): peak = 1492.840 ; gain = 0.000
Read PulsedLatchDB: Time (s): cpu = 00:00:00 ; elapsed = 00:00:00 . Memory (MB): peak = 1492.840 ; gain = 0.000
Reading routing.
Read RouteStorage: Time (s): cpu = 00:00:00 ; elapsed = 00:00:00.033 . Memory (MB): peak = 1492.840 ; gain = 0.000
Read Physdb Files: Time (s): cpu = 00:00:00 ; elapsed = 00:00:00.166 . Memory (MB): peak = 1492.840 ; gain = 0.000
Restored from archive | CPU: 0.000000 secs | Memory: 0.000000 MB |
Finished XDEF File Restore: Time (s): cpu = 00:00:00 ; elapsed = 00:00:00.198 . Memory (MB): peak = 1492.840 ; gain = 6.008
Netlist sorting complete. Time (s): cpu = 00:00:00 ; elapsed = 00:00:00.002 . Memory (MB): peak = 1492.840 ; gain = 0.000
INFO: [Project 1-111] Unisim Transformation Summary:
  A total of 6 instances were transformed.
  RAM32M => RAM32M (RAMD32(x6), RAMS32(x2)): 6 instances

open_run: Time (s): cpu = 00:00:30 ; elapsed = 00:00:37 . Memory (MB): peak = 1492.840 ; gain = 956.598
INFO: [Timing 38-91] UpdateTimingParams: Speed grade: -1, Delay Type: min_max.
INFO: [Timing 38-191] Multithreading enabled for timing update using a maximum of 2 CPUs
WARNING: [Timing 38-436] There are set_bus_skew constraint(s) in this design. Please run report_bus_skew to ensure that bus skew requirements are met.
Command: report_drc -file C:/Users/yamle/OneDrive/Desktop/Project2_Radar_Final/Reports/drc.rpt
INFO: [IP_Flow 19-1839] IP Catalog is up to date.
INFO: [DRC 23-27] Running DRC with 2 threads
INFO: [Vivado_Tcl 2-168] The results of DRC are in file C:/Users/yamle/OneDrive/Desktop/Project2_Radar_Final/Reports/drc.rpt.
report_drc completed successfully
report_drc: Time (s): cpu = 00:00:14 ; elapsed = 00:00:08 . Memory (MB): peak = 1628.395 ; gain = 125.578
Command: report_methodology -file C:/Users/yamle/OneDrive/Desktop/Project2_Radar_Final/Reports/methodology.rpt
INFO: [Timing 38-35] Done setting XDC timing constraints.
INFO: [DRC 23-133] Running Methodology with 2 threads
INFO: [Vivado_Tcl 2-1520] The results of Report Methodology are in file C:/Users/yamle/OneDrive/Desktop/Project2_Radar_Final/Reports/methodology.rpt.
report_methodology completed successfully
report_methodology: Time (s): cpu = 00:00:24 ; elapsed = 00:00:13 . Memory (MB): peak = 1654.270 ; gain = 25.875
INFO: [Timing 38-35] Done setting XDC timing constraints.
INFO: [Timing 38-91] UpdateTimingParams: Speed grade: -1, Delay Type: min_max.
INFO: [Timing 38-191] Multithreading enabled for timing update using a maximum of 2 CPUs
Command: write_bitstream -force C:/Users/yamle/OneDrive/Desktop/Project2_Radar_Final/Hardware/radar_top.bit
Attempting to get a license for feature 'Implementation' and/or device 'xc7z020'
INFO: [Common 17-349] Got license for feature 'Implementation' and/or device 'xc7z020'
Running DRC as a precondition to command write_bitstream
INFO: [IP_Flow 19-1839] IP Catalog is up to date.
INFO: [DRC 23-27] Running DRC with 2 threads
INFO: [Vivado 12-3199] DRC finished with 0 Errors
INFO: [Vivado 12-3200] Please refer to the DRC report (report_drc) for more information.
INFO: [Designutils 20-2272] Running write_bitstream with 2 threads.
Loading data files...
Loading site data...
Loading route data...
Processing options...
Creating bitmap...
Creating bitstream...
Writing bitstream C:/Users/yamle/OneDrive/Desktop/Project2_Radar_Final/Hardware/radar_top.bit...
INFO: [Vivado 12-1842] Bitgen Completed Successfully.
INFO: [Project 1-1876] WebTalk data collection is mandatory when using a ULT device. To see the specific WebTalk data collected for your design, open the usage_statistics_webtalk.html or usage_statistics_webtalk.xml file in the implementation directory.
INFO: [Common 17-83] Releasing license: Implementation
11 Infos, 0 Warnings, 0 Critical Warnings and 0 Errors encountered.
write_bitstream completed successfully
write_bitstream: Time (s): cpu = 00:00:40 ; elapsed = 00:00:30 . Memory (MB): peak = 2173.906 ; gain = 519.637
INFO: [Timing 38-480] Writing timing data to binary archive.
Write ShapeDB Complete: Time (s): cpu = 00:00:00 ; elapsed = 00:00:00.061 . Memory (MB): peak = 2173.906 ; gain = 0.000
Wrote PlaceDB: Time (s): cpu = 00:00:02 ; elapsed = 00:00:01 . Memory (MB): peak = 2173.906 ; gain = 0.000
Wrote PulsedLatchDB: Time (s): cpu = 00:00:00 ; elapsed = 00:00:00 . Memory (MB): peak = 2173.906 ; gain = 0.000
Writing XDEF routing.
Writing XDEF routing logical nets.
Writing XDEF routing special nets.
Wrote RouteStorage: Time (s): cpu = 00:00:00 ; elapsed = 00:00:00.272 . Memory (MB): peak = 2173.906 ; gain = 0.000
Wrote Netlist Cache: Time (s): cpu = 00:00:00 ; elapsed = 00:00:00.025 . Memory (MB): peak = 2173.906 ; gain = 0.000
Wrote Device Cache: Time (s): cpu = 00:00:01 ; elapsed = 00:00:00.035 . Memory (MB): peak = 2173.906 ; gain = 0.000
Write Physdb Complete: Time (s): cpu = 00:00:03 ; elapsed = 00:00:02 . Memory (MB): peak = 2173.906 ; gain = 0.000
INFO: [Common 17-1381] The checkpoint 'C:/Users/yamle/OneDrive/Desktop/Project2_Radar_Final/Reports/routed_design.dcp' has been generated.
PROJECT 2 BUILD SUCCESS: Hardware/radar_top.bit and Hardware/radar_top.ltx
INFO: [Common 17-206] Exiting Vivado at Thu Oct  8 22:40:16 2026...

PROJECT 2 BUILD SUCCESS. Read START_HERE.md for board programming.
Press any key to continue . . .